W/SignalStrength(  507): getGsmLevel. this.mGsmSignalBar=4, getGsmSignalStrength()== 14
W/SignalStrength(  507): getGsmLevel=4
W/SignalStrength(  507): getLevel=4 (SignalStrength: 14 255 -120 -160 -120 -1 -1 99 2147483647 -32767 2147483647 -32767 gsm|lte 4)
D/StatusBar-NetworkControllerDS(  507): refreshViews connected={ wifi } level=4|?? combinedSignalIconId=0x7f0200ed/com.android.systemui:drawable/stat_sys_wifi_signal_3 combinedActivityIconId=0x7f0200da mAirplaneMode=false mDataActivity1=0 mDataActivity2=0 mPhoneSignalIconId1=0x7f0200cf mPhoneSignalIconId2=0x0 mLastPhoneSignalIconId1=0x7f0200cf mLastPhoneSignalIconId2=0x0 mDataDirectionIconId1=0x7f0200bf mDataDirectionIconId2=0x7f0200bf mDataSignalIconId1=0x7f0200cf mDataSignalIconId2=0x0 mDataTypeIconId1=0x0 mDataTypeIconId2=0x0 mWifiIconId=0x7f0200ed mRoamingIconId1=0x0 mRoamingIconId2=0x0 mBluetoothTetherIconId=0x10806ce
D/SignalClusterView(  507): wifi: VISIBLE sig=2130837741 act=2130837722
D/SignalClusterView(  507): mobile1: VISIBLE sig=2130837711 act=0 typ=0
D/SignalClusterView(  507): mobile2: VISIBLE sig=0 act=0 typ=0
D/SignalClusterView(  507): wifi: VISIBLE sig=2130837741 act=2130837722
D/SignalClusterView(  507): mobile1: VISIBLE sig=2130837711 act=0 typ=0
D/SignalClusterView(  507): mobile2: VISIBLE sig=0 act=0 typ=0
D/SignalClusterView(  507): wifi: VISIBLE sig=2130837741 act=2130837722
D/SignalClusterView(  507): mobile1: VISIBLE sig=2130837711 act=0 typ=0
D/SignalClusterView(  507): mobile2: VISIBLE sig=0 act=0 typ=0
D/StatusBar-NetworkControllerDS(  507): changing data overlay icon id to 2130837722
D/LibQmg_native(16144): register_android_app_LibQmg
D/AndroidRuntime(16144): Calling main entry com.android.commands.am.Am
D/AndroidRuntime(16179): 
D/AndroidRuntime(16179): >>>>>> AndroidRuntime START com.android.internal.os.RuntimeInit <<<<<<
D/AndroidRuntime(16179): CheckJNI is OFF
D/AndroidRuntime(16179): setted country_code = India
D/AndroidRuntime(16179): setted countryiso_code = IN
D/AndroidRuntime(16179): setted sales_code = INS
D/AndroidRuntime(16179): readGMSProperty: start
D/AndroidRuntime(16179): readGMSProperty: already setted!!
D/AndroidRuntime(16179): readGMSProperty: end
D/dalvikvm( 9960): GC_EXPLICIT freed 1189K, 26% free 12206K/16483K, paused 10ms+101ms
E/SMD     (  106): DCD ON
D/LibQmg_native(16179): register_android_app_LibQmg
D/AndroidRuntime(16179): Calling main entry com.android.commands.am.Am
E/DataRouter(  126): init_cur_sock
E/DataRouter(  126): dr_usb_deinit
E/DataRouter(  126): Initialise USB and start the thread 
E/DataRouter(  126): dr_usb_init
E/DataRouter(  126): USB Interface is open with 0xa
E/DataRouter(  126): USB interface is now configured for usb_fd = 0xa
E/DataRouter(  126): THREAD LAUNCH 
E/DataRouter(  126): monitor_data_of_usb
E/DataRouter(  126): USB monitor thread launched, usb_fd= 0xa
E/DataRouter(  126): init_cur_sock
E/DataRouter(  126): Before the usb select 
D/Kies    (  105): sending intent finished.
D/Kies    (  105): KIES_APP_STOP sending intent result = 1.
W/SignalStrength(  507): getGsmLevel. this.mGsmSignalBar=4, getGsmSignalStrength()== 14
W/SignalStrength(  507): getGsmLevel=4
W/SignalStrength(  507): getLevel=4 (SignalStrength: 14 255 -120 -160 -120 -1 -1 99 2147483647 -32767 2147483647 -32767 gsm|lte 4)
D/TWStatusBar-NetworkControllerDS(  507): onReceive() - RSSI_CHANGED_ACTION, WIFI_STATE, NETWORK_STATE
D/StatusBar-NetworkControllerDS(  507): refreshViews connected={ wifi } level=4|?? combinedSignalIconId=0x7f0200ef/com.android.systemui:drawable/stat_sys_wifi_signal_4 combinedActivityIconId=0x7f0200da mAirplaneMode=false mDataActivity1=0 mDataActivity2=0 mPhoneSignalIconId1=0x7f0200cf mPhoneSignalIconId2=0x0 mLastPhoneSignalIconId1=0x7f0200cf mLastPhoneSignalIconId2=0x0 mDataDirectionIconId1=0x7f0200bf mDataDirectionIconId2=0x7f0200bf mDataSignalIconId1=0x7f0200cf mDataSignalIconId2=0x0 mDataTypeIconId1=0x0 mDataTypeIconId2=0x0 mWifiIconId=0x7f0200ef mRoamingIconId1=0x0 mRoamingIconId2=0x0 mBluetoothTetherIconId=0x10806ce
D/SignalClusterView(  507): wifi: VISIBLE sig=2130837743 act=2130837722
D/SignalClusterView(  507): mobile1: VISIBLE sig=2130837711 act=0 typ=0
D/SignalClusterView(  507): mobile2: VISIBLE sig=0 act=0 typ=0
D/SignalClusterView(  507): wifi: VISIBLE sig=2130837743 act=2130837722
D/SignalClusterView(  507): mobile1: VISIBLE sig=2130837711 act=0 typ=0
D/SignalClusterView(  507): mobile2: VISIBLE sig=0 act=0 typ=0
D/SignalClusterView(  507): wifi: VISIBLE sig=2130837743 act=2130837722
D/SignalClusterView(  507): mobile1: VISIBLE sig=2130837711 act=0 typ=0
D/SignalClusterView(  507): mobile2: VISIBLE sig=0 act=0 typ=0
E/MTPRx   (14612): In MtpReceiverandroid.intent.action.ACTION_POWER_DISCONNECTED
W/MTPRx   (14612): USB removed
W/MTPRx   (14612): MTP_RUNNING_STATUS = 1
E/MTPRx   (14612): In usbRemoved Status bar enabled
D/STATUSBAR-StatusBarManagerService(  380): manageDisableList what=0x0 pkg=com.android.MtpApplication
E/MTPRx   (14612): Sending Broadcast
D/PowerManagerService(  380): setScreenOffTimeouts mKeylightDelay=113000 mDimDelay=0 mScreenOffDelay=7000 mDimScreen=true
D/STATUSBAR-NotificationService(  380): cancelNotification - pkg:com.android.MtpApplication, id:11112, tag:null
D/STATUSBAR-NotificationService(  380): updateLightsLocked() : Turn off notification light
E/MtpService(14612): onDestroy.
I/System.out(14612): noti = 3
D/        (14612): __mtp_handler_eh_notify: USB plugged out.
D/        (14612): [__mtp_handler_eh_notify:545] is_connected = 1 and is_enumeration_finished = 1
D/        (14612):  [__mtp_handler_eh_notify:586] Enumeration is Complete and hence exiting the Mtp App 
D/        (14612): gbin_sem_mtp semphore destroy successful
D/        (14612): [__mtp_handler_eh_notify:621] sending event to event handler thread to close...
D/        (14612): [__mtp_handler_eh_notify:630] starting mtp_deinitialize() ...
D/        (14612):  cleaning MP3 properties
D/        (14612):  cleaning WMA properties
D/        (14612):  cleaning WMV properties
D/        (14612):  cleaning ALBUM properties
D/        (14612):  cleaning default properties
D/        (14612): [__mtp_handler_eh_notify:655] Checking for MMC_INSERTED and kill data threads ...
D/        (14612): [__mtp_handler_eh_notify:660] calling mtp_g_fs_mtp_init() ...
D/        (14612):  ************** In mtp_g_fs_mtp_init to kill the threads
D/        (14612): [mtp_g_fs_mtp_init] ********* gfs_mode = 0 mtp_clean_usb_driver  
D/        (14612): [mtp_g_fs_mtp_init] ************ Calling mtp_usb_mtp_finalize fn
D/        (14612): ****** [mtp_usb_mtp_finalize] Calling mtp_stop_io 
D/        (14612): mtp_stop_io going to kill source thread, th_source value = 1
D/MountService(  380): An IMountServiceListener has died!
W/SignalStrength(  507): getGsmLevel. this.mGsmSignalBar=4, getGsmSignalStrength()== 14
W/SignalStrength(  507): getGsmLevel=4
W/SignalStrength(  507): getLevel=4 (SignalStrength: 14 255 -120 -160 -120 -1 -1 99 2147483647 -32767 2147483647 -32767 gsm|lte 4)
D/StatusBar-NetworkControllerDS(  507): refreshViews connected={ wifi } level=4|?? combinedSignalIconId=0x7f0200ef/com.android.systemui:drawable/stat_sys_wifi_signal_4 combinedActivityIconId=0x7f0200d9 mAirplaneMode=false mDataActivity1=0 mDataActivity2=0 mPhoneSignalIconId1=0x7f0200cf mPhoneSignalIconId2=0x0 mLastPhoneSignalIconId1=0x7f0200cf mLastPhoneSignalIconId2=0x0 mDataDirectionIconId1=0x7f0200bf mDataDirectionIconId2=0x7f0200bf mDataSignalIconId1=0x7f0200cf mDataSignalIconId2=0x0 mDataTypeIconId1=0x0 mDataTypeIconId2=0x0 mWifiIconId=0x7f0200ef mRoamingIconId1=0x0 mRoamingIconId2=0x0 mBluetoothTetherIconId=0x10806ce
D/SignalClusterView(  507): wifi: VISIBLE sig=2130837743 act=2130837721
D/SignalClusterView(  507): mobile1: VISIBLE sig=2130837711 act=0 typ=0
D/SignalClusterView(  507): mobile2: VISIBLE sig=0 act=0 typ=0
D/SignalClusterView(  507): wifi: VISIBLE sig=2130837743 act=2130837721
D/SignalClusterView(  507): mobile1: VISIBLE sig=2130837711 act=0 typ=0
D/SignalClusterView(  507): mobile2: VISIBLE sig=0 act=0 typ=0
D/SignalClusterView(  507): wifi: VISIBLE sig=2130837743 act=2130837721
D/SignalClusterView(  507): mobile1: VISIBLE sig=2130837711 act=0 typ=0
D/SignalClusterView(  507): mobile2: VISIBLE sig=0 act=0 typ=0
D/StatusBar-NetworkControllerDS(  507): changing data overlay icon id to 2130837721
I/ActivityThread(16204): Pub com.google.android.apps.plus.content.ApiProvider: com.google.android.apps.plus.content.EsApiProvider
I/ActivityThread(16204): Pub com.google.android.apps.plus.content.EsGooglePhotoProvider: com.google.android.picasasync.PicasaContentProvider
I/ActivityThread(16204): Pub com.google.android.apps.plus.content.EsPicasaStoreProvider: com.google.android.picasastore.PicasaPhotoContentProvider
I/ActivityThread(16204): Pub com.google.plus.platform: com.google.android.apps.plus.content.AdsProvider
I/ActivityThread(16204): Pub com.google.android.apps.plus.iu.EsGoogleIuProvider: com.google.android.apps.plus.iu.InstantUploadProvider
I/ActivityThread(16204): Pub com.google.android.apps.plus.content.EsProvider: com.google.android.apps.plus.content.EsProvider
I/ActivityThread(16220): Pub com.wssyncmldm.ContentProvider: com.wssyncmldm.database.wssdmdbContentProvider
I/DBG_WSS_DM(16220): [][Line:67][onCreate] 
I/DBG_WSS_DM(16220): [v3_1207_3_1][Line:863][isWifiOnly] isWifiOnly : false
I/DBG_WSS_DM(16220): [v3_1207_3_1][Line:23][initialize] jEd1gSu3jVl8YzFc4wgbTuBr+cL+meRy5osZnj4vi0U=
I/DBG_WSS_DM(16220): [v3_1207_3_1][Line:24][initialize] jEd1gSu3jVl8YzFc4wgbTl1EJ9pRSX7FxHVhB8owKzl3o63nokSujfTEanrHiU41
I/DBG_WSS_DM(16220): [v3_1207_3_1][Line:25][initialize] 8AjDbx2cLPQgUFpNel7pJ5xuP8lPcd6CEHvpV1beEHg=
I/DBG_WSS_DM(16220): [v3_1207_3_1][Line:26][initialize] nOFeDLNnkLs7pSa7Vf1Zj+J/AvpyHb1vVouMI68Z1os=
I/DBG_WSS_DM(16220): [v3_1207_3_1][Line:5277][smldmdbGetFotaStartStatus] MIHms8gTL9QFz4xKbDrPXQ==
I/DBG_WSS_DM(16220): [v3_1207_3_1][Line:50][onCreate] DMApplication Start !
I/DBG_WSS_DM(16220): [v3_1207_3_1][Line:189][smlTaskHandler] SMLMSG_OS_INITIALIZED
I/DBG_WSS_DM(16220): [v3_1207_3_1][Line:157][smldmAgentSetSyncMode] nSync = 0
D/STATUSBAR-NotificationService(  380): cancelNotification - pkg:com.wssyncmldm, id:13, tag:null
D/plugin  (  661): getDefaultSubscription()
E/MSimTelephonyManager(16220): MSimTelephonyManager sRegistryMsim != null
I/DBG_WSS_DM(16220): [v3_1207_3_1][Line:538][getEnableLiveDemoFromCSCFeature] enable LiveDemo : false
I/DBG_WSS_DM(16220): [v3_1207_3_1][Line:524][initExternalStorageState] 
I/DBG_WSS_DM(16220): [v3_1207_3_1][Line:3176][smldbDMffs_Init] smldbDMffs_Init
I/DBG_WSS_DM(16220): [v3_1207_3_1][Line:574][initExternalStorageState] gHbRZlJtQiChQLBKNmIP4f7w1pSgULb04cjyd5XRYzeoMWVtfCJKeNJDRFzHTueU
I/DBG_WSS_DM(16220): [v3_1207_3_1][Line:575][initExternalStorageState] QbalbKDvTGUPp/N3iYm73ocz5GiaytnXqUh0ItGHP1G7z0RDzbWakhvIJ06nVY3J
I/DBG_WSS_DM(16220): [v3_1207_3_1][Line:576][initExternalStorageState] oQb8aPRReyF5pBtzbDUgG0u/OStgJWYCrLfLNd9gSzP3FZ3+2yBuvBxu7/xXRjo1
I/DBG_WSS_DM(16220): [v3_1207_3_1][Line:577][initExternalStorageState] oQb8aPRReyF5pBtzbDUgG6aV4yMRxiZKwf7cZsTobX15ofKRDKYdJPfninXuV5c3
I/DBG_WSS_DM(16220): [v3_1207_3_1][Line:579][initExternalStorageState] bExternalStorageAvailable [true]
I/DBG_WSS_DM(16220): [v3_1207_3_1][Line:580][initExternalStorageState] bExternalSDStorageAvailable [false]
D/plugin  (  661): getDefaultSubscription()
D/plugin  (  661): getDefaultSubscription()
D/plugin  (  661): getDefaultSubscription()
I/DBG_WSS_DM(16220): [v3_1207_3_1][Line:542][onCallStateChanged] >>>>>>>>>>> onCallStateChanged
I/DBG_WSS_DM(16220): [v3_1207_3_1][Line:554][onCallStateChanged] >>>>>>>>>>> CALL_STATE_IDLE
D/plugin  (  661): getDefaultSubscription()
D/plugin  (  661): getDefaultSubscription()
D/plugin  (  661): getDefaultSubscription()
I/DBG_WSS_DM(16220): [v3_1207_3_1][Line:1691][ProtoIsWIFIConnected] WiFi Connected
I/DBG_WSS_DM(16220): [v3_1207_3_1][Line:1691][ProtoIsWIFIConnected] WiFi Connected
I/DBG_WSS_DM(16220): [v3_1207_3_1][Line:199][smlTaskHandler] SMLMSG_PHONEBOOK_INITIALIZED
W/SignalStrength(  507): getGsmLevel. this.mGsmSignalBar=4, getGsmSignalStrength()== 14
W/SignalStrength(  507): getGsmLevel=4
W/SignalStrength(  507): getLevel=4 (SignalStrength: 14 255 -120 -160 -120 -1 -1 99 2147483647 -32767 2147483647 -32767 gsm|lte 4)
D/StatusBar-NetworkControllerDS(  507): refreshViews connected={ wifi } level=4|?? combinedSignalIconId=0x7f0200ef/com.android.systemui:drawable/stat_sys_wifi_signal_4 combinedActivityIconId=0x7f0200da mAirplaneMode=false mDataActivity1=0 mDataActivity2=0 mPhoneSignalIconId1=0x7f0200cf mPhoneSignalIconId2=0x0 mLastPhoneSignalIconId1=0x7f0200cf mLastPhoneSignalIconId2=0x0 mDataDirectionIconId1=0x7f0200bf mDataDirectionIconId2=0x7f0200bf mDataSignalIconId1=0x7f0200cf mDataSignalIconId2=0x0 mDataTypeIconId1=0x0 mDataTypeIconId2=0x0 mWifiIconId=0x7f0200ef mRoamingIconId1=0x0 mRoamingIconId2=0x0 mBluetoothTetherIconId=0x10806ce
D/SignalClusterView(  507): wifi: VISIBLE sig=2130837743 act=2130837722
D/SignalClusterView(  507): mobile1: VISIBLE sig=2130837711 act=0 typ=0
D/SignalClusterView(  507): mobile2: VISIBLE sig=0 act=0 typ=0
D/SignalClusterView(  507): wifi: VISIBLE sig=2130837743 act=2130837722
D/SignalClusterView(  507): mobile1: VISIBLE sig=2130837711 act=0 typ=0
D/SignalClusterView(  507): mobile2: VISIBLE sig=0 act=0 typ=0
D/SignalClusterView(  507): wifi: VISIBLE sig=2130837743 act=2130837722
D/SignalClusterView(  507): mobile1: VISIBLE sig=2130837711 act=0 typ=0
D/SignalClusterView(  507): mobile2: VISIBLE sig=0 act=0 typ=0
D/StatusBar-NetworkControllerDS(  507): changing data overlay icon id to 2130837722
D/dalvikvm(16204): GC_CONCURRENT freed 4156K, 29% free 13402K/18659K, paused 1ms+2ms
D/gp.PicasaPhotoCP(16204): set fsid first time:-1
D/dalvikvm(  380): GC_EXPLICIT freed 1755K, 55% free 14308K/31715K, paused 6ms+15ms
W/AlarmManager(  380): FACTORY_ON= 0
E/AlarmManagerService(  380): android_server_AlarmManagerService_set to type=0, 1434994458.505000000
E/AlarmManagerService(  380): android_server_AlarmManagerService_set to type=0, 1434994458.511000000
E/AlarmManagerService(  380): android_server_AlarmManagerService_set to type=0, 1434994458.512000000
E/AlarmManagerService(  380): android_server_AlarmManagerService_set to type=0, 1434994458.513000000
E/AlarmManagerService(  380): android_server_AlarmManagerService_set to type=0, 1434994458.514000000
E/AlarmManagerService(  380): android_server_AlarmManagerService_set to type=0, 1434994458.515000000
W/AlarmManager(  380): FACTORY_ON= 0
W/AlarmManager(  380): FACTORY_ON= 0
W/AlarmManager(  380): FACTORY_ON= 0
W/AlarmManager(  380): FACTORY_ON= 0
W/AlarmManager(  380): FACTORY_ON= 0
E/AlarmManagerService(  380): android_server_AlarmManagerService_set to type=0, 1434994456.550000000
W/AlarmManager(  380): FACTORY_ON= 0
D/STATUSBAR-NotificationService(  380): cancelNotification - pkg:com.google.android.apps.plus, id:2131230790, tag:InstantShare
D/STATUSBAR-NotificationService(  380): cancelNotification - pkg:com.google.android.apps.plus, id:2131230790, tag:InstantShare
I/ActivityThread(16237): Pub com.android.settings.reverb.params: com.android.settings.autohaptic.ReverbContentProvider
I/ActivityThread(16237): Pub com.android.settings.personalvibration.PersonalVibrationProvider: com.android.settings.personalvibration.PersonalVibrationProvider
I/ActivityThread(16237): Pub com.android.settings.WifiDatabaseProvider: com.android.settings.WifiDatabaseProvider
I/ActivityThread(16237): Pub com.android.settings: com.android.settings.ImsiProvider
V/MediaPlayerService(  113): Create new media retriever from pid 15159
I/iu.Environment(15594): update battery state; isPlugged? false
D/dalvikvm(15159): GC_EXPLICIT freed 603K, 14% free 10689K/12387K, paused 12ms+10ms
D/NetworkLogImpl(15594): Loaded NetworkSpeedPredictor
I/iu.Environment(15594): update connectivity state; isNetworkMetered? false, isRoaming? false, isBackgroundDataAllowed? true*
I/iu.Environment(15594): update battery state; isPlugged? false
I/iu.UploadsManager(15594): #reloadSettings(); account: -1; IU: disabled; IS: disabled; IS account: -1; photoWiFi: true; videoWiFi: true; roam: false; battery: true; size: FULL; maxMobile: 157286400
I/GCoreUlr( 9960): Starting service, intent=Intent { act=com.google.android.location.reporting.ACTION_UPDATE_WORLD cmp=xxxx (has extras) }, extras=Bundle[{receiverAction=android.intent.action.ACTION_POWER_DISCONNECTED}]
D/dalvikvm(15594): GC_EXPLICIT freed 3362K, 28% free 11827K/16291K, paused 5ms+11ms
I/GCoreUlr( 9960): DispatchingService.onCreate()
W/SignalStrength(  507): getGsmLevel. this.mGsmSignalBar=4, getGsmSignalStrength()== 14
W/SignalStrength(  507): getGsmLevel=4
W/SignalStrength(  507): getLevel=4 (SignalStrength: 14 255 -120 -160 -120 -1 -1 99 2147483647 -32767 2147483647 -32767 gsm|lte 4)
D/StatusBar-NetworkControllerDS(  507): refreshViews connected={ wifi } level=4|?? combinedSignalIconId=0x7f0200ef/com.android.systemui:drawable/stat_sys_wifi_signal_4 combinedActivityIconId=0x7f0200d9 mAirplaneMode=false mDataActivity1=0 mDataActivity2=0 mPhoneSignalIconId1=0x7f0200cf mPhoneSignalIconId2=0x0 mLastPhoneSignalIconId1=0x7f0200cf mLastPhoneSignalIconId2=0x0 mDataDirectionIconId1=0x7f0200bf mDataDirectionIconId2=0x7f0200bf mDataSignalIconId1=0x7f0200cf mDataSignalIconId2=0x0 mDataTypeIconId1=0x0 mDataTypeIconId2=0x0 mWifiIconId=0x7f0200ef mRoamingIconId1=0x0 mRoamingIconId2=0x0 mBluetoothTetherIconId=0x10806ce
D/MediaScanner(15159): mDefaultNotificationSet [false]
D/SignalClusterView(  507): wifi: VISIBLE sig=2130837743 act=2130837721
D/SignalClusterView(  507): mobile1: VISIBLE sig=2130837711 act=0 typ=0
D/SignalClusterView(  507): mobile2: VISIBLE sig=0 act=0 typ=0
D/SignalClusterView(  507): wifi: VISIBLE sig=2130837743 act=2130837721
D/SignalClusterView(  507): mobile1: VISIBLE sig=2130837711 act=0 typ=0
D/SignalClusterView(  507): mobile2: VISIBLE sig=0 act=0 typ=0
D/SignalClusterView(  507): wifi: VISIBLE sig=2130837743 act=2130837721
D/SignalClusterView(  507): mobile1: VISIBLE sig=2130837711 act=0 typ=0
D/SignalClusterView(  507): mobile2: VISIBLE sig=0 act=0 typ=0
D/StatusBar-NetworkControllerDS(  507): changing data overlay icon id to 2130837721
I/iu.UploadsManager(15594): End new media; added: 0, uploading: 0, time: 556 ms
E/MTPRx   (16255): In MtpReceiverandroid.hardware.usb.action.USB_STATE
E/MTPRx   (16255): himanshu value of dev_boot_completed is1
E/MTPRx   (16255): himanshu booting is completed
E/MTPRx   (16255): himanshu check value of boot_completed is1
E/MTPRx   (16255): himanshu check booting is completed
E/MTPRx   (16255): Sd-Card path/mnt/extSdCard
E/MTPRx   (16255): Status for mount/Unmount :removed
E/MTPRx   (16255): SDcard is not available
E/MTPRx   (16255): The value of first_boot is  1
E/MTPRx   (16255): [ 662] The value of first_boot is  1NORMAL SEQUENCE 
W/MTPRx   (16255): value of connected isfalse
W/MTPRx   (16255): value of mtpEnabled istrue
W/MTPRx   (16255): value of ptpEnabled isfalse
E/MTPRx   (16255): Received USB_STATE with sdCardLaunch = 0
E/MTPRx   (16255): Returning connected = false
I/GCoreUlr( 9960): WorldUpdater received intent Intent { act=com.google.android.location.reporting.ACTION_UPDATE_WORLD cmp=xxxx (has extras) } with receiverAction android.intent.action.ACTION_POWER_DISCONNECTED
D/sml     (16269): KIES_WSSERVICE_STOP
D/AndroidRuntime(16144): Shutting down VM
I/AndroidRuntime(16144): NOTE: attach of thread 'Binder Thread #3' failed
D/AndroidRuntime(16179): Shutting down VM
D/MediaScannerReceiver(15159): action: android.intent.action.MTP_FILE_SCAN
D/dalvikvm(16144): GC_CONCURRENT freed 101K, 79% free 542K/2560K, paused 1ms+0ms
I/AndroidRuntime(16179): NOTE: attach of thread 'Binder Thread #3' failed
D/dalvikvm(16179): GC_CONCURRENT freed 101K, 79% free 542K/2560K, paused 0ms+1ms
D/SyncManager(  380): setIsSyncable: provider = com.google.android.location.reporting -> 1
D/SyncManager(  380): setIsSyncable: already set to 1, doing nothing
D/SyncManager(  380): setSyncAutomatically: , provider com.google.android.location.reporting -> true
D/SyncManager(  380): setSyncAutomatically: already set to true, doing nothing
D/MediaScannerService(15159): start scanning volume external: [/mnt/sdcard, /mnt/extSdCard, /mnt/UsbDriveA, /mnt/UsbDriveB, /mnt/UsbDriveC, /mnt/UsbDriveD, /mnt/UsbDriveE, /mnt/UsbDriveF]
D/SyncManager(  380): setIsSyncable: provider = com.google.android.location.reporting -> 1
D/SyncManager(  380): setIsSyncable: already set to 1, doing nothing
W/AlarmManager(  380): FACTORY_ON= 0
D/SyncManager(  380): setSyncAutomatically: , provider com.google.android.location.reporting -> true
D/SyncManager(  380): setSyncAutomatically: already set to true, doing nothing
W/AlarmManager(  380): FACTORY_ON= 0
W/AlarmManager(  380): FACTORY_ON= 0
W/AlarmManager(  380): FACTORY_ON= 0
W/AlarmManager(  380): FACTORY_ON= 0
W/AlarmManager(  380): FACTORY_ON= 0
I/GCoreUlr( 9960): WorldUpdater:android.intent.action.ACTION_POWER_DISCONNECTED: Ensuring that reporting is stopped because of reasons: {account#-6#=[InactiveReason{mVersionCode=0, mIdentifier=6, mName='ReportingNotEnabled'}, InactiveReason{mVersionCode=0, mIdentifier=14, mName='HistoryNotEnabled'}], account#15#=[InactiveReason{mVersionCode=0, mIdentifier=6, mName='ReportingNotEnabled'}, InactiveReason{mVersionCode=0, mIdentifier=14, mName='HistoryNotEnabled'}]}
I/GCoreUlr( 9960): Unbound from all location providers
I/GCoreUlr( 9960): DispatchingService.onDestroy()
I/GCoreUlr( 9960): Unbound from all location providers
W/SignalStrength(  507): getGsmLevel. this.mGsmSignalBar=4, getGsmSignalStrength()== 14
W/SignalStrength(  507): getGsmLevel=4
W/SignalStrength(  507): getLevel=4 (SignalStrength: 14 255 -120 -160 -120 -1 -1 99 2147483647 -32767 2147483647 -32767 gsm|lte 4)
D/StatusBar-NetworkControllerDS(  507): refreshViews connected={ wifi } level=4|?? combinedSignalIconId=0x7f0200ef/com.android.systemui:drawable/stat_sys_wifi_signal_4 combinedActivityIconId=0x7f0200da mAirplaneMode=false mDataActivity1=0 mDataActivity2=0 mPhoneSignalIconId1=0x7f0200cf mPhoneSignalIconId2=0x0 mLastPhoneSignalIconId1=0x7f0200cf mLastPhoneSignalIconId2=0x0 mDataDirectionIconId1=0x7f0200bf mDataDirectionIconId2=0x7f0200bf mDataSignalIconId1=0x7f0200cf mDataSignalIconId2=0x0 mDataTypeIconId1=0x0 mDataTypeIconId2=0x0 mWifiIconId=0x7f0200ef mRoamingIconId1=0x0 mRoamingIconId2=0x0 mBluetoothTetherIconId=0x10806ce
D/SignalClusterView(  507): wifi: VISIBLE sig=2130837743 act=2130837722
D/SignalClusterView(  507): mobile1: VISIBLE sig=2130837711 act=0 typ=0
D/SignalClusterView(  507): mobile2: VISIBLE sig=0 act=0 typ=0
D/SignalClusterView(  507): wifi: VISIBLE sig=2130837743 act=2130837722
D/SignalClusterView(  507): mobile1: VISIBLE sig=2130837711 act=0 typ=0
D/SignalClusterView(  507): mobile2: VISIBLE sig=0 act=0 typ=0
D/SignalClusterView(  507): wifi: VISIBLE sig=2130837743 act=2130837722
D/SignalClusterView(  507): mobile1: VISIBLE sig=2130837711 act=0 typ=0
D/SignalClusterView(  507): mobile2: VISIBLE sig=0 act=0 typ=0
D/StatusBar-NetworkControllerDS(  507): changing data overlay icon id to 2130837722
V/MediaScanner(15159): processDirectory :  /mnt/sdcard
I/System.out(15159): Not a DRM File, opening notmally
I/System.out(15159): buffer returned 
I/System.out(15159): Not a DRM File, opening notmally
I/System.out(15159): buffer returned 
I/System.out(15159): Not a DRM File, opening notmally
I/System.out(15159): buffer returned 
I/System.out(15159): Not a DRM File, opening notmally
I/System.out(15159): buffer returned 
I/System.out(15159): Not a DRM File, opening notmally
I/System.out(15159): buffer returned 
I/System.out(15159): Not a DRM File, opening notmally
I/System.out(15159): buffer returned 
I/System.out(15159): Not a DRM File, opening notmally
I/System.out(15159): buffer returned 
W/SignalStrength(  507): getGsmLevel. this.mGsmSignalBar=4, getGsmSignalStrength()== 14
W/SignalStrength(  507): getGsmLevel=4
W/SignalStrength(  507): getLevel=4 (SignalStrength: 14 255 -120 -160 -120 -1 -1 99 2147483647 -32767 2147483647 -32767 gsm|lte 4)
D/StatusBar-NetworkControllerDS(  507): refreshViews connected={ wifi } level=4|?? combinedSignalIconId=0x7f0200ef/com.android.systemui:drawable/stat_sys_wifi_signal_4 combinedActivityIconId=0x7f0200d8 mAirplaneMode=false mDataActivity1=0 mDataActivity2=0 mPhoneSignalIconId1=0x7f0200cf mPhoneSignalIconId2=0x0 mLastPhoneSignalIconId1=0x7f0200cf mLastPhoneSignalIconId2=0x0 mDataDirectionIconId1=0x7f0200bf mDataDirectionIconId2=0x7f0200bf mDataSignalIconId1=0x7f0200cf mDataSignalIconId2=0x0 mDataTypeIconId1=0x0 mDataTypeIconId2=0x0 mWifiIconId=0x7f0200ef mRoamingIconId1=0x0 mRoamingIconId2=0x0 mBluetoothTetherIconId=0x10806ce
D/SignalClusterView(  507): wifi: VISIBLE sig=2130837743 act=2130837720
D/SignalClusterView(  507): mobile1: VISIBLE sig=2130837711 act=0 typ=0
D/SignalClusterView(  507): mobile2: VISIBLE sig=0 act=0 typ=0
D/SignalClusterView(  507): wifi: VISIBLE sig=2130837743 act=2130837720
D/SignalClusterView(  507): mobile1: VISIBLE sig=2130837711 act=0 typ=0
D/SignalClusterView(  507): mobile2: VISIBLE sig=0 act=0 typ=0
D/SignalClusterView(  507): wifi: VISIBLE sig=2130837743 act=2130837720
D/SignalClusterView(  507): mobile1: VISIBLE sig=2130837711 act=0 typ=0
D/SignalClusterView(  507): mobile2: VISIBLE sig=0 act=0 typ=0
D/StatusBar-NetworkControllerDS(  507): changing data overlay icon id to 2130837720
D/dalvikvm(15159): GC_CONCURRENT freed 1178K, 16% free 12238K/14563K, paused 2ms+4ms
W/SignalStrength(  507): getGsmLevel. this.mGsmSignalBar=4, getGsmSignalStrength()== 14
W/SignalStrength(  507): getGsmLevel=4
W/SignalStrength(  507): getLevel=4 (SignalStrength: 14 255 -120 -160 -120 -1 -1 99 2147483647 -32767 2147483647 -32767 gsm|lte 4)
D/StatusBar-NetworkControllerDS(  507): refreshViews connected={ wifi } level=4|?? combinedSignalIconId=0x7f0200ef/com.android.systemui:drawable/stat_sys_wifi_signal_4 combinedActivityIconId=0x7f0200d9 mAirplaneMode=false mDataActivity1=0 mDataActivity2=0 mPhoneSignalIconId1=0x7f0200cf mPhoneSignalIconId2=0x0 mLastPhoneSignalIconId1=0x7f0200cf mLastPhoneSignalIconId2=0x0 mDataDirectionIconId1=0x7f0200bf mDataDirectionIconId2=0x7f0200bf mDataSignalIconId1=0x7f0200cf mDataSignalIconId2=0x0 mDataTypeIconId1=0x0 mDataTypeIconId2=0x0 mWifiIconId=0x7f0200ef mRoamingIconId1=0x0 mRoamingIconId2=0x0 mBluetoothTetherIconId=0x10806ce
D/SignalClusterView(  507): wifi: VISIBLE sig=2130837743 act=2130837721
D/SignalClusterView(  507): mobile1: VISIBLE sig=2130837711 act=0 typ=0
D/SignalClusterView(  507): mobile2: VISIBLE sig=0 act=0 typ=0
D/SignalClusterView(  507): wifi: VISIBLE sig=2130837743 act=2130837721
D/SignalClusterView(  507): mobile1: VISIBLE sig=2130837711 act=0 typ=0
D/SignalClusterView(  507): mobile2: VISIBLE sig=0 act=0 typ=0
D/SignalClusterView(  507): wifi: VISIBLE sig=2130837743 act=2130837721
D/SignalClusterView(  507): mobile1: VISIBLE sig=2130837711 act=0 typ=0
D/SignalClusterView(  507): mobile2: VISIBLE sig=0 act=0 typ=0
D/StatusBar-NetworkControllerDS(  507): changing data overlay icon id to 2130837721
W/SignalStrength(  507): getGsmLevel. this.mGsmSignalBar=4, getGsmSignalStrength()== 14
W/SignalStrength(  507): getGsmLevel=4
W/SignalStrength(  507): getLevel=4 (SignalStrength: 14 255 -120 -160 -120 -1 -1 99 2147483647 -32767 2147483647 -32767 gsm|lte 4)
D/StatusBar-NetworkControllerDS(  507): refreshViews connected={ wifi } level=4|?? combinedSignalIconId=0x7f0200ef/com.android.systemui:drawable/stat_sys_wifi_signal_4 combinedActivityIconId=0x7f0200da mAirplaneMode=false mDataActivity1=0 mDataActivity2=0 mPhoneSignalIconId1=0x7f0200cf mPhoneSignalIconId2=0x0 mLastPhoneSignalIconId1=0x7f0200cf mLastPhoneSignalIconId2=0x0 mDataDirectionIconId1=0x7f0200bf mDataDirectionIconId2=0x7f0200bf mDataSignalIconId1=0x7f0200cf mDataSignalIconId2=0x0 mDataTypeIconId1=0x0 mDataTypeIconId2=0x0 mWifiIconId=0x7f0200ef mRoamingIconId1=0x0 mRoamingIconId2=0x0 mBluetoothTetherIconId=0x10806ce
D/SignalClusterView(  507): wifi: VISIBLE sig=2130837743 act=2130837722
D/SignalClusterView(  507): mobile1: VISIBLE sig=2130837711 act=0 typ=0
D/SignalClusterView(  507): mobile2: VISIBLE sig=0 act=0 typ=0
D/SignalClusterView(  507): wifi: VISIBLE sig=2130837743 act=2130837722
D/SignalClusterView(  507): mobile1: VISIBLE sig=2130837711 act=0 typ=0
D/SignalClusterView(  507): mobile2: VISIBLE sig=0 act=0 typ=0
D/SignalClusterView(  507): wifi: VISIBLE sig=2130837743 act=2130837722
D/SignalClusterView(  507): mobile1: VISIBLE sig=2130837711 act=0 typ=0
D/SignalClusterView(  507): mobile2: VISIBLE sig=0 act=0 typ=0
D/StatusBar-NetworkControllerDS(  507): changing data overlay icon id to 2130837722
W/SignalStrength(  507): getGsmLevel. this.mGsmSignalBar=4, getGsmSignalStrength()== 14
W/SignalStrength(  507): getGsmLevel=4
W/SignalStrength(  507): getLevel=4 (SignalStrength: 14 255 -120 -160 -120 -1 -1 99 2147483647 -32767 2147483647 -32767 gsm|lte 4)
D/StatusBar-NetworkControllerDS(  507): refreshViews connected={ wifi } level=4|?? combinedSignalIconId=0x7f0200ef/com.android.systemui:drawable/stat_sys_wifi_signal_4 combinedActivityIconId=0x7f0200d8 mAirplaneMode=false mDataActivity1=0 mDataActivity2=0 mPhoneSignalIconId1=0x7f0200cf mPhoneSignalIconId2=0x0 mLastPhoneSignalIconId1=0x7f0200cf mLastPhoneSignalIconId2=0x0 mDataDirectionIconId1=0x7f0200bf mDataDirectionIconId2=0x7f0200bf mDataSignalIconId1=0x7f0200cf mDataSignalIconId2=0x0 mDataTypeIconId1=0x0 mDataTypeIconId2=0x0 mWifiIconId=0x7f0200ef mRoamingIconId1=0x0 mRoamingIconId2=0x0 mBluetoothTetherIconId=0x10806ce
D/SignalClusterView(  507): wifi: VISIBLE sig=2130837743 act=2130837720
D/SignalClusterView(  507): mobile1: VISIBLE sig=2130837711 act=0 typ=0
D/SignalClusterView(  507): mobile2: VISIBLE sig=0 act=0 typ=0
D/SignalClusterView(  507): wifi: VISIBLE sig=2130837743 act=2130837720
D/SignalClusterView(  507): mobile1: VISIBLE sig=2130837711 act=0 typ=0
D/SignalClusterView(  507): mobile2: VISIBLE sig=0 act=0 typ=0
D/SignalClusterView(  507): wifi: VISIBLE sig=2130837743 act=2130837720
D/SignalClusterView(  507): mobile1: VISIBLE sig=2130837711 act=0 typ=0
D/SignalClusterView(  507): mobile2: VISIBLE sig=0 act=0 typ=0
D/StatusBar-NetworkControllerDS(  507): changing data overlay icon id to 2130837720
D/MediaProvider(15159): bulkInsert has started
D/MediaProvider(15159): bulkInsert has finished
D/MediaProvider(15159): bulkInsert has started
D/MediaProvider(15159): bulkInsert has finished
V/MediaScanner(15159): processDirectory :  /mnt/extSdCard
W/MediaScanner(15159): Error opening directory '/mnt/extSdCard/', skipping: Permission denied.
W/AlarmManager(  380): FACTORY_ON= 0
V/MediaProvider(15159): bulkEraser is going  to delete  6 items : 15370 15280 15362 15279 15388 15337
D/MediaProvider(15159): object removed 15279
D/MediaProvider(15159): object removed 15280
D/MediaProvider(15159): object removed 15337
D/MediaProvider(15159): object removed 15362
D/MediaProvider(15159): object removed 15370
D/MediaProvider(15159): object removed 15388
V/MediaProvider(15159): bulkEraser just has deleted : 6
W/AlarmManager(  380): FACTORY_ON= 0
V/MediaScanner(15159):  prescan time: 630ms
V/MediaScanner(15159):     scan time: 4413ms (parsing time: 0ms ~0%),  (bitmapDecoding time : 41ms ~0%), (exifExtracting time : 53ms ~1%), (bulkInserter time : 102ms ~2%)
V/MediaScanner(15159): postscan time: 32ms (bulkEraser : 6)
V/MediaScanner(15159):    total time: 5075ms
V/MediaScanner(15159):  parsing stat: JPG_7_41_5 
W/AlarmManager(  380): FACTORY_ON= 0
I/DBG_WSS_DM(16220): [v3_1207_3_1][Line:1259][onReceive] android.intent.action.MEDIA_SCANNER_FINISHED
I/DBG_WSS_DM(16220): [v3_1207_3_1][Line:5065][smldmdbGetFUMOStatus] smldmdbGetFUMOStatus 0
E/CscReceiver(  661): onReceive android.intent.action.MEDIA_SCANNER_FINISHED
D/CscReceiver(  661): Media DB Scanner finished.
D/CscReceiver(  661): start service to Set Ringtone
D/CscReceiver(  661): start service to Set Notification
D/CscReceiver(  661): start service to Set Alarmtone
D/CscUpdateService(  661): onStart
D/CscUpdateService(  661): only ringtone update
D/MediaScannerService(15159): done scanning volume external
D/CscUpdateService(  661): onStart
D/CscUpdateService(  661): only notification update
D/FactoryTestApp(14868): [Class]FactoryTestBroadcastReceiver, [Method]onReceive, [Message]onReceive action=android.intent.action.MEDIA_SCANNER_FINISHED
E/CscParser(  661): update(): xml file exist
D/CscUpdateService(  661): onStart
D/CscUpdateService(  661): only alarmtone update
E/CscParser(  661): update(): xml file exist
E/CscParser(  661): update(): xml file exist
D/dalvikvm(  661): GC_CONCURRENT freed 2778K, 40% free 12895K/21155K, paused 5ms+7ms
W/SignalStrength(  507): getGsmLevel. this.mGsmSignalBar=4, getGsmSignalStrength()== 14
W/SignalStrength(  507): getGsmLevel=4
W/SignalStrength(  507): getLevel=4 (SignalStrength: 14 255 -120 -160 -120 -1 -1 99 2147483647 -32767 2147483647 -32767 gsm|lte 4)
D/StatusBar-NetworkControllerDS(  507): refreshViews connected={ wifi } level=4|?? combinedSignalIconId=0x7f0200ef/com.android.systemui:drawable/stat_sys_wifi_signal_4 combinedActivityIconId=0x7f0200d9 mAirplaneMode=false mDataActivity1=0 mDataActivity2=0 mPhoneSignalIconId1=0x7f0200cf mPhoneSignalIconId2=0x0 mLastPhoneSignalIconId1=0x7f0200cf mLastPhoneSignalIconId2=0x0 mDataDirectionIconId1=0x7f0200bf mDataDirectionIconId2=0x7f0200bf mDataSignalIconId1=0x7f0200cf mDataSignalIconId2=0x0 mDataTypeIconId1=0x0 mDataTypeIconId2=0x0 mWifiIconId=0x7f0200ef mRoamingIconId1=0x0 mRoamingIconId2=0x0 mBluetoothTetherIconId=0x10806ce
D/SignalClusterView(  507): wifi: VISIBLE sig=2130837743 act=2130837721
D/SignalClusterView(  507): mobile1: VISIBLE sig=2130837711 act=0 typ=0
D/SignalClusterView(  507): mobile2: VISIBLE sig=0 act=0 typ=0
D/SignalClusterView(  507): wifi: VISIBLE sig=2130837743 act=2130837721
D/SignalClusterView(  507): mobile1: VISIBLE sig=2130837711 act=0 typ=0
D/SignalClusterView(  507): mobile2: VISIBLE sig=0 act=0 typ=0
D/SignalClusterView(  507): wifi: VISIBLE sig=2130837743 act=2130837721
D/SignalClusterView(  507): mobile1: VISIBLE sig=2130837711 act=0 typ=0
D/SignalClusterView(  507): mobile2: VISIBLE sig=0 act=0 typ=0
D/StatusBar-NetworkControllerDS(  507): changing data overlay icon id to 2130837721
W/CSCSettings(  661): Setting Ringtones (type) : 1
D/CscParser(  661): RingTone: null
W/CSCSettings(  661): 1. Tag_Str: null
W/CSCSettings(  661): Setting Ringtones (type) : 4
D/CscParser(  661): AlarmTone: null
W/CSCSettings(  661): 1. Tag_Str: null
W/CSCSettings(  661): Setting Ringtones (type) : 2
D/CscParser(  661): MessageTone: null
W/CSCSettings(  661): 1. Tag_Str: null
W/SignalStrength(  507): getGsmLevel. this.mGsmSignalBar=4, getGsmSignalStrength()== 14
W/SignalStrength(  507): getGsmLevel=4
W/SignalStrength(  507): getLevel=4 (SignalStrength: 14 255 -120 -160 -120 -1 -1 99 2147483647 -32767 2147483647 -32767 gsm|lte 4)
D/StatusBar-NetworkControllerDS(  507): refreshViews connected={ wifi } level=4|?? combinedSignalIconId=0x7f0200ef/com.android.systemui:drawable/stat_sys_wifi_signal_4 combinedActivityIconId=0x7f0200da mAirplaneMode=false mDataActivity1=0 mDataActivity2=0 mPhoneSignalIconId1=0x7f0200cf mPhoneSignalIconId2=0x0 mLastPhoneSignalIconId1=0x7f0200cf mLastPhoneSignalIconId2=0x0 mDataDirectionIconId1=0x7f0200bf mDataDirectionIconId2=0x7f0200bf mDataSignalIconId1=0x7f0200cf mDataSignalIconId2=0x0 mDataTypeIconId1=0x0 mDataTypeIconId2=0x0 mWifiIconId=0x7f0200ef mRoamingIconId1=0x0 mRoamingIconId2=0x0 mBluetoothTetherIconId=0x10806ce
D/SignalClusterView(  507): wifi: VISIBLE sig=2130837743 act=2130837722
D/SignalClusterView(  507): mobile1: VISIBLE sig=2130837711 act=0 typ=0
D/SignalClusterView(  507): mobile2: VISIBLE sig=0 act=0 typ=0
D/SignalClusterView(  507): wifi: VISIBLE sig=2130837743 act=2130837722
D/SignalClusterView(  507): mobile1: VISIBLE sig=2130837711 act=0 typ=0
D/SignalClusterView(  507): mobile2: VISIBLE sig=0 act=0 typ=0
D/SignalClusterView(  507): wifi: VISIBLE sig=2130837743 act=2130837722
D/SignalClusterView(  507): mobile1: VISIBLE sig=2130837711 act=0 typ=0
D/SignalClusterView(  507): mobile2: VISIBLE sig=0 act=0 typ=0
D/StatusBar-NetworkControllerDS(  507): changing data overlay icon id to 2130837722
D/QCRIL_RPC(  102): Enter qcril_cm_srvsys_event_callback
D/QCRIL_RPC(  102): Exit qcril_cm_srvsys_event_callback
I/ONCRPC  (  102): rpc_handle_rpc_call: for Xid: 1268, Prog: 31000000, Vers: d17ed9ea, Proc: 00000014
I/ONCRPC  (  102): rpc_handle_rpc_call: Find Status: 0 Xid: 1268
I/ONCRPC  (  102): oncrpc_proxy_handle_cmd_rpc_call: Dispatching xid: 1268
W/SignalStrength(  380): getGsmLevel. this.mGsmSignalBar=4, getGsmSignalStrength()== 17
W/SignalStrength(  380): getGsmLevel=4
W/SignalStrength(  380): getLevel=4 (SignalStrength: 17 255 -120 -160 -120 -1 -1 99 2147483647 -32767 2147483647 -32767 gsm|lte 4)
W/SignalStrength(  507): getGsmLevel. this.mGsmSignalBar=4, getGsmSignalStrength()== 17
W/SignalStrength(  507): getGsmLevel=4
W/SignalStrength(  507): getLevel=4 (SignalStrength: 17 255 -120 -160 -120 -1 -1 99 2147483647 -32767 2147483647 -32767 gsm|lte 4)
W/SignalStrength(  380): getDbm 1
W/SignalStrength(  380): getGsmDbm=-79
W/SignalStrength(  380): getDbm=-79
W/SignalStrength(  380): getAsuLevel 1
W/SignalStrength(  380): getGsmAsuLevel=17
W/SignalStrength(  380): getAsuLevel=17
W/SignalStrength(  507): getGsmLevel. this.mGsmSignalBar=4, getGsmSignalStrength()== 17
W/SignalStrength(  507): getGsmLevel=4
W/SignalStrength(  507): getLevel=4 (SignalStrength: 17 255 -120 -160 -120 -1 -1 99 2147483647 -32767 2147483647 -32767 gsm|lte 4)
W/SignalStrength(  507): getGsmLevel. this.mGsmSignalBar=4, getGsmSignalStrength()== 17
W/SignalStrength(  507): getGsmLevel=4
W/SignalStrength(  507): getLevel=4 (SignalStrength: 17 255 -120 -160 -120 -1 -1 99 2147483647 -32767 2147483647 -32767 gsm|lte 4)
D/TWStatusBar-NetworkControllerDS(  507): onSignalStrengthsChanged signalStrength=SignalStrength: 17 255 -120 -160 -120 -1 -1 99 2147483647 -32767 2147483647 -32767 gsm|lte 4 level=4 simslot=0
D/StatusBar-NetworkControllerDS(  507): isDualSIM : SimState = 0, SimState2 = 0
D/StatusBar-NetworkControllerDS(  507): isDualSIM : SimState = 0, SimState2 = 0
D/StatusBar-NetworkControllerDS(  507): refreshViews connected={ wifi } level=4|?? combinedSignalIconId=0x7f0200ef/com.android.systemui:drawable/stat_sys_wifi_signal_4 combinedActivityIconId=0x7f0200da mAirplaneMode=false mDataActivity1=0 mDataActivity2=0 mPhoneSignalIconId1=0x7f0200cf mPhoneSignalIconId2=0x0 mLastPhoneSignalIconId1=0x7f0200cf mLastPhoneSignalIconId2=0x0 mDataDirectionIconId1=0x7f0200bf mDataDirectionIconId2=0x7f0200bf mDataSignalIconId1=0x7f0200cf mDataSignalIconId2=0x0 mDataTypeIconId1=0x0 mDataTypeIconId2=0x0 mWifiIconId=0x7f0200ef mRoamingIconId1=0x0 mRoamingIconId2=0x0 mBluetoothTetherIconId=0x10806ce
D/SignalClusterView(  507): wifi: VISIBLE sig=2130837743 act=2130837722
D/SignalClusterView(  507): mobile1: VISIBLE sig=2130837711 act=0 typ=0
D/SignalClusterView(  507): mobile2: VISIBLE sig=0 act=0 typ=0
D/SignalClusterView(  507): wifi: VISIBLE sig=2130837743 act=2130837722
D/SignalClusterView(  507): mobile1: VISIBLE sig=2130837711 act=0 typ=0
D/SignalClusterView(  507): mobile2: VISIBLE sig=0 act=0 typ=0
D/SignalClusterView(  507): wifi: VISIBLE sig=2130837743 act=2130837722
D/SignalClusterView(  507): mobile1: VISIBLE sig=2130837711 act=0 typ=0
D/SignalClusterView(  507): mobile2: VISIBLE sig=0 act=0 typ=0
E/AlarmManagerService(  380): android_server_AlarmManagerService_set to type=0, 1434994465.239000000
W/SignalStrength(  507): getGsmLevel. this.mGsmSignalBar=4, getGsmSignalStrength()== 17
W/SignalStrength(  507): getGsmLevel=4
W/SignalStrength(  507): getLevel=4 (SignalStrength: 17 255 -120 -160 -120 -1 -1 99 2147483647 -32767 2147483647 -32767 gsm|lte 4)
V/AlarmManager(  380): waitForAlarm result :1
D/StatusBar-NetworkControllerDS(  507): refreshViews connected={ wifi } level=4|?? combinedSignalIconId=0x7f0200ef/com.android.systemui:drawable/stat_sys_wifi_signal_4 combinedActivityIconId=0x7f0200d9 mAirplaneMode=false mDataActivity1=0 mDataActivity2=0 mPhoneSignalIconId1=0x7f0200cf mPhoneSignalIconId2=0x0 mLastPhoneSignalIconId1=0x7f0200cf mLastPhoneSignalIconId2=0x0 mDataDirectionIconId1=0x7f0200bf mDataDirectionIconId2=0x7f0200bf mDataSignalIconId1=0x7f0200cf mDataSignalIconId2=0x0 mDataTypeIconId1=0x0 mDataTypeIconId2=0x0 mWifiIconId=0x7f0200ef mRoamingIconId1=0x0 mRoamingIconId2=0x0 mBluetoothTetherIconId=0x10806ce
D/SignalClusterView(  507): wifi: VISIBLE sig=2130837743 act=2130837721
D/SignalClusterView(  507): mobile1: VISIBLE sig=2130837711 act=0 typ=0
D/SignalClusterView(  507): mobile2: VISIBLE sig=0 act=0 typ=0
D/SignalClusterView(  507): wifi: VISIBLE sig=2130837743 act=2130837721
D/SignalClusterView(  507): mobile1: VISIBLE sig=2130837711 act=0 typ=0
D/SignalClusterView(  507): mobile2: VISIBLE sig=0 act=0 typ=0
D/SignalClusterView(  507): wifi: VISIBLE sig=2130837743 act=2130837721
D/SignalClusterView(  507): mobile1: VISIBLE sig=2130837711 act=0 typ=0
D/SignalClusterView(  507): mobile2: VISIBLE sig=0 act=0 typ=0
D/StatusBar-NetworkControllerDS(  507): changing data overlay icon id to 2130837721
W/SignalStrength(  507): getGsmLevel. this.mGsmSignalBar=4, getGsmSignalStrength()== 17
W/SignalStrength(  507): getGsmLevel=4
W/SignalStrength(  507): getLevel=4 (SignalStrength: 17 255 -120 -160 -120 -1 -1 99 2147483647 -32767 2147483647 -32767 gsm|lte 4)
D/StatusBar-NetworkControllerDS(  507): refreshViews connected={ wifi } level=4|?? combinedSignalIconId=0x7f0200ef/com.android.systemui:drawable/stat_sys_wifi_signal_4 combinedActivityIconId=0x7f0200da mAirplaneMode=false mDataActivity1=0 mDataActivity2=0 mPhoneSignalIconId1=0x7f0200cf mPhoneSignalIconId2=0x0 mLastPhoneSignalIconId1=0x7f0200cf mLastPhoneSignalIconId2=0x0 mDataDirectionIconId1=0x7f0200bf mDataDirectionIconId2=0x7f0200bf mDataSignalIconId1=0x7f0200cf mDataSignalIconId2=0x0 mDataTypeIconId1=0x0 mDataTypeIconId2=0x0 mWifiIconId=0x7f0200ef mRoamingIconId1=0x0 mRoamingIconId2=0x0 mBluetoothTetherIconId=0x10806ce
D/SignalClusterView(  507): wifi: VISIBLE sig=2130837743 act=2130837722
D/SignalClusterView(  507): mobile1: VISIBLE sig=2130837711 act=0 typ=0
D/SignalClusterView(  507): mobile2: VISIBLE sig=0 act=0 typ=0
D/SignalClusterView(  507): wifi: VISIBLE sig=2130837743 act=2130837722
D/SignalClusterView(  507): mobile1: VISIBLE sig=2130837711 act=0 typ=0
D/SignalClusterView(  507): mobile2: VISIBLE sig=0 act=0 typ=0
D/SignalClusterView(  507): wifi: VISIBLE sig=2130837743 act=2130837722
D/SignalClusterView(  507): mobile1: VISIBLE sig=2130837711 act=0 typ=0
D/SignalClusterView(  507): mobile2: VISIBLE sig=0 act=0 typ=0
D/StatusBar-NetworkControllerDS(  507): changing data overlay icon id to 2130837722
I/iu.UploadsManager(15594): End new media; added: 7, uploading: 0, time: 1381 ms
I/DBG_WSS_DM(16220): [v3_1207_3_1][Line:668][smldmWaitBearerSetting] waits 13 sec
I/DBG_WSS_DM(16220): [v3_1207_3_1][Line:5065][smldmdbGetFUMOStatus] smldmdbGetFUMOStatus 0
I/DBG_WSS_DM(16220): [v3_1207_3_1][Line:1874][wssGetUpdateReport] wssGetUpdateReport : 0
I/DBG_WSS_DM(16220): [v3_1207_3_1][Line:222][smlTaskHandler] SMLMSG_DM_SYNCML_INIT
I/DBG_WSS_DM(16220): [v3_1207_3_1][Line:1691][ProtoIsWIFIConnected] WiFi Connected
I/DBG_WSS_DM(16220): [v3_1207_3_1][Line:439][setCurProfileIndex] poj+UUD/w7kk5KRDrPx8Tw==
I/DBG_WSS_DM(16220): [v3_1207_3_1][Line:31][wssdmFeatureGetBearerSettingFromCSCFotaDataBase] 
I/DBG_WSS_DM(16220): [v3_1207_3_1][Line:5237][smldmdbGetFotaBearerStatus] mBx7mVxoIsllXXAhedT9QA==
I/DBG_WSS_DM(16220): [v3_1207_3_1][Line:44][wssdmFeatureGetBearerSettingFromCSCFotaDataBase] jEd1gSu3jVl8YzFc4wgbTuBr+cL+meRy5osZnj4vi0U=
I/DBG_WSS_DM(16220): [v3_1207_3_1][Line:45][wssdmFeatureGetBearerSettingFromCSCFotaDataBase] jEd1gSu3jVl8YzFc4wgbTl1EJ9pRSX7FxHVhB8owKzl3o63nokSujfTEanrHiU41
I/DBG_WSS_DM(16220): [v3_1207_3_1][Line:46][wssdmFeatureGetBearerSettingFromCSCFotaDataBase] 8AjDbx2cLPQgUFpNel7pJ5xuP8lPcd6CEHvpV1beEHg=
I/DBG_WSS_DM(16220): [v3_1207_3_1][Line:47][wssdmFeatureGetBearerSettingFromCSCFotaDataBase] nOFeDLNnkLs7pSa7Vf1Zj+J/AvpyHb1vVouMI68Z1os=
D/dalvikvm(  111): GC_EXPLICIT freed 43K, 11% free 10240K/11491K, paused 4ms+15ms
I/ActivityThread(16292): Pub com.sec.dsm.system.dsmcontentprovider: com.sec.dsm.system.DSMContentProvider
D/dalvikvm(  111): GC_EXPLICIT freed <1K, 11% free 10240K/11491K, paused 7ms+4ms
D/dalvikvm(  111): GC_EXPLICIT freed <1K, 11% free 10240K/11491K, paused 3ms+2ms
I/DBG_WSS_DM(16220): [v3_1207_3_1][Line:684][wssLawmoAdpGetServerUrl] url : https://dm.samsungdive.com/v1/sdm/magicsync/dm
I/DBG_WSS_DM(16220): [v3_1207_3_1][Line:7764][smldmdbChangeLawmoServerInfo] serverURL =https://dm.samsungdive.com/v1/sdm/magicsync/dm
I/DBG_WSS_DM(16220): [v3_1207_3_1][Line:7794][smldmdbChangeLawmoServerInfo] Not Changed Lawmo ServerInfo
I/DBG_WSS_DM(16220): [v3_1207_3_1][Line:371][wsLawmoDbGetDbLawmoOperation] wsLawmoDbGetDbLawmoOperation: 3
I/DBG_WSS_DM(16220): [v3_1207_3_1][Line:340][wsLawmoDbSetLawmoOperation] nOperation = 3
I/DBG_WSS_DM(16220): [v3_1207_3_1][Line:532][wsMobileTrackingDbGetOperation] wsMobileTrackingDbGetOperation 0
I/DBG_WSS_DM(16220): [v3_1207_3_1][Line:501][wsMobileTrackingDbSetOperation] nOperation = 0
I/DBG_WSS_DM(16220): [v3_1207_3_1][Line:458][_smldmInitAdpEXTInit] smldmdbGetDmAgentType [0]
D/plugin  (  661): getDefaultSubscription()
I/DBG_WSS_DM(16220): [v3_1207_3_1][Line:155][smlNetAdpGetSIMLockState] n0vC/1XlczZPCGYCFEsXSg==
I/DBG_WSS_DM(16220): [v3_1207_3_1][Line:156][smlNetAdpGetSIMLockState] SG9FBIQTROYHVmNmyzIL/7y8WZ4soYbmFunhoNgGZcQ=
E/DBG_WSS_DM(16220): Warning!!! [v3_1207_3_1][Line:171][smlNetAdpGetSIMLockState] SIM Status is not WORKING
I/DBG_WSS_DM(16220): [v3_1207_3_1][Line:176][smlNetAdpGetSIMLockState] bret : false
I/DBG_WSS_DM(16220): [v3_1207_3_1][Line:532][wsMobileTrackingDbGetOperation] wsMobileTrackingDbGetOperation 0
I/DBG_WSS_DM(16220): [v3_1207_3_1][Line:350][wsLawmoDbGetLawmoOperation] wsLawmoDbGetLawmoOperation: 3
I/DBG_WSS_DM(16220): [v3_1207_3_1][Line:5065][smldmdbGetFUMOStatus] smldmdbGetFUMOStatus 0
I/DBG_WSS_DM(16220): [v3_1207_3_1][Line:5894][smldmdbGetDownloadPostponeStatus] Download Postpone status : 0
I/DBG_WSS_DM(16220): [v3_1207_3_1][Line:501][_smldmInitAdpEXTInit] nStatus [0]
I/DBG_WSS_DM(16220): [v3_1207_3_1][Line:769][smldmUIEvent] SML_DM_EVENT_UI_IDLE_STATE :true
I/DBG_WSS_DM(16220): [v3_1207_3_1][Line:5065][smldmdbGetFUMOStatus] smldmdbGetFUMOStatus 0
I/DBG_WSS_DM(16220): [v3_1207_3_1][Line:1691][ProtoIsWIFIConnected] WiFi Connected
I/DBG_WSS_DM(16220): [v3_1207_3_1][Line:270][_smldmInitAdpCheckNetworkReady] NETWORK SERVICE is READY!!![0]
I/DBG_WSS_DM(16220): [v3_1207_3_1][Line:249][smlTaskHandler] SMLMSG_DM_SYNCML_INIT : Initialized
I/DBG_WSS_DM(16220): [v3_1207_3_1][Line:1663][CheckResumeNoti] 
I/DBG_WSS_DM(16220): [v3_1207_3_1][Line:313][__smldmPushAdpExcuteResumeNoti] nSessionSaveState:0
I/DBG_WSS_DM(16220): [v3_1207_3_1][Line:314][__smldmPushAdpExcuteResumeNoti] nNotiUiEvent:0
I/DBG_WSS_DM(16220): [v3_1207_3_1][Line:315][__smldmPushAdpExcuteResumeNoti] nNotiRetryCount:0
I/DBG_WSS_DM(16220): [v3_1207_3_1][Line:386][__smldmPushAdpExcuteResumeNoti] Current NOTI NOT SAVED State. EXIT. EXIT.
I/DBG_WSS_DM(16220): [v3_1207_3_1][Line:40][_smldmPushAdpClearSessionStatus] 
D/STATUSBAR-NotificationService(  380): cancelNotification - pkg:com.wssyncmldm, id:0, tag:null
D/STATUSBAR-NotificationService(  380): cancelNotification - pkg:com.wssyncmldm, id:1, tag:null
D/STATUSBAR-NotificationService(  380): cancelNotification - pkg:com.wssyncmldm, id:2, tag:null
D/STATUSBAR-NotificationService(  380): cancelNotification - pkg:com.wssyncmldm, id:3, tag:null
D/STATUSBAR-NotificationService(  380): cancelNotification - pkg:com.wssyncmldm, id:4, tag:null
D/STATUSBAR-NotificationService(  380): cancelNotification - pkg:com.wssyncmldm, id:5, tag:null
D/STATUSBAR-NotificationService(  380): cancelNotification - pkg:com.wssyncmldm, id:6, tag:null
D/STATUSBAR-NotificationService(  380): cancelNotification - pkg:com.wssyncmldm, id:7, tag:null
D/STATUSBAR-NotificationService(  380): cancelNotification - pkg:com.wssyncmldm, id:8, tag:null
D/STATUSBAR-NotificationService(  380): cancelNotification - pkg:com.wssyncmldm, id:9, tag:null
D/STATUSBAR-NotificationService(  380): cancelNotification - pkg:com.wssyncmldm, id:10, tag:null
D/STATUSBAR-NotificationService(  380): cancelNotification - pkg:com.wssyncmldm, id:11, tag:null
D/STATUSBAR-NotificationService(  380): cancelNotification - pkg:com.wssyncmldm, id:12, tag:null
D/STATUSBAR-NotificationService(  380): cancelNotification - pkg:com.wssyncmldm, id:13, tag:null
D/STATUSBAR-NotificationService(  380): cancelNotification - pkg:com.wssyncmldm, id:14, tag:null
D/STATUSBAR-NotificationService(  380): cancelNotification - pkg:com.wssyncmldm, id:15, tag:null
D/STATUSBAR-NotificationService(  380): cancelNotification - pkg:com.wssyncmldm, id:16, tag:null
D/STATUSBAR-NotificationService(  380): cancelNotification - pkg:com.wssyncmldm, id:17, tag:null
D/STATUSBAR-NotificationService(  380): cancelNotification - pkg:com.wssyncmldm, id:18, tag:null
D/STATUSBAR-NotificationService(  380): cancelNotification - pkg:com.wssyncmldm, id:19, tag:null
I/DBG_WSS_DM(16220): [v3_1207_3_1][Line:6084][smldmdbGetSessionSaveStatus] nSessionSaveState [0], nNotiUiEvent [0]
