D/SignalClusterView(  507): mobile1: VISIBLE sig=2130837711 act=0 typ=0
D/SignalClusterView(  507): mobile2: VISIBLE sig=0 act=0 typ=0
D/SignalClusterView(  507): wifi: VISIBLE sig=2130837741 act=2130837721
D/SignalClusterView(  507): mobile1: VISIBLE sig=2130837711 act=0 typ=0
D/SignalClusterView(  507): mobile2: VISIBLE sig=0 act=0 typ=0
D/StatusBar-NetworkControllerDS(  507): changing data overlay icon id to 2130837721
W/SignalStrength(  507): getGsmLevel. this.mGsmSignalBar=4, getGsmSignalStrength()== 17
W/SignalStrength(  507): getGsmLevel=4
W/SignalStrength(  507): getLevel=4 (SignalStrength: 17 255 -120 -160 -120 -1 -1 99 2147483647 -32767 2147483647 -32767 gsm|lte 4)
D/StatusBar-NetworkControllerDS(  507): refreshViews connected={ wifi } level=4|?? combinedSignalIconId=0x7f0200ed/com.android.systemui:drawable/stat_sys_wifi_signal_3 combinedActivityIconId=0x7f0200da mAirplaneMode=false mDataActivity1=0 mDataActivity2=0 mPhoneSignalIconId1=0x7f0200cf mPhoneSignalIconId2=0x0 mLastPhoneSignalIconId1=0x7f0200cf mLastPhoneSignalIconId2=0x0 mDataDirectionIconId1=0x7f0200bf mDataDirectionIconId2=0x7f0200bf mDataSignalIconId1=0x7f0200cf mDataSignalIconId2=0x0 mDataTypeIconId1=0x0 mDataTypeIconId2=0x0 mWifiIconId=0x7f0200ed mRoamingIconId1=0x0 mRoamingIconId2=0x0 mBluetoothTetherIconId=0x10806ce
D/SignalClusterView(  507): wifi: VISIBLE sig=2130837741 act=2130837722
D/SignalClusterView(  507): mobile1: VISIBLE sig=2130837711 act=0 typ=0
D/SignalClusterView(  507): mobile2: VISIBLE sig=0 act=0 typ=0
D/SignalClusterView(  507): wifi: VISIBLE sig=2130837741 act=2130837722
D/SignalClusterView(  507): mobile1: VISIBLE sig=2130837711 act=0 typ=0
D/SignalClusterView(  507): mobile2: VISIBLE sig=0 act=0 typ=0
D/SignalClusterView(  507): wifi: VISIBLE sig=2130837741 act=2130837722
D/SignalClusterView(  507): mobile1: VISIBLE sig=2130837711 act=0 typ=0
D/SignalClusterView(  507): mobile2: VISIBLE sig=0 act=0 typ=0
D/StatusBar-NetworkControllerDS(  507): changing data overlay icon id to 2130837722
D/Tethering(  380): interfaceLinkStateChanged wlan0, true
D/Tethering(  380): interfaceStatusChanged wlan0, true
D/KeyguardViewMediator(  380): handleTimeout
D/PowerManagerService(  380): releaseWakeLockLocked flags=0x0 tag=keyguard myUID=1000 myPID=380 myTID=448
W/SignalStrength(  507): getGsmLevel. this.mGsmSignalBar=4, getGsmSignalStrength()== 17
W/SignalStrength(  507): getGsmLevel=4
W/SignalStrength(  507): getLevel=4 (SignalStrength: 17 255 -120 -160 -120 -1 -1 99 2147483647 -32767 2147483647 -32767 gsm|lte 4)
D/TWStatusBar-NetworkControllerDS(  507): onReceive() - RSSI_CHANGED_ACTION, WIFI_STATE, NETWORK_STATE
D/StatusBar-NetworkControllerDS(  507): refreshViews connected={ wifi } level=4|?? combinedSignalIconId=0x7f0200ef/com.android.systemui:drawable/stat_sys_wifi_signal_4 combinedActivityIconId=0x7f0200da mAirplaneMode=false mDataActivity1=0 mDataActivity2=0 mPhoneSignalIconId1=0x7f0200cf mPhoneSignalIconId2=0x0 mLastPhoneSignalIconId1=0x7f0200cf mLastPhoneSignalIconId2=0x0 mDataDirectionIconId1=0x7f0200bf mDataDirectionIconId2=0x7f0200bf mDataSignalIconId1=0x7f0200cf mDataSignalIconId2=0x0 mDataTypeIconId1=0x0 mDataTypeIconId2=0x0 mWifiIconId=0x7f0200ef mRoamingIconId1=0x0 mRoamingIconId2=0x0 mBluetoothTetherIconId=0x10806ce
D/SignalClusterView(  507): wifi: VISIBLE sig=2130837743 act=2130837722
D/SignalClusterView(  507): mobile1: VISIBLE sig=2130837711 act=0 typ=0
D/SignalClusterView(  507): mobile2: VISIBLE sig=0 act=0 typ=0
D/SignalClusterView(  507): wifi: VISIBLE sig=2130837743 act=2130837722
D/SignalClusterView(  507): mobile1: VISIBLE sig=2130837711 act=0 typ=0
D/SignalClusterView(  507): mobile2: VISIBLE sig=0 act=0 typ=0
D/SignalClusterView(  507): wifi: VISIBLE sig=2130837743 act=2130837722
D/SignalClusterView(  507): mobile1: VISIBLE sig=2130837711 act=0 typ=0
D/SignalClusterView(  507): mobile2: VISIBLE sig=0 act=0 typ=0
D/BatteryService(  380): update start
D/BatteryService(  380): level:67 scale:100 status:2 health:2 present:true voltage: 3892 temperature: 270 technology: Li-ion AC powered:false USB powered:true icon:17303181 invalid charger:0
D/KeyguardUpdateMonitor(  380): received broadcast android.intent.action.BATTERY_CHANGED
D/KeyguardUpdateMonitor(  380): handleBatteryUpdate
D/STATUSBAR-BatteryController(  507): onReceive() - ACTION_BATTERY_CHANGED
D/STATUSBAR-BatteryController(  507): onReceive() - level:67
D/STATUSBAR-BatteryController(  507): onReceive() - plugged:2
D/STATUSBAR-BatteryController(  507): onReceive() - BATTERY_STATUS_CHARGING:
D/STATUSBAR-PhoneStatusBar(  507): ACTION_BATTERY_CHANGED
D/STATUSBAR-PhoneStatusBar(  507): NORMAL_BATTERY
D/PowerUI (  507): getBatteryOnline : battery online file not found
D/PowerUI (  507): playSound : 1
D/ThermistorObserver(  380): mBatteryBRForAMOLED : onReceive() : newTemperature : 270
V/UiModeManager(  380): updateLocked, mLastBroadcastState =0 , oldAction = null
D/BatteryService(  380): update start
V/MediaPlayer(  507): constructor
D/PowerUI (  507): RINGER_MODE_NORMAL
D/STATUSBAR-NotificationPlayer(  507): run()
V/MediaPlayer(  507): setListener
V/MediaPlayer(  507): MediaPlayer::setAudioStreamType
V/MediaPlayerService(  113): Client(56) constructor
V/MediaPlayerService(  113): Create new client(56) from pid 507, uid 1000, 
V/MediaPlayerService(  113): player type = 3
V/MediaPlayerService(  113):  create StagefrightPlayer
V/AwesomePlayer(  113): setDefault
V/AwesomePlayer(  113): constructor
V/AwesomePlayer(  113): setDefault
I/AwesomePlayer(  113): reset
V/AwesomePlayer(  113): reset_l() cancel player events
V/AwesomePlayer(  113): cancelPlayerEvents (keepNotifications=0)
V/AwesomePlayer(  113): mAudioTrackVector clear
V/AwesomePlayer(  113): mAudioPlayer successfully deleted
V/AwesomePlayer(  113): setListener
V/AwesomePlayer(  113): AwesomePlayer running on behalf of uid 1000
V/AudioSink(  113): AudioOutput(473)
V/AwesomePlayer(  113): setAudioSink
V/MediaPlayerService(  113):  setDataSource
V/AwesomePlayer(  113): setDataSource uri
V/AwesomePlayer(  113): reset_l() cancel player events
V/AwesomePlayer(  113): cancelPlayerEvents (keepNotifications=0)
V/AwesomePlayer(  113): mAudioTrackVector clear
V/AwesomePlayer(  113): mAudioPlayer successfully deleted
V/AwesomePlayer(  113): setDataSource_l uri
V/MediaPlayer(  507): MediaPlayer::setLooping
V/MediaPlayerService(  113): [56] setLooping(0)
V/AwesomePlayer(  113): setLooping (0)
V/MediaPlayer(  507): setVideoSurfaceTexture
V/MediaPlayerService(  113): [56] setVideoSurfaceTexture(0x0)
V/MediaPlayer(  507): prepare
V/MediaPlayerService(  113): [56] setAudioStreamType(5)
V/MediaPlayerService(  113): [56] prepareAsync
V/AwesomePlayer(  113): prepareAsync
D/BatteryService(  380): update start
V/AwesomePlayer(  113): onPrepareAsyncEvent
V/AwesomePlayer(  113): finishSetDataSource_l
V/MediaExtractor(  113): Autodetected media content as 'application/ogg' with confidence 0.20
V/AwesomePlayer(  113): track of type 'audio/vorbis' does not publish bitrate
V/AwesomePlayer(  113): mBitrate = -1 bits/sec
V/AwesomePlayer(  113): current audio track (0)
V/AwesomePlayer(  113): setAudioSource
V/AwesomePlayer(  113): current audio track (0) is added to vector[0]
V/AwesomePlayer(  113): initAudioDecoder
W/OMXCodec(  113): OMXCodec::Create matchComponentName ((null)), flags (0x0), createEncoder (0), mime (audio/vorbis)
W/OMXCodec(  113): Attempting to allocate OMX node 'OMX.google.vorbis.decoder'
E/OMXCodec(  113): Successfully allocated OMX node 'OMX.google.vorbis.decoder'
D/OMXCodec(  113): configureCodec protected=0
V/AwesomePlayer(  113): finishAsyncPrepare_l
V/AwesomePlayer(  113): notifyListner_l() msg (5-MEDIA_SET_VIDEO_SIZE), ext1 (0), ext2 (0)
V/MediaPlayerService(  113): [56] notify (0x1d7b7e0, 5, 0, 0)
V/AwesomePlayer(  113): notifyListner_l() msg (1-MEDIA_PREPARED), ext1 (0), ext2 (0)
V/MediaPlayerService(  113): [56] notify (0x1d7b7e0, 1, 0, 0)
V/MediaPlayer(  507): message received msg=5, ext1=0, ext2=0
V/MediaPlayer(  507): New video size 0 x 0
V/MediaPlayer(  507): callback application
V/MediaPlayer(  507): back from callback
V/MediaPlayer(  507): message received msg=1, ext1=0, ext2=0
V/MediaPlayer(  507): prepared
V/MediaPlayer(  507): signal application thread
V/MediaPlayer(  507): callback application
V/MediaPlayer(  507): back from callback
V/MediaPlayer(  507): prepare complete - status=0
I/AudioService(  380):  AudioFocus  requestAudioFocus() from android.media.AudioManager$4182d000
V/MediaPlayer(  507): start
V/MediaPlayerService(  113): [56] setLooping(0)
V/AwesomePlayer(  113): setLooping (0)
V/MediaPlayerService(  113): [56] setVolume(1.000000, 1.000000)
V/AudioSink(  113): setVolume(1.000000, 1.000000)
V/MediaPlayerService(  113): [56] setAuxEffectSendLevel(0.000000)
V/AudioSink(  113): setAuxEffectSendLevel(0.000000)
V/MediaPlayerService(  113): [56] start
V/AwesomePlayer(  113): setLooping (0)
V/AwesomePlayer(  113): play
I/AwesomePlayer(  113): AwesomePlayer::play_l():: This is not a DRM content
V/AwesomePlayer(  113): AudioPlayer created, Non-LPA mode mime audio/vorbis duration 558480
V/AwesomePlayer(  113): startAudioPlayer_l, sendErrorNotification (0)
E/MTPRx   (16255): In MtpReceiverandroid.intent.action.ACTION_POWER_CONNECTED
I/AudioPlayer(  113): start kKeyAudioPCMFormat : 1
V/AudioSink(  113): open(44100, 1, 1, 4, 473)
V/AudioSink(  113): Creating AudioTrack for Reverb - 0
V/AudioSink(  113): setVolume
V/AudioSink(  113): start
V/AudioPolicyManager(  113): startOutput() output 1, stream 5, session 473
V/AudioPolicyManagerBase(  113): getDeviceForStrategy() from cache strategy 2, device 2
V/AudioPolicyManagerBase(  113): getNewDevice() selected device 0
V/AudioPolicyManagerBase(  113): changeRefCount() stream 5, count 1
V/AudioPolicyManagerBase(  113): getDeviceForStrategy() from cache strategy 2, device 2
V/AudioPolicyManagerBase(  113): getNewDevice() selected device 2
V/AudioPolicyManager(  113): setOutputDevice() output 1 device 2 delayMs 0 force 0
V/AudioPolicyManager(  113): setOutputDevice output :0x1 mCurDevice:0x2
V/AudioPolicyManager(  113): setOutputDevice() setting same device 2 or null device for output 1
V/AwesomePlayer(  113): addBatteryData
V/MediaPlayer(  507): setListener
V/MediaPlayer(  507): disconnect
V/MediaPlayerService(  113): disconnect(55) from pid 507
I/AwesomePlayer(  113): reset
V/AwesomePlayer(  113): reset_l() cancel player events
V/AwesomePlayer(  113): cancelPlayerEvents (keepNotifications=0)
V/AwesomePlayer(  113): mAudioTrackVector clear
V/AudioSink(  113): stop
V/AudioSink(  113): close
V/AudioPolicyManagerBase(  113): releaseOutput() 1
I/OMXCodec(  113): [OMX.google.vorbis.decoder] stop mState=4
I/OMXCodec(  113): [OMX.google.vorbis.decoder] stopped in state 1
I/OMXCodec(  113): OMXCodec destructor 1
V/AwesomePlayer(  113): mAudioPlayer successfully deleted
I/AwesomePlayer(  113): reset
V/AwesomePlayer(  113): reset_l() cancel player events
V/AwesomePlayer(  113): cancelPlayerEvents (keepNotifications=0)
V/AwesomePlayer(  113): mAudioTrackVector clear
V/AwesomePlayer(  113): mAudioPlayer successfully deleted
V/AwesomePlayer(  113): destructor
I/AwesomePlayer(  113): reset
V/AwesomePlayer(  113): reset_l() cancel player events
V/AwesomePlayer(  113): cancelPlayerEvents (keepNotifications=0)
V/AwesomePlayer(  113): mAudioTrackVector clear
V/AwesomePlayer(  113): mAudioPlayer successfully deleted
V/AwesomePlayer(  113): ~AwesomePlayer()
V/MediaPlayer(  507): destructor
V/MediaPlayerService(  113): Client(55) destructor pid = 507
V/AudioSink(  113): close
V/MediaPlayerService(  113): disconnect(55) from pid 507
V/MediaPlayer(  507): disconnect
E/MediaPlayer(  507): mOnVideoSizeChangedListener is null. Failed to send MEDIA_SET_VIDEO_SIZE message.
I/MediaPlayer(  507): Don't send intent. msg.arg1 = 0, msg.arg2 = 0
E/MediaPlayer(  507): mOnPreparedListener is null. Failed to send MEDIA_PREPARED message.
V/AudioHardwareMSM7X27A(  113): open driver
V/AudioHardwareMSM7X27A(  113): get config
V/AudioHardwareMSM7X27A(  113): set config
V/AudioHardwareMSM7X27A(  113): buffer_size: 4800
V/AudioHardwareMSM7X27A(  113): buffer_count: 2
V/AudioHardwareMSM7X27A(  113): channel_count: 2
V/AudioHardwareMSM7X27A(  113): sample_rate: 44100
D/BatteryService(  380): update start
D/BatteryService(  380): level:67 scale:100 status:3 health:2 present:true voltage: 3892 temperature: 270 technology: Li-ion AC powered:false USB powered:false icon:17303167 invalid charger:0
D/KeyguardUpdateMonitor(  380): received broadcast android.intent.action.BATTERY_CHANGED
D/KeyguardUpdateMonitor(  380): handleBatteryUpdate
D/ThermistorObserver(  380): mBatteryBRForAMOLED : onReceive() : newTemperature : 270
V/UiModeManager(  380): updateLocked, mLastBroadcastState =0 , oldAction = null
D/STATUSBAR-BatteryController(  507): onReceive() - ACTION_BATTERY_CHANGED
D/STATUSBAR-BatteryController(  507): onReceive() - level:67
D/STATUSBAR-BatteryController(  507): onReceive() - plugged:0
D/STATUSBAR-BatteryController(  507): onReceive() - BATTERY_STATUS_DISCHARGING: stat_sys_battery
D/STATUSBAR-PhoneStatusBar(  507): ACTION_BATTERY_CHANGED
D/STATUSBAR-PhoneStatusBar(  507): NORMAL_BATTERY
D/PowerUI (  507): getBatteryOnline : battery online file not found
D/BatteryService(  380): update start
D/BatteryService(  380): level:67 scale:100 status:3 health:2 present:true voltage: 3856 temperature: 270 technology: Li-ion AC powered:false USB powered:false icon:17303167 invalid charger:0
E/NetworkScheduler.SchedulerReceiver(  810): Invalid parameter app
E/NetworkScheduler.SchedulerReceiver(  810): Invalid package name : Perhaps you didn't include a PendingIntent in the extras?
W/AlarmManager(  380): FACTORY_ON= 0
D/BatteryService(  380): update start
D/KeyguardUpdateMonitor(  380): received broadcast android.intent.action.BATTERY_CHANGED
D/KeyguardUpdateMonitor(  380): handleBatteryUpdate
D/ThermistorObserver(  380): mBatteryBRForAMOLED : onReceive() : newTemperature : 270
V/UiModeManager(  380): updateLocked, mLastBroadcastState =0 , oldAction = null
D/STATUSBAR-BatteryController(  507): onReceive() - ACTION_BATTERY_CHANGED
D/STATUSBAR-BatteryController(  507): onReceive() - level:67
D/STATUSBAR-BatteryController(  507): onReceive() - plugged:0
D/STATUSBAR-BatteryController(  507): onReceive() - BATTERY_STATUS_DISCHARGING: stat_sys_battery
D/STATUSBAR-PhoneStatusBar(  507): ACTION_BATTERY_CHANGED
D/STATUSBAR-PhoneStatusBar(  507): NORMAL_BATTERY
D/PowerUI (  507): getBatteryOnline : battery online file not found
D/BatteryService(  380): update start
I/iu.Environment(15594): update battery state; isPlugged? true*
I/GCoreUlr( 9960): Starting service, intent=Intent { act=com.google.android.location.reporting.ACTION_UPDATE_WORLD cmp=xxxx (has extras) }, extras=Bundle[{receiverAction=android.intent.action.ACTION_POWER_CONNECTED}]
V/AudioHardwareMSM7X27A(  113): MBADRC Enabled
I/AudioHardwareMSM7X27A(  113): Enabling post proc features with mask 0x0000
I/GCoreUlr( 9960): DispatchingService.onCreate()
I/iu.FingerprintManager(15594): Start processing all media
I/iu.FingerprintManager(15594): Start processing media store URI: content://media/external/images/media
W/KIES_START(16159): KIES_USB_DISCONNECT
I/iu.FingerprintManager(15594): Start processing media store URI: content://media/external/video/media
I/iu.FingerprintManager(15594): Start processing media store URI: content://media/phoneStorage/images/media
I/iu.FingerprintManager(15594): Start processing media store URI: content://media/phoneStorage/video/media
I/iu.FingerprintManager(15594): Finished generating fingerprints; 0.106 seconds
I/iu.FingerprintManager(15594):   numSeen=37 numGenerated=0 numDeleted=0 numFailed=0
I/GCoreUlr( 9960): WorldUpdater received intent Intent { act=com.google.android.location.reporting.ACTION_UPDATE_WORLD cmp=xxxx (has extras) } with receiverAction android.intent.action.ACTION_POWER_CONNECTED
I/iu.UploadsManager(15594): num queued entries: 0
I/iu.UploadsManager(15594): num updated entries: 0
I/iu.SyncManager(15594): NEXT; no task
D/SyncManager(  380): setIsSyncable: provider = com.google.android.location.reporting -> 1
D/SyncManager(  380): setIsSyncable: already set to 1, doing nothing
D/SyncManager(  380): setSyncAutomatically: , provider com.google.android.location.reporting -> true
D/SyncManager(  380): setSyncAutomatically: already set to true, doing nothing
V/SoftVorbis(  113): discarding 651 frames at end of page
W/SignalStrength(  507): getGsmLevel. this.mGsmSignalBar=4, getGsmSignalStrength()== 17
W/SignalStrength(  507): getGsmLevel=4
W/SignalStrength(  507): getLevel=4 (SignalStrength: 17 255 -120 -160 -120 -1 -1 99 2147483647 -32767 2147483647 -32767 gsm|lte 4)
D/StatusBar-NetworkControllerDS(  507): refreshViews connected={ wifi } level=4|?? combinedSignalIconId=0x7f0200ef/com.android.systemui:drawable/stat_sys_wifi_signal_4 combinedActivityIconId=0x7f0200d9 mAirplaneMode=false mDataActivity1=0 mDataActivity2=0 mPhoneSignalIconId1=0x7f0200cf mPhoneSignalIconId2=0x0 mLastPhoneSignalIconId1=0x7f0200cf mLastPhoneSignalIconId2=0x0 mDataDirectionIconId1=0x7f0200bf mDataDirectionIconId2=0x7f0200bf mDataSignalIconId1=0x7f0200cf mDataSignalIconId2=0x0 mDataTypeIconId1=0x0 mDataTypeIconId2=0x0 mWifiIconId=0x7f0200ef mRoamingIconId1=0x0 mRoamingIconId2=0x0 mBluetoothTetherIconId=0x10806ce
D/SignalClusterView(  507): wifi: VISIBLE sig=2130837743 act=2130837721
D/SignalClusterView(  507): mobile1: VISIBLE sig=2130837711 act=0 typ=0
D/SignalClusterView(  507): mobile2: VISIBLE sig=0 act=0 typ=0
D/SignalClusterView(  507): wifi: VISIBLE sig=2130837743 act=2130837721
D/SignalClusterView(  507): mobile1: VISIBLE sig=2130837711 act=0 typ=0
D/SignalClusterView(  507): mobile2: VISIBLE sig=0 act=0 typ=0
D/SignalClusterView(  507): wifi: VISIBLE sig=2130837743 act=2130837721
D/SignalClusterView(  507): mobile1: VISIBLE sig=2130837711 act=0 typ=0
D/SignalClusterView(  507): mobile2: VISIBLE sig=0 act=0 typ=0
D/StatusBar-NetworkControllerDS(  507): changing data overlay icon id to 2130837721
D/SyncManager(  380): setIsSyncable: provider = com.google.android.location.reporting -> 1
D/SyncManager(  380): setIsSyncable: already set to 1, doing nothing
D/SyncManager(  380): setSyncAutomatically: , provider com.google.android.location.reporting -> true
D/SyncManager(  380): setSyncAutomatically: already set to true, doing nothing
V/AwesomePlayer(  113): postAudioEOS delayUs (239895)
I/GCoreUlr( 9960): WorldUpdater:android.intent.action.ACTION_POWER_CONNECTED: Ensuring that reporting is stopped because of reasons: {account#-6#=[InactiveReason{mVersionCode=0, mIdentifier=6, mName='ReportingNotEnabled'}, InactiveReason{mVersionCode=0, mIdentifier=14, mName='HistoryNotEnabled'}], account#15#=[InactiveReason{mVersionCode=0, mIdentifier=6, mName='ReportingNotEnabled'}, InactiveReason{mVersionCode=0, mIdentifier=14, mName='HistoryNotEnabled'}]}
I/GCoreUlr( 9960): Unbound from all location providers
I/GCoreUlr( 9960): DispatchingService.onDestroy()
D/BatteryService(  380): update start
I/GCoreUlr( 9960): Unbound from all location providers
D/KeyguardUpdateMonitor(  380): received broadcast android.intent.action.BATTERY_CHANGED
D/KeyguardUpdateMonitor(  380): handleBatteryUpdate
D/BatteryService(  380): level:67 scale:100 status:2 health:2 present:true voltage: 3872 temperature: 270 technology: Li-ion AC powered:false USB powered:true icon:17303181 invalid charger:0
D/ThermistorObserver(  380): mBatteryBRForAMOLED : onReceive() : newTemperature : 270
V/UiModeManager(  380): updateLocked, mLastBroadcastState =0 , oldAction = null
D/STATUSBAR-BatteryController(  507): onReceive() - ACTION_BATTERY_CHANGED
D/STATUSBAR-BatteryController(  507): onReceive() - level:67
D/STATUSBAR-BatteryController(  507): onReceive() - plugged:2
D/STATUSBAR-BatteryController(  507): onReceive() - BATTERY_STATUS_CHARGING:
D/STATUSBAR-PhoneStatusBar(  507): ACTION_BATTERY_CHANGED
D/STATUSBAR-PhoneStatusBar(  507): NORMAL_BATTERY
D/PowerUI (  507): getBatteryOnline : battery online file not found
D/PowerUI (  507): playSound : 1
D/PowerUI (  507): RINGER_MODE_NORMAL
D/BatteryService(  380): update start
V/MediaPlayer(  507): constructor
V/MediaPlayer(  507): setListener
V/MediaPlayer(  507): MediaPlayer::setAudioStreamType
V/MediaPlayerService(  113): Client(57) constructor
V/MediaPlayerService(  113): Create new client(57) from pid 507, uid 1000, 
V/MediaPlayerService(  113): player type = 3
V/MediaPlayerService(  113):  create StagefrightPlayer
V/AwesomePlayer(  113): setDefault
V/AwesomePlayer(  113): constructor
V/AwesomePlayer(  113): setDefault
I/AwesomePlayer(  113): reset
V/AwesomePlayer(  113): reset_l() cancel player events
V/AwesomePlayer(  113): cancelPlayerEvents (keepNotifications=0)
V/AwesomePlayer(  113): mAudioTrackVector clear
V/AwesomePlayer(  113): mAudioPlayer successfully deleted
V/AwesomePlayer(  113): setListener
V/AwesomePlayer(  113): AwesomePlayer running on behalf of uid 1000
V/AudioSink(  113): AudioOutput(474)
V/AwesomePlayer(  113): setAudioSink
V/MediaPlayerService(  113):  setDataSource
V/AwesomePlayer(  113): setDataSource uri
V/AwesomePlayer(  113): reset_l() cancel player events
V/AwesomePlayer(  113): cancelPlayerEvents (keepNotifications=0)
V/AwesomePlayer(  113): mAudioTrackVector clear
V/AwesomePlayer(  113): mAudioPlayer successfully deleted
V/AwesomePlayer(  113): setDataSource_l uri
V/MediaPlayer(  507): MediaPlayer::setLooping
V/MediaPlayerService(  113): [57] setLooping(0)
V/AwesomePlayer(  113): setLooping (0)
V/MediaPlayer(  507): setVideoSurfaceTexture
V/MediaPlayerService(  113): [57] setVideoSurfaceTexture(0x0)
V/MediaPlayer(  507): prepare
V/MediaPlayerService(  113): [57] setAudioStreamType(5)
V/MediaPlayerService(  113): [57] prepareAsync
V/AwesomePlayer(  113): prepareAsync
V/AwesomePlayer(  113): onPrepareAsyncEvent
V/AwesomePlayer(  113): finishSetDataSource_l
V/MediaExtractor(  113): Autodetected media content as 'application/ogg' with confidence 0.20
D/STATUSBAR-NotificationPlayer(  507): run()
V/AwesomePlayer(  113): track of type 'audio/vorbis' does not publish bitrate
V/AwesomePlayer(  113): mBitrate = -1 bits/sec
V/AwesomePlayer(  113): current audio track (0)
V/AwesomePlayer(  113): setAudioSource
V/AwesomePlayer(  113): current audio track (0) is added to vector[0]
V/AwesomePlayer(  113): initAudioDecoder
W/OMXCodec(  113): OMXCodec::Create matchComponentName ((null)), flags (0x0), createEncoder (0), mime (audio/vorbis)
W/OMXCodec(  113): Attempting to allocate OMX node 'OMX.google.vorbis.decoder'
E/OMXCodec(  113): Successfully allocated OMX node 'OMX.google.vorbis.decoder'
D/OMXCodec(  113): configureCodec protected=0
V/AwesomePlayer(  113): finishAsyncPrepare_l
V/AwesomePlayer(  113): notifyListner_l() msg (5-MEDIA_SET_VIDEO_SIZE), ext1 (0), ext2 (0)
V/MediaPlayerService(  113): [57] notify (0x1da6f98, 5, 0, 0)
V/MediaPlayer(  507): message received msg=5, ext1=0, ext2=0
V/MediaPlayer(  507): New video size 0 x 0
V/MediaPlayer(  507): callback application
V/MediaPlayer(  507): back from callback
V/AwesomePlayer(  113): notifyListner_l() msg (1-MEDIA_PREPARED), ext1 (0), ext2 (0)
V/MediaPlayerService(  113): [57] notify (0x1da6f98, 1, 0, 0)
V/MediaPlayer(  507): message received msg=1, ext1=0, ext2=0
V/MediaPlayer(  507): prepared
V/MediaPlayer(  507): signal application thread
V/MediaPlayer(  507): callback application
V/MediaPlayer(  507): back from callback
V/MediaPlayer(  507): prepare complete - status=0
I/AudioService(  380):  AudioFocus  requestAudioFocus() from android.media.AudioManager$4182d000
I/AudioService(  380): FocusChangeHint is same, so return Granted
V/MediaPlayer(  507): start
V/MediaPlayerService(  113): [57] setLooping(0)
V/AwesomePlayer(  113): setLooping (0)
V/MediaPlayerService(  113): [57] setVolume(1.000000, 1.000000)
V/AudioSink(  113): setVolume(1.000000, 1.000000)
V/MediaPlayerService(  113): [57] setAuxEffectSendLevel(0.000000)
V/AudioSink(  113): setAuxEffectSendLevel(0.000000)
V/MediaPlayerService(  113): [57] start
V/AwesomePlayer(  113): setLooping (0)
V/AwesomePlayer(  113): play
I/AwesomePlayer(  113): AwesomePlayer::play_l():: This is not a DRM content
V/AwesomePlayer(  113): AudioPlayer created, Non-LPA mode mime audio/vorbis duration 558480
V/AwesomePlayer(  113): startAudioPlayer_l, sendErrorNotification (0)
D/BatteryService(  380): update start
I/AudioPlayer(  113): start kKeyAudioPCMFormat : 1
V/AudioSink(  113): open(44100, 1, 1, 4, 474)
V/AudioSink(  113): Creating AudioTrack for Reverb - 0
V/AudioSink(  113): setVolume
V/AudioSink(  113): start
V/AudioPolicyManager(  113): startOutput() output 1, stream 5, session 474
V/AudioPolicyManagerBase(  113): getDeviceForStrategy() from cache strategy 2, device 2
V/AudioPolicyManagerBase(  113): getDeviceForStrategy() from cache strategy 2, device 2
V/AudioPolicyManagerBase(  113): getNewDevice() selected device 2
V/AudioPolicyManagerBase(  113): changeRefCount() stream 5, count 2
V/AudioPolicyManagerBase(  113): getDeviceForStrategy() from cache strategy 2, device 2
V/AudioPolicyManagerBase(  113): getNewDevice() selected device 2
V/AudioPolicyManager(  113): setOutputDevice() output 1 device 2 delayMs 0 force 0
V/AudioPolicyManager(  113): setOutputDevice output :0x1 mCurDevice:0x2
V/AudioPolicyManager(  113): setOutputDevice() setting same device 2 or null device for output 1
V/AwesomePlayer(  113): addBatteryData
V/MediaPlayer(  507): setListener
V/MediaPlayer(  507): disconnect
V/MediaPlayerService(  113): disconnect(56) from pid 507
I/AwesomePlayer(  113): reset
V/AwesomePlayer(  113): addBatteryData
V/AwesomePlayer(  113): reset_l() cancel player events
V/AwesomePlayer(  113): cancelPlayerEvents (keepNotifications=0)
V/AwesomePlayer(  113): mAudioTrackVector clear
V/AudioSink(  113): stop
V/AudioPolicyManager(  113): stopOutput() output 1, stream 5, session 473
V/AudioPolicyManagerBase(  113): changeRefCount() stream 5, count 1
V/AudioPolicyManagerBase(  113): getDeviceForStrategy() from cache strategy 2, device 2
V/AudioPolicyManagerBase(  113): getNewDevice() selected device 2
V/AudioPolicyManagerBase(  113): getDeviceForStrategy() from cache strategy 2, device 2
V/AudioPolicyManagerBase(  113): getNewDevice() selected device 2
V/AudioPolicyManager(  113): setOutputDevice() output 1 device 2 delayMs 72 force 0
V/AudioPolicyManager(  113): setOutputDevice output :0x1 mCurDevice:0x2
V/AudioPolicyManager(  113): setOutputDevice() setting same device 2 or null device for output 1
W/TimedEventQueue(  113): Event 2 was not found in the queue, already cancelled?
V/AudioSink(  113): close
V/AudioPolicyManagerBase(  113): releaseOutput() 1
I/OMXCodec(  113): [OMX.google.vorbis.decoder] stop mState=4
I/OMXCodec(  113): [OMX.google.vorbis.decoder] stopped in state 1
I/OMXCodec(  113): OMXCodec destructor 1
V/AwesomePlayer(  113): mAudioPlayer successfully deleted
I/AwesomePlayer(  113): reset
V/AwesomePlayer(  113): reset_l() cancel player events
V/AwesomePlayer(  113): cancelPlayerEvents (keepNotifications=0)
V/AwesomePlayer(  113): mAudioTrackVector clear
V/AwesomePlayer(  113): mAudioPlayer successfully deleted
V/AwesomePlayer(  113): destructor
I/AwesomePlayer(  113): reset
V/AwesomePlayer(  113): reset_l() cancel player events
V/AwesomePlayer(  113): cancelPlayerEvents (keepNotifications=0)
V/AwesomePlayer(  113): mAudioTrackVector clear
V/AwesomePlayer(  113): mAudioPlayer successfully deleted
V/AwesomePlayer(  113): ~AwesomePlayer()
V/MediaPlayer(  507): destructor
V/MediaPlayerService(  113): Client(56) destructor pid = 507
V/AudioSink(  113): close
D/BatteryService(  380): update start
V/MediaPlayerService(  113): disconnect(56) from pid 507
V/MediaPlayer(  507): disconnect
E/MediaPlayer(  507): mOnVideoSizeChangedListener is null. Failed to send MEDIA_SET_VIDEO_SIZE message.
I/MediaPlayer(  507): Don't send intent. msg.arg1 = 0, msg.arg2 = 0
E/MediaPlayer(  507): mOnPreparedListener is null. Failed to send MEDIA_PREPARED message.
V/UsbDeviceManager(  380): USB UEVENT: {USB_STATE=CONNECTED, SUBSYSTEM=android_usb, DEVPATH=/devices/virtual/android_usb/android0, SEQNUM=31683, ACTION=change}
D/UsbDeviceManager(  380): handleMessage -> MSG_UPDATE_STATE connected = 1,configured = 0
D/UsbDeviceManager(  380): updateUsbNotification : mConnected = true, mConfigured = false, mCurrentFunctions = mtp,adb
D/ApplicationPolicy(  380): isStatusBarNotificationAllowed: packageName = android
V/SoftVorbis(  113): discarding 651 frames at end of page
D/STATUSBAR-NotificationService(  380): Noti Alert - mSystemReady:true, AlertEnabled:true
D/UsbDeviceManager(  380): updateUsbNotification : notify id = 17040625, title = Connected as a media device
D/UsbDeviceManager(  380): updateAdbNotification : mAdbEnabled = true, mConnected = true, mAdbNotificationShown = false
D/UsbDeviceManager(  380): don't notify adb
D/KeyguardViewMediator(  380): setHidden false
D/UsbDeviceManager(  380): sending intent : ACTION_USB_STATE : connected = true, configured = false, functions = mtp,adb
D/KeyguardViewMediator(  380): setHidden false
V/AwesomePlayer(  113): postAudioEOS delayUs (239895)
V/UsbDeviceManager(  380): USB UEVENT: {USB_STATE=CONFIGURED, SUBSYSTEM=android_usb, DEVPATH=/devices/virtual/android_usb/android0, SEQNUM=31685, ACTION=change}
D/UsbDeviceManager(  380): handleMessage -> MSG_UPDATE_STATE connected = 1,configured = 1
D/UsbDeviceManager(  380): updateUsbNotification : mConnected = true, mConfigured = true, mCurrentFunctions = mtp,adb
D/UsbDeviceManager(  380): updateAdbNotification : mAdbEnabled = true, mConnected = true, mAdbNotificationShown = false
D/UsbDeviceManager(  380): don't notify adb
D/UsbDeviceManager(  380): sending intent : ACTION_USB_STATE : connected = true, configured = true, functions = mtp,adb
V/AwesomePlayer(  113): onCheckAudioStatus
V/AwesomePlayer(  113): onCheckAudioStatus() set AUDIO_AT_EOS flag
V/AwesomePlayer(  113): onStreamDone
V/AwesomePlayer(  113): MEDIA_PLAYBACK_COMPLETE
V/AwesomePlayer(  113): notifyListner_l() msg (2-MEDIA_PLAYBACK_COMPLETE), ext1 (0), ext2 (0)
V/MediaPlayerService(  113): [57] notify (0x1da6f98, 2, 0, 0)
V/AwesomePlayer(  113): cancelPlayerEvents (keepNotifications=1)
V/AudioSink(  113): stop
V/MediaPlayer(  507): message received msg=2, ext1=0, ext2=0
V/MediaPlayer(  507): playback complete
V/MediaPlayer(  507): callback application
V/MediaPlayer(  507): back from callback
I/MediaPlayer(  507): mOnCompletionListener. Send MEDIA_PLAYBACK_COMPLETE message.
I/AudioService(  380):  AudioFocus  abandonAudioFocus() from android.media.AudioManager$4182d000
V/AudioPolicyManager(  113): stopOutput() output 1, stream 5, session 474
V/AudioPolicyManagerBase(  113): changeRefCount() stream 5, count 0
V/AudioPolicyManagerBase(  113): getNewDevice() selected device 0
V/AudioPolicyManagerBase(  113): getNewDevice() selected device 0
V/AudioPolicyManager(  113): setOutputDevice() output 1 device 0 delayMs 72 force 0
V/AudioPolicyManager(  113): setOutputDevice() setting same device 0 or null device for output 1
V/AwesomePlayer(  113): addBatteryData
W/SignalStrength(  507): getGsmLevel. this.mGsmSignalBar=4, getGsmSignalStrength()== 17
W/SignalStrength(  507): getGsmLevel=4
W/SignalStrength(  507): getLevel=4 (SignalStrength: 17 255 -120 -160 -120 -1 -1 99 2147483647 -32767 2147483647 -32767 gsm|lte 4)
D/StatusBar-NetworkControllerDS(  507): refreshViews connected={ wifi } level=4|?? combinedSignalIconId=0x7f0200ef/com.android.systemui:drawable/stat_sys_wifi_signal_4 combinedActivityIconId=0x7f0200d8 mAirplaneMode=false mDataActivity1=0 mDataActivity2=0 mPhoneSignalIconId1=0x7f0200cf mPhoneSignalIconId2=0x0 mLastPhoneSignalIconId1=0x7f0200cf mLastPhoneSignalIconId2=0x0 mDataDirectionIconId1=0x7f0200bf mDataDirectionIconId2=0x7f0200bf mDataSignalIconId1=0x7f0200cf mDataSignalIconId2=0x0 mDataTypeIconId1=0x0 mDataTypeIconId2=0x0 mWifiIconId=0x7f0200ef mRoamingIconId1=0x0 mRoamingIconId2=0x0 mBluetoothTetherIconId=0x10806ce
D/SignalClusterView(  507): wifi: VISIBLE sig=2130837743 act=2130837720
D/SignalClusterView(  507): mobile1: VISIBLE sig=2130837711 act=0 typ=0
D/SignalClusterView(  507): mobile2: VISIBLE sig=0 act=0 typ=0
D/SignalClusterView(  507): wifi: VISIBLE sig=2130837743 act=2130837720
D/SignalClusterView(  507): mobile1: VISIBLE sig=2130837711 act=0 typ=0
D/SignalClusterView(  507): mobile2: VISIBLE sig=0 act=0 typ=0
D/SignalClusterView(  507): wifi: VISIBLE sig=2130837743 act=2130837720
D/SignalClusterView(  507): mobile1: VISIBLE sig=2130837711 act=0 typ=0
D/SignalClusterView(  507): mobile2: VISIBLE sig=0 act=0 typ=0
D/StatusBar-NetworkControllerDS(  507): changing data overlay icon id to 2130837720
E/MTPRx   (16255): In MtpReceiverandroid.intent.action.ACTION_POWER_DISCONNECTED
W/MTPRx   (16255): USB removed
W/MTPRx   (16255): MTP_RUNNING_STATUS = 0
I/iu.Environment(15594): update battery state; isPlugged? false*
I/GCoreUlr( 9960): Starting service, intent=Intent { act=com.google.android.location.reporting.ACTION_UPDATE_WORLD cmp=xxxx (has extras) }, extras=Bundle[{receiverAction=android.intent.action.ACTION_POWER_DISCONNECTED}]
I/GCoreUlr( 9960): DispatchingService.onCreate()
E/MTPRx   (16255): In MtpReceiverandroid.intent.action.ACTION_POWER_CONNECTED
W/SignalStrength(  507): getGsmLevel. this.mGsmSignalBar=4, getGsmSignalStrength()== 17
W/SignalStrength(  507): getGsmLevel=4
W/SignalStrength(  507): getLevel=4 (SignalStrength: 17 255 -120 -160 -120 -1 -1 99 2147483647 -32767 2147483647 -32767 gsm|lte 4)
D/StatusBar-NetworkControllerDS(  507): refreshViews connected={ wifi } level=4|?? combinedSignalIconId=0x7f0200ef/com.android.systemui:drawable/stat_sys_wifi_signal_4 combinedActivityIconId=0x7f0200da mAirplaneMode=false mDataActivity1=0 mDataActivity2=0 mPhoneSignalIconId1=0x7f0200cf mPhoneSignalIconId2=0x0 mLastPhoneSignalIconId1=0x7f0200cf mLastPhoneSignalIconId2=0x0 mDataDirectionIconId1=0x7f0200bf mDataDirectionIconId2=0x7f0200bf mDataSignalIconId1=0x7f0200cf mDataSignalIconId2=0x0 mDataTypeIconId1=0x0 mDataTypeIconId2=0x0 mWifiIconId=0x7f0200ef mRoamingIconId1=0x0 mRoamingIconId2=0x0 mBluetoothTetherIconId=0x10806ce
D/SignalClusterView(  507): wifi: VISIBLE sig=2130837743 act=2130837722
D/SignalClusterView(  507): mobile1: VISIBLE sig=2130837711 act=0 typ=0
D/SignalClusterView(  507): mobile2: VISIBLE sig=0 act=0 typ=0
D/SignalClusterView(  507): wifi: VISIBLE sig=2130837743 act=2130837722
D/SignalClusterView(  507): mobile1: VISIBLE sig=2130837711 act=0 typ=0
D/SignalClusterView(  507): mobile2: VISIBLE sig=0 act=0 typ=0
D/SignalClusterView(  507): wifi: VISIBLE sig=2130837743 act=2130837722
D/SignalClusterView(  507): mobile1: VISIBLE sig=2130837711 act=0 typ=0
D/SignalClusterView(  507): mobile2: VISIBLE sig=0 act=0 typ=0
D/StatusBar-NetworkControllerDS(  507): changing data overlay icon id to 2130837722
E/NetworkScheduler.SchedulerReceiver(  810): Invalid parameter app
E/NetworkScheduler.SchedulerReceiver(  810): Invalid package name : Perhaps you didn't include a PendingIntent in the extras?
W/AlarmManager(  380): FACTORY_ON= 0
I/GCoreUlr( 9960): WorldUpdater received intent Intent { act=com.google.android.location.reporting.ACTION_UPDATE_WORLD cmp=xxxx (has extras) } with receiverAction android.intent.action.ACTION_POWER_DISCONNECTED
I/iu.Environment(15594): update battery state; isPlugged? true*
I/GCoreUlr( 9960): Starting service, intent=Intent { act=com.google.android.location.reporting.ACTION_UPDATE_WORLD cmp=xxxx (has extras) }, extras=Bundle[{receiverAction=android.intent.action.ACTION_POWER_CONNECTED}]
I/iu.FingerprintManager(15594): Start processing all media
E/MTPRx   (16255): In MtpReceiverandroid.hardware.usb.action.USB_STATE
E/MTPRx   (16255): himanshu value of dev_boot_completed is1
E/MTPRx   (16255): himanshu booting is completed
E/MTPRx   (16255): himanshu check value of boot_completed is1
E/MTPRx   (16255): himanshu check booting is completed
E/MTPRx   (16255): Sd-Card path/mnt/extSdCard
E/MTPRx   (16255): Status for mount/Unmount :removed
E/MTPRx   (16255): SDcard is not available
E/MTPRx   (16255): The value of first_boot is  1
E/MTPRx   (16255): [ 662] The value of first_boot is  1NORMAL SEQUENCE 
W/MTPRx   (16255): value of connected istrue
W/MTPRx   (16255): value of mtpEnabled istrue
W/MTPRx   (16255): value of ptpEnabled isfalse
E/MTPRx   (16255): Received USB_STATE with sdCardLaunch = 0
E/MTPRx   (16255): file kieswifi.dat is not found
E/MTPRx   (16255): usb mode = 0
I/iu.FingerprintManager(15594): Start processing media store URI: content://media/external/images/media
I/iu.UploadsManager(15594): num queued entries: 0
E/MTPRx   (16255): sending MTP_ICON_ENABLED to stack
E/MTPRx   (16255): else part ... so first time!!!
D/PowerManagerService(  380): setScreenOffTimeouts mKeylightDelay=113000 mDimDelay=0 mScreenOffDelay=7000 mDimScreen=true
E/MtpService(16255): onCreate.
E/MtpService(16255): onStartCommand.
W/MTPRx   (16255): calling native method
E/MTPJNIInterface(16255): < MTP > Registering BroadCast receiver :::::
I/System.out(16255): noti = 10
E/MtpService(16255): onStartCommand.
W/MTPRx   (16255): calling native method
E/MTPJNIInterface(16255): < MTP > Registering BroadCast receiver :::::
D/MtpService(15159): addStorageLocked 65537 /mnt/sdcard
D/MtpService(15159): starting MTP server in MTP mode
E/MtpServerJNI(15159): could not open MTP driver, errno: 2
D/MtpService(15159): addStorageLocked 65537 /mnt/sdcard
E/MtpServerJNI(15159): server is null in add_storage
E/MtpServerJNI(15159): server is null in run
E/MtpServerJNI(15159): server is null in cleanup
E/MTPRx   (16255): Checking the driver time out
I/System.out(16255): noti = 2
D/        (16255): event handler thread is created, so set the flag
E/MTPRx   (16255): called native method
I/System.out(16255): setting Media scanner status0
I/System.out(16255): After setting Media scanner status0
E/MTPJNIInterface(16255): tethering status = false
E/MTPJNIInterface(16255): tethering status = false
W/MTPRx   (16255): notification from stack 1
I/System.out(16255): Getting media scanner status0
I/iu.FingerprintManager(15594): Start processing media store URI: content://media/external/video/media
E/MtpService(16255): handleMessage. msg= { what=0 when=-33ms arg1=1 obj=Intent { cmp=xxxx } }
I/iu.FingerprintManager(15594): Start processing media store URI: content://media/phoneStorage/images/media
I/iu.FingerprintManager(15594): Start processing media store URI: content://media/phoneStorage/video/media
I/iu.FingerprintManager(15594): Finished generating fingerprints; 0.201 seconds
I/iu.FingerprintManager(15594):   numSeen=37 numGenerated=0 numDeleted=0 numFailed=0
E/NotificationService(  380): Ignoring notification with icon==0: Notification(contentView=null vibrate=null,sound=null,defaults=0x0,flags=0x62)
D/STATUSBAR-NotificationService(  380): Noti Alert - mSystemReady:true, AlertEnabled:true
E/MtpService(16255): handleMessage. msg= { what=0 when=-67ms arg1=2 obj=Intent { cmp=xxxx } }
I/iu.UploadsManager(15594): num updated entries: 0
E/NotificationService(  380): Ignoring notification with icon==0: Notification(contentView=null vibrate=null,sound=null,defaults=0x0,flags=0x62)
D/STATUSBAR-NotificationService(  380): Noti Alert - mSystemReady:true, AlertEnabled:true
I/iu.SyncManager(15594): NEXT; no task
W/SignalStrength(  507): getGsmLevel. this.mGsmSignalBar=4, getGsmSignalStrength()== 17
W/SignalStrength(  507): getGsmLevel=4
W/SignalStrength(  507): getLevel=4 (SignalStrength: 17 255 -120 -160 -120 -1 -1 99 2147483647 -32767 2147483647 -32767 gsm|lte 4)
D/TWStatusBar-NetworkControllerDS(  507): onReceive() - RSSI_CHANGED_ACTION, WIFI_STATE, NETWORK_STATE
D/StatusBar-NetworkControllerDS(  507): refreshViews connected={ wifi } level=4|?? combinedSignalIconId=0x7f0200ed/com.android.systemui:drawable/stat_sys_wifi_signal_3 combinedActivityIconId=0x7f0200da mAirplaneMode=false mDataActivity1=0 mDataActivity2=0 mPhoneSignalIconId1=0x7f0200cf mPhoneSignalIconId2=0x0 mLastPhoneSignalIconId1=0x7f0200cf mLastPhoneSignalIconId2=0x0 mDataDirectionIconId1=0x7f0200bf mDataDirectionIconId2=0x7f0200bf mDataSignalIconId1=0x7f0200cf mDataSignalIconId2=0x0 mDataTypeIconId1=0x0 mDataTypeIconId2=0x0 mWifiIconId=0x7f0200ed mRoamingIconId1=0x0 mRoamingIconId2=0x0 mBluetoothTetherIconId=0x10806ce
D/SignalClusterView(  507): wifi: VISIBLE sig=2130837741 act=2130837722
D/SignalClusterView(  507): mobile1: VISIBLE sig=2130837711 act=0 typ=0
D/SignalClusterView(  507): mobile2: VISIBLE sig=0 act=0 typ=0
D/SignalClusterView(  507): wifi: VISIBLE sig=2130837741 act=2130837722
D/SignalClusterView(  507): mobile1: VISIBLE sig=2130837711 act=0 typ=0
D/SignalClusterView(  507): mobile2: VISIBLE sig=0 act=0 typ=0
D/SignalClusterView(  507): wifi: VISIBLE sig=2130837741 act=2130837722
D/SignalClusterView(  507): mobile1: VISIBLE sig=2130837711 act=0 typ=0
D/SignalClusterView(  507): mobile2: VISIBLE sig=0 act=0 typ=0
D/SyncManager(  380): setIsSyncable: provider = com.google.android.location.reporting -> 1
D/SyncManager(  380): setIsSyncable: already set to 1, doing nothing
D/SyncManager(  380): setSyncAutomatically: , provider com.google.android.location.reporting -> true
D/SyncManager(  380): setSyncAutomatically: already set to true, doing nothing
I/iu.UploadsManager(15594): num queued entries: 0
I/iu.UploadsManager(15594): num updated entries: 0
I/iu.SyncManager(15594): NEXT; no task
D/SyncManager(  380): setIsSyncable: provider = com.google.android.location.reporting -> 1
D/SyncManager(  380): setIsSyncable: already set to 1, doing nothing
D/SyncManager(  380): setSyncAutomatically: , provider com.google.android.location.reporting -> true
D/SyncManager(  380): setSyncAutomatically: already set to true, doing nothing
I/GCoreUlr( 9960): WorldUpdater:android.intent.action.ACTION_POWER_DISCONNECTED: Ensuring that reporting is stopped because of reasons: {account#-6#=[InactiveReason{mVersionCode=0, mIdentifier=6, mName='ReportingNotEnabled'}, InactiveReason{mVersionCode=0, mIdentifier=14, mName='HistoryNotEnabled'}], account#15#=[InactiveReason{mVersionCode=0, mIdentifier=6, mName='ReportingNotEnabled'}, InactiveReason{mVersionCode=0, mIdentifier=14, mName='HistoryNotEnabled'}]}
I/GCoreUlr( 9960): Unbound from all location providers
I/GCoreUlr( 9960): WorldUpdater received intent Intent { act=com.google.android.location.reporting.ACTION_UPDATE_WORLD cmp=xxxx (has extras) } with receiverAction android.intent.action.ACTION_POWER_CONNECTED
D/SyncManager(  380): setIsSyncable: provider = com.google.android.location.reporting -> 1
D/SyncManager(  380): setIsSyncable: already set to 1, doing nothing
D/SyncManager(  380): setSyncAutomatically: , provider com.google.android.location.reporting -> true
D/SyncManager(  380): setSyncAutomatically: already set to true, doing nothing
D/SyncManager(  380): setIsSyncable: provider = com.google.android.location.reporting -> 1
D/SyncManager(  380): setIsSyncable: already set to 1, doing nothing
D/SyncManager(  380): setSyncAutomatically: , provider com.google.android.location.reporting -> true
D/SyncManager(  380): setSyncAutomatically: already set to true, doing nothing
W/SignalStrength(  507): getGsmLevel. this.mGsmSignalBar=4, getGsmSignalStrength()== 17
W/SignalStrength(  507): getGsmLevel=4
W/SignalStrength(  507): getLevel=4 (SignalStrength: 17 255 -120 -160 -120 -1 -1 99 2147483647 -32767 2147483647 -32767 gsm|lte 4)
D/StatusBar-NetworkControllerDS(  507): refreshViews connected={ wifi } level=4|?? combinedSignalIconId=0x7f0200ed/com.android.systemui:drawable/stat_sys_wifi_signal_3 combinedActivityIconId=0x7f0200d9 mAirplaneMode=false mDataActivity1=0 mDataActivity2=0 mPhoneSignalIconId1=0x7f0200cf mPhoneSignalIconId2=0x0 mLastPhoneSignalIconId1=0x7f0200cf mLastPhoneSignalIconId2=0x0 mDataDirectionIconId1=0x7f0200bf mDataDirectionIconId2=0x7f0200bf mDataSignalIconId1=0x7f0200cf mDataSignalIconId2=0x0 mDataTypeIconId1=0x0 mDataTypeIconId2=0x0 mWifiIconId=0x7f0200ed mRoamingIconId1=0x0 mRoamingIconId2=0x0 mBluetoothTetherIconId=0x10806ce
D/SignalClusterView(  507): wifi: VISIBLE sig=2130837741 act=2130837721
D/SignalClusterView(  507): mobile1: VISIBLE sig=2130837711 act=0 typ=0
D/SignalClusterView(  507): mobile2: VISIBLE sig=0 act=0 typ=0
D/SignalClusterView(  507): wifi: VISIBLE sig=2130837741 act=2130837721
D/SignalClusterView(  507): mobile1: VISIBLE sig=2130837711 act=0 typ=0
D/SignalClusterView(  507): mobile2: VISIBLE sig=0 act=0 typ=0
D/SignalClusterView(  507): wifi: VISIBLE sig=2130837741 act=2130837721
D/SignalClusterView(  507): mobile1: VISIBLE sig=2130837711 act=0 typ=0
D/SignalClusterView(  507): mobile2: VISIBLE sig=0 act=0 typ=0
D/StatusBar-NetworkControllerDS(  507): changing data overlay icon id to 2130837721
I/GCoreUlr( 9960): WorldUpdater:android.intent.action.ACTION_POWER_CONNECTED: Ensuring that reporting is stopped because of reasons: {account#-6#=[InactiveReason{mVersionCode=0, mIdentifier=6, mName='ReportingNotEnabled'}, InactiveReason{mVersionCode=0, mIdentifier=14, mName='HistoryNotEnabled'}], account#15#=[InactiveReason{mVersionCode=0, mIdentifier=6, mName='ReportingNotEnabled'}, InactiveReason{mVersionCode=0, mIdentifier=14, mName='HistoryNotEnabled'}]}
I/GCoreUlr( 9960): Unbound from all location providers
I/GCoreUlr( 9960): DispatchingService.onDestroy()
I/GCoreUlr( 9960): Unbound from all location providers
D/        (16255): written string MTP into file /sys/devices/platform/android_usb
E/SMD     (  106): DCD ON
E/MTPJNIInterface(16255): Sd-Card path/mnt/extSdCard
E/MTPJNIInterface(16255): Status for mount/Unmount :removed
E/MTPJNIInterface(16255): SDcard is not available
D/        (16255): written string DATA_STORE_ID into file /data/hidden_volume.txt 
D/        (16255):  
D/        (16255): written string CACHE_STORE_ID into file /cache/hidden_volume.txt 
D/        (16255):  
E/MTPJNIInterface(16255): Sd-Card path/mnt/extSdCard
E/MTPJNIInterface(16255): Status for mount/Unmount :removed
E/MTPJNIInterface(16255): SDcard is not available
W/MTPRx   (16255): notification from stack 2
D/        (16255): [mtp_init_device] Going to open(): /dev/usb_mtp_gadget
E/        (16255): [mtp_init_device]  After open the MTP fd = 53 and line = 664...
D/        (16255): [mtp_init_device] IOCTL SET_MTP_USER_PID Sucesss 
D/        (16255): *****Starting mtp_io()
W/MTPRx   (16255): notification from stack 3
D/        (16255): [mtp_start_io] source_thread Creation 
D/        (16255): [mtp_start_io] sink_thread Creation 
D/        (16255): [mtp_start_io:354] sink thread created so set th_sink
W/MTPRx   (16255): notification from stack 14
E/MTPRx   (16255): Open session has come  remove the  Messagetrue
W/MTPRx   (16255): notification from stack 3
W/MTPRx   (16255): notification from stack 14
E/MTPRx   (16255): Open session has come  remove the  Messagetrue
W/MTPRx   (16255): notification from stack 3
W/SignalStrength(  507): getGsmLevel. this.mGsmSignalBar=4, getGsmSignalStrength()== 17
W/SignalStrength(  507): getGsmLevel=4
W/SignalStrength(  507): getLevel=4 (SignalStrength: 17 255 -120 -160 -120 -1 -1 99 2147483647 -32767 2147483647 -32767 gsm|lte 4)
D/StatusBar-NetworkControllerDS(  507): refreshViews connected={ wifi } level=4|?? combinedSignalIconId=0x7f0200ed/com.android.systemui:drawable/stat_sys_wifi_signal_3 combinedActivityIconId=0x7f0200da mAirplaneMode=false mDataActivity1=0 mDataActivity2=0 mPhoneSignalIconId1=0x7f0200cf mPhoneSignalIconId2=0x0 mLastPhoneSignalIconId1=0x7f0200cf mLastPhoneSignalIconId2=0x0 mDataDirectionIconId1=0x7f0200bf mDataDirectionIconId2=0x7f0200bf mDataSignalIconId1=0x7f0200cf mDataSignalIconId2=0x0 mDataTypeIconId1=0x0 mDataTypeIconId2=0x0 mWifiIconId=0x7f0200ed mRoamingIconId1=0x0 mRoamingIconId2=0x0 mBluetoothTetherIconId=0x10806ce
D/SignalClusterView(  507): wifi: VISIBLE sig=2130837741 act=2130837722
D/SignalClusterView(  507): mobile1: VISIBLE sig=2130837711 act=0 typ=0
D/SignalClusterView(  507): mobile2: VISIBLE sig=0 act=0 typ=0
D/SignalClusterView(  507): wifi: VISIBLE sig=2130837741 act=2130837722
D/SignalClusterView(  507): mobile1: VISIBLE sig=2130837711 act=0 typ=0
D/SignalClusterView(  507): mobile2: VISIBLE sig=0 act=0 typ=0
D/SignalClusterView(  507): wifi: VISIBLE sig=2130837741 act=2130837722
D/SignalClusterView(  507): mobile1: VISIBLE sig=2130837711 act=0 typ=0
D/SignalClusterView(  507): mobile2: VISIBLE sig=0 act=0 typ=0
D/StatusBar-NetworkControllerDS(  507): changing data overlay icon id to 2130837722
V/AudioHardwareMSM7X27A(  113): MBADRC and ADRC Disabled
I/AudioHardwareMSM7X27A(  113): disabling post proc features with mask 0x0000
W/SignalStrength(  507): getGsmLevel. this.mGsmSignalBar=4, getGsmSignalStrength()== 17
W/SignalStrength(  507): getGsmLevel=4
W/SignalStrength(  507): getLevel=4 (SignalStrength: 17 255 -120 -160 -120 -1 -1 99 2147483647 -32767 2147483647 -32767 gsm|lte 4)
