E/AlarmManagerService(  380): android_server_AlarmManagerService_set to type=3, 93774.987000000
E/AlarmManagerService(  380): android_server_AlarmManagerService_set to type=3, 93736.367000000
D/KeyguardUpdateMonitor(  380): received broadcast android.intent.action.TIME_TICK
D/KeyguardUpdateMonitor(  380): handleTimeUpdate
V/AlarmManager(  380): ClockReceiver onReceive() ACTION_TIME_TICK
W/AlarmManager(  380): FACTORY_ON= 0
D/STATUSBAR-Clock(  507): onReceive() - ACTION_TIME_TICK
D/BatteryService(  380): update start
D/BatteryService(  380): update start
D/BatteryService(  380): update start
D/ClockWidget(  380): refreshTime()
D/ClockWidget(  380): TTS Message = It is 23 16, Monday, 22 June
D/BatteryService(  380): update start
D/KeyguardUpdateMonitor(  380): received broadcast android.intent.action.BATTERY_CHANGED
D/BatteryService(  380): level:67 scale:100 status:3 health:2 present:true voltage: 3967 temperature: 280 technology: Li-ion AC powered:false USB powered:false icon:17303167 invalid charger:0
D/ThermistorObserver(  380): mBatteryBRForAMOLED : onReceive() : newTemperature : 280
V/UiModeManager(  380): updateLocked, mLastBroadcastState =0 , oldAction = null
D/KeyguardUpdateMonitor(  380): handleBatteryUpdate
D/STATUSBAR-BatteryController(  507): onReceive() - ACTION_BATTERY_CHANGED
D/STATUSBAR-BatteryController(  507): onReceive() - level:67
D/STATUSBAR-BatteryController(  507): onReceive() - plugged:0
D/STATUSBAR-BatteryController(  507): onReceive() - BATTERY_STATUS_DISCHARGING: stat_sys_battery
D/STATUSBAR-PhoneStatusBar(  507): ACTION_BATTERY_CHANGED
D/STATUSBAR-PhoneStatusBar(  507): NORMAL_BATTERY
D/PowerUI (  507): getBatteryOnline : battery online file not found
D/BatteryService(  380): update start
D/BatteryService(  380): update start
D/BatteryService(  380): update start
D/BatteryService(  380): update start
E/AlarmManagerService(  380): android_server_AlarmManagerService_set to type=3, 93774.987000000
V/AlarmManager(  380): waitForAlarm result :8
V/AlarmManager(  380): ClockReceiver onReceive() ACTION_TIME_TICK
W/AlarmManager(  380): FACTORY_ON= 0
D/KeyguardUpdateMonitor(  380): received broadcast android.intent.action.TIME_TICK
D/KeyguardUpdateMonitor(  380): handleTimeUpdate
D/STATUSBAR-Clock(  507): onReceive() - ACTION_TIME_TICK
D/BatteryService(  380): level:67 scale:100 status:3 health:2 present:true voltage: 3966 temperature: 280 technology: Li-ion AC powered:false USB powered:false icon:17303167 invalid charger:0
D/KeyguardUpdateMonitor(  380): received broadcast android.intent.action.BATTERY_CHANGED
D/KeyguardUpdateMonitor(  380): handleBatteryUpdate
D/ThermistorObserver(  380): mBatteryBRForAMOLED : onReceive() : newTemperature : 280
V/UiModeManager(  380): updateLocked, mLastBroadcastState =0 , oldAction = null
D/BatteryService(  380): update start
D/BatteryService(  380): update start
D/BatteryService(  380): update start
D/STATUSBAR-BatteryController(  507): onReceive() - ACTION_BATTERY_CHANGED
D/STATUSBAR-BatteryController(  507): onReceive() - level:67
D/STATUSBAR-BatteryController(  507): onReceive() - plugged:0
D/STATUSBAR-BatteryController(  507): onReceive() - BATTERY_STATUS_DISCHARGING: stat_sys_battery
D/STATUSBAR-PhoneStatusBar(  507): ACTION_BATTERY_CHANGED
D/STATUSBAR-PhoneStatusBar(  507): NORMAL_BATTERY
D/PowerUI (  507): getBatteryOnline : battery online file not found
D/ClockWidget(  380): refreshTime()
D/ClockWidget(  380): TTS Message = It is 23 17, Monday, 22 June
D/BatteryService(  380): update start
E/AlarmManagerService(  380): android_server_AlarmManagerService_set to type=3, 93805.049000000
V/AlarmManager(  380): waitForAlarm result :8
D/KeyguardUpdateMonitor(  380): received broadcast android.intent.action.BATTERY_CHANGED
D/KeyguardUpdateMonitor(  380): handleBatteryUpdate
D/BatteryService(  380): level:67 scale:100 status:3 health:2 present:true voltage: 3967 temperature: 270 technology: Li-ion AC powered:false USB powered:false icon:17303167 invalid charger:0
D/ThermistorObserver(  380): mBatteryBRForAMOLED : onReceive() : newTemperature : 270
V/UiModeManager(  380): updateLocked, mLastBroadcastState =0 , oldAction = null
D/BatteryService(  380): update start
D/STATUSBAR-BatteryController(  507): onReceive() - ACTION_BATTERY_CHANGED
D/STATUSBAR-BatteryController(  507): onReceive() - level:67
D/STATUSBAR-BatteryController(  507): onReceive() - plugged:0
D/STATUSBAR-BatteryController(  507): onReceive() - BATTERY_STATUS_DISCHARGING: stat_sys_battery
D/STATUSBAR-PhoneStatusBar(  507): ACTION_BATTERY_CHANGED
D/STATUSBAR-PhoneStatusBar(  507): NORMAL_BATTERY
D/PowerUI (  507): getBatteryOnline : battery online file not found
W/AlarmManager(  380): FACTORY_ON= 0
V/AlarmManager(  380): ClockReceiver onReceive() ACTION_TIME_TICK
W/AlarmManager(  380): FACTORY_ON= 0
D/KeyguardUpdateMonitor(  380): received broadcast android.intent.action.TIME_TICK
D/KeyguardUpdateMonitor(  380): handleTimeUpdate
D/STATUSBAR-Clock(  507): onReceive() - ACTION_TIME_TICK
D/BatteryService(  380): update start
D/BatteryService(  380): update start
E/SPPClientService( 2704): [[PushClientService]] F:false, D:false, E:false, T:false, S:true, R:false
D/ClockWidget(  380): refreshTime()
D/ClockWidget(  380): TTS Message = It is 23 18, Monday, 22 June
E/AlarmManagerService(  380): android_server_AlarmManagerService_set to type=3, 93856.367000000
V/AlarmManager(  380): waitForAlarm result :8
W/AlarmManager(  380): FACTORY_ON= 0
D/BatteryService(  380): update start
D/KeyguardUpdateMonitor(  380): received broadcast android.intent.action.BATTERY_CHANGED
D/KeyguardUpdateMonitor(  380): handleBatteryUpdate
D/BatteryService(  380): level:67 scale:100 status:3 health:2 present:true voltage: 3961 temperature: 270 technology: Li-ion AC powered:false USB powered:false icon:17303167 invalid charger:0
D/ThermistorObserver(  380): mBatteryBRForAMOLED : onReceive() : newTemperature : 270
V/UiModeManager(  380): updateLocked, mLastBroadcastState =0 , oldAction = null
D/STATUSBAR-BatteryController(  507): onReceive() - ACTION_BATTERY_CHANGED
D/STATUSBAR-BatteryController(  507): onReceive() - level:67
D/STATUSBAR-BatteryController(  507): onReceive() - plugged:0
D/STATUSBAR-BatteryController(  507): onReceive() - BATTERY_STATUS_DISCHARGING: stat_sys_battery
D/STATUSBAR-PhoneStatusBar(  507): ACTION_BATTERY_CHANGED
D/STATUSBAR-PhoneStatusBar(  507): NORMAL_BATTERY
D/PowerUI (  507): getBatteryOnline : battery online file not found
E/AlarmManagerService(  380): android_server_AlarmManagerService_set to type=2, 94075.312000000
V/AlarmManager(  380): waitForAlarm result :4
E/AlarmManagerService(  380): android_server_AlarmManagerService_set to type=2, 93867.330000000
W/AlarmManager(  380): FACTORY_ON= 0
W/AlarmManager(  380): FACTORY_ON= 0
D/GCM     (  810): Message class com.google.f.a.a.i
E/AlarmManagerService(  380): android_server_AlarmManagerService_set to type=2, 94047.436000000
D/ConnectivityService(  380): reportNetworkCondition(1, 100)
D/ConnectivityService(  380): handleInetConditionChange: net=1, condition=100,mActiveDefaultNetwork=1
D/ConnectivityService(  380): handleInetConditionChange: starting a change hold
W/AlarmManager(  380): FACTORY_ON= 0
W/AlarmManager(  380): FACTORY_ON= 0
W/SignalStrength(  507): getGsmLevel. this.mGsmSignalBar=4, getGsmSignalStrength()== 20
W/SignalStrength(  507): getGsmLevel=4
W/SignalStrength(  507): getLevel=4 (SignalStrength: 20 255 -120 -160 -120 -1 -1 99 2147483647 -32767 2147483647 -32767 gsm|lte 4)
W/SignalStrength(  507): getGsmLevel. this.mGsmSignalBar=4, getGsmSignalStrength()== 20
W/SignalStrength(  507): getGsmLevel=4
W/SignalStrength(  507): getLevel=4 (SignalStrength: 20 255 -120 -160 -120 -1 -1 99 2147483647 -32767 2147483647 -32767 gsm|lte 4)
D/ConnectivityService(  380): handleInetConditionHoldEnd: net=1, condition=100, published condition=100
D/ConnectivityService(  380): sendStickyBroadcast: action=android.net.conn.INET_CONDITION_ACTION
D/TWStatusBar-NetworkControllerDS(  507): onReceive() - CONNECTIVITY_ACTION, INET_CONDITION_ACTION
D/StatusBar-NetworkControllerDS(  507): isDualSIM : SimState = 0, SimState2 = 0
D/StatusBar-NetworkControllerDS(  507): isDualSIM : SimState = 0, SimState2 = 0
D/StatusBar-NetworkControllerDS(  507): refreshViews connected={ wifi } level=4|?? combinedSignalIconId=0x7f0200ef/com.android.systemui:drawable/stat_sys_wifi_signal_4 combinedActivityIconId=0x7f0200d9 mAirplaneMode=false mDataActivity1=0 mDataActivity2=0 mPhoneSignalIconId1=0x7f0200cf mPhoneSignalIconId2=0x0 mLastPhoneSignalIconId1=0x7f0200cf mLastPhoneSignalIconId2=0x0 mDataDirectionIconId1=0x7f0200bf mDataDirectionIconId2=0x7f0200bf mDataSignalIconId1=0x7f0200cf mDataSignalIconId2=0x0 mDataTypeIconId1=0x0 mDataTypeIconId2=0x0 mWifiIconId=0x7f0200ef mRoamingIconId1=0x0 mRoamingIconId2=0x0 mBluetoothTetherIconId=0x10806ce
D/SignalClusterView(  507): wifi: VISIBLE sig=2130837743 act=2130837721
D/SignalClusterView(  507): mobile1: VISIBLE sig=2130837711 act=0 typ=0
D/SignalClusterView(  507): mobile2: VISIBLE sig=0 act=0 typ=0
D/SignalClusterView(  507): wifi: VISIBLE sig=2130837743 act=2130837721
D/SignalClusterView(  507): mobile1: VISIBLE sig=2130837711 act=0 typ=0
D/SignalClusterView(  507): mobile2: VISIBLE sig=0 act=0 typ=0
D/SignalClusterView(  507): wifi: VISIBLE sig=2130837743 act=2130837721
D/SignalClusterView(  507): mobile1: VISIBLE sig=2130837711 act=0 typ=0
D/SignalClusterView(  507): mobile2: VISIBLE sig=0 act=0 typ=0
D/BatteryService(  380): update start
V/AlarmManager(  380): waitForAlarm result :8
E/AlarmManagerService(  380): android_server_AlarmManagerService_set to type=3, 94014.953000000
E/AlarmManagerService(  380): android_server_AlarmManagerService_set to type=3, 93916.366000000
V/AlarmManager(  380): ClockReceiver onReceive() ACTION_TIME_TICK
W/AlarmManager(  380): FACTORY_ON= 0
D/KeyguardUpdateMonitor(  380): received broadcast android.intent.action.TIME_TICK
D/KeyguardUpdateMonitor(  380): handleTimeUpdate
D/STATUSBAR-Clock(  507): onReceive() - ACTION_TIME_TICK
D/BatteryService(  380): level:67 scale:100 status:3 health:2 present:true voltage: 3966 temperature: 270 technology: Li-ion AC powered:false USB powered:false icon:17303167 invalid charger:0
D/KeyguardUpdateMonitor(  380): received broadcast android.intent.action.BATTERY_CHANGED
D/KeyguardUpdateMonitor(  380): handleBatteryUpdate
D/ThermistorObserver(  380): mBatteryBRForAMOLED : onReceive() : newTemperature : 270
V/UiModeManager(  380): updateLocked, mLastBroadcastState =0 , oldAction = null
D/BatteryService(  380): update start
D/BatteryService(  380): update start
D/BatteryService(  380): update start
D/STATUSBAR-BatteryController(  507): onReceive() - ACTION_BATTERY_CHANGED
D/STATUSBAR-BatteryController(  507): onReceive() - level:67
D/STATUSBAR-BatteryController(  507): onReceive() - plugged:0
D/STATUSBAR-BatteryController(  507): onReceive() - BATTERY_STATUS_DISCHARGING: stat_sys_battery
D/STATUSBAR-PhoneStatusBar(  507): ACTION_BATTERY_CHANGED
D/STATUSBAR-PhoneStatusBar(  507): NORMAL_BATTERY
D/PowerUI (  507): getBatteryOnline : battery online file not found
D/ClockWidget(  380): refreshTime()
D/ClockWidget(  380): TTS Message = It is 23 19, Monday, 22 June
D/BatteryService(  380): update start
D/KeyguardUpdateMonitor(  380): received broadcast android.intent.action.BATTERY_CHANGED
D/KeyguardUpdateMonitor(  380): handleBatteryUpdate
D/BatteryService(  380): level:67 scale:100 status:3 health:2 present:true voltage: 3953 temperature: 270 technology: Li-ion AC powered:false USB powered:false icon:17303167 invalid charger:0
D/ThermistorObserver(  380): mBatteryBRForAMOLED : onReceive() : newTemperature : 270
V/UiModeManager(  380): updateLocked, mLastBroadcastState =0 , oldAction = null
D/STATUSBAR-BatteryController(  507): onReceive() - ACTION_BATTERY_CHANGED
D/STATUSBAR-BatteryController(  507): onReceive() - level:67
D/STATUSBAR-BatteryController(  507): onReceive() - plugged:0
D/STATUSBAR-BatteryController(  507): onReceive() - BATTERY_STATUS_DISCHARGING: stat_sys_battery
D/STATUSBAR-PhoneStatusBar(  507): ACTION_BATTERY_CHANGED
D/STATUSBAR-PhoneStatusBar(  507): NORMAL_BATTERY
D/PowerUI (  507): getBatteryOnline : battery online file not found
D/BatteryService(  380): update start
D/BatteryService(  380): update start
D/BatteryService(  380): update start
D/BatteryService(  380): update start
D/KeyguardUpdateMonitor(  380): received broadcast android.intent.action.BATTERY_CHANGED
D/KeyguardUpdateMonitor(  380): handleBatteryUpdate
D/BatteryService(  380): level:67 scale:100 status:3 health:2 present:true voltage: 3936 temperature: 270 technology: Li-ion AC powered:false USB powered:false icon:17303167 invalid charger:0
D/ThermistorObserver(  380): mBatteryBRForAMOLED : onReceive() : newTemperature : 270
V/UiModeManager(  380): updateLocked, mLastBroadcastState =0 , oldAction = null
D/STATUSBAR-BatteryController(  507): onReceive() - ACTION_BATTERY_CHANGED
D/STATUSBAR-BatteryController(  507): onReceive() - level:67
D/STATUSBAR-BatteryController(  507): onReceive() - plugged:0
D/STATUSBAR-BatteryController(  507): onReceive() - BATTERY_STATUS_DISCHARGING: stat_sys_battery
D/STATUSBAR-PhoneStatusBar(  507): ACTION_BATTERY_CHANGED
D/STATUSBAR-PhoneStatusBar(  507): NORMAL_BATTERY
D/PowerUI (  507): getBatteryOnline : battery online file not found
D/BatteryService(  380): update start
D/BatteryService(  380): update start
D/BatteryService(  380): update start
E/AlarmManagerService(  380): android_server_AlarmManagerService_set to type=3, 94014.953000000
D/BatteryService(  380): update start
V/AlarmManager(  380): waitForAlarm result :8
V/AlarmManager(  380): ClockReceiver onReceive() ACTION_TIME_TICK
W/AlarmManager(  380): FACTORY_ON= 0
E/AlarmManagerService(  380): android_server_AlarmManagerService_set to type=3, 93976.367000000
D/KeyguardUpdateMonitor(  380): received broadcast android.intent.action.TIME_TICK
D/KeyguardUpdateMonitor(  380): handleTimeUpdate
D/STATUSBAR-Clock(  507): onReceive() - ACTION_TIME_TICK
D/BatteryService(  380): level:67 scale:100 status:3 health:2 present:true voltage: 3965 temperature: 270 technology: Li-ion AC powered:false USB powered:false icon:17303167 invalid charger:0
D/KeyguardUpdateMonitor(  380): received broadcast android.intent.action.BATTERY_CHANGED
D/KeyguardUpdateMonitor(  380): handleBatteryUpdate
D/ThermistorObserver(  380): mBatteryBRForAMOLED : onReceive() : newTemperature : 270
V/UiModeManager(  380): updateLocked, mLastBroadcastState =0 , oldAction = null
D/BatteryService(  380): update start
D/KeyguardUpdateMonitor(  380): received broadcast android.intent.action.BATTERY_CHANGED
D/KeyguardUpdateMonitor(  380): handleBatteryUpdate
D/BatteryService(  380): level:67 scale:100 status:3 health:2 present:true voltage: 3918 temperature: 270 technology: Li-ion AC powered:false USB powered:false icon:17303167 invalid charger:0
D/ThermistorObserver(  380): mBatteryBRForAMOLED : onReceive() : newTemperature : 270
V/UiModeManager(  380): updateLocked, mLastBroadcastState =0 , oldAction = null
D/BatteryService(  380): update start
D/BatteryService(  380): update start
D/STATUSBAR-BatteryController(  507): onReceive() - ACTION_BATTERY_CHANGED
D/STATUSBAR-BatteryController(  507): onReceive() - level:67
D/STATUSBAR-BatteryController(  507): onReceive() - plugged:0
D/STATUSBAR-BatteryController(  507): onReceive() - BATTERY_STATUS_DISCHARGING: stat_sys_battery
D/STATUSBAR-PhoneStatusBar(  507): ACTION_BATTERY_CHANGED
D/STATUSBAR-PhoneStatusBar(  507): NORMAL_BATTERY
D/PowerUI (  507): getBatteryOnline : battery online file not found
D/STATUSBAR-BatteryController(  507): onReceive() - ACTION_BATTERY_CHANGED
D/STATUSBAR-BatteryController(  507): onReceive() - level:67
D/STATUSBAR-BatteryController(  507): onReceive() - plugged:0
D/STATUSBAR-BatteryController(  507): onReceive() - BATTERY_STATUS_DISCHARGING: stat_sys_battery
D/STATUSBAR-PhoneStatusBar(  507): ACTION_BATTERY_CHANGED
D/STATUSBAR-PhoneStatusBar(  507): NORMAL_BATTERY
D/PowerUI (  507): getBatteryOnline : battery online file not found
D/ClockWidget(  380): refreshTime()
D/ClockWidget(  380): TTS Message = It is 23 20, Monday, 22 June
E/AlarmManagerService(  380): android_server_AlarmManagerService_set to type=3, 94014.953000000
V/AlarmManager(  380): waitForAlarm result :8
V/AlarmManager(  380): ClockReceiver onReceive() ACTION_TIME_TICK
W/AlarmManager(  380): FACTORY_ON= 0
D/BatteryService(  380): update start
D/KeyguardUpdateMonitor(  380): received broadcast android.intent.action.TIME_TICK
D/KeyguardUpdateMonitor(  380): handleTimeUpdate
D/STATUSBAR-Clock(  507): onReceive() - ACTION_TIME_TICK
D/BatteryService(  380): level:67 scale:100 status:3 health:2 present:true voltage: 3967 temperature: 270 technology: Li-ion AC powered:false USB powered:false icon:17303167 invalid charger:0
D/KeyguardUpdateMonitor(  380): received broadcast android.intent.action.BATTERY_CHANGED
D/KeyguardUpdateMonitor(  380): handleBatteryUpdate
D/ThermistorObserver(  380): mBatteryBRForAMOLED : onReceive() : newTemperature : 270
V/UiModeManager(  380): updateLocked, mLastBroadcastState =0 , oldAction = null
D/BatteryService(  380): update start
D/BatteryService(  380): update start
D/BatteryService(  380): update start
D/STATUSBAR-BatteryController(  507): onReceive() - ACTION_BATTERY_CHANGED
D/STATUSBAR-BatteryController(  507): onReceive() - level:67
D/STATUSBAR-BatteryController(  507): onReceive() - plugged:0
D/STATUSBAR-BatteryController(  507): onReceive() - BATTERY_STATUS_DISCHARGING: stat_sys_battery
D/STATUSBAR-PhoneStatusBar(  507): ACTION_BATTERY_CHANGED
D/STATUSBAR-PhoneStatusBar(  507): NORMAL_BATTERY
D/PowerUI (  507): getBatteryOnline : battery online file not found
D/ClockWidget(  380): refreshTime()
D/ClockWidget(  380): TTS Message = It is 23 21, Monday, 22 June
D/BatteryService(  380): update start
E/AlarmManagerService(  380): android_server_AlarmManagerService_set to type=2, 94075.312000000
E/AlarmManagerService(  380): android_server_AlarmManagerService_set to type=3, 94165.103000000
V/AlarmManager(  380): waitForAlarm result :12
W/AlarmManager(  380): FACTORY_ON= 0
D/BatteryService(  380): level:67 scale:100 status:3 health:2 present:true voltage: 3965 temperature: 270 technology: Li-ion AC powered:false USB powered:false icon:17303167 invalid charger:0
W/AlarmManager(  380): FACTORY_ON= 0
D/BatteryService(  380): update start
W/ThrottleService(  380): unable to find stats for iface rmnet0
D/KeyguardUpdateMonitor(  380): received broadcast android.intent.action.BATTERY_CHANGED
D/KeyguardUpdateMonitor(  380): handleBatteryUpdate
D/STATUSBAR-BatteryController(  507): onReceive() - ACTION_BATTERY_CHANGED
D/STATUSBAR-BatteryController(  507): onReceive() - level:67
D/STATUSBAR-BatteryController(  507): onReceive() - plugged:0
D/STATUSBAR-BatteryController(  507): onReceive() - BATTERY_STATUS_DISCHARGING: stat_sys_battery
D/STATUSBAR-PhoneStatusBar(  507): ACTION_BATTERY_CHANGED
D/STATUSBAR-PhoneStatusBar(  507): NORMAL_BATTERY
D/PowerUI (  507): getBatteryOnline : battery online file not found
D/ThermistorObserver(  380): mBatteryBRForAMOLED : onReceive() : newTemperature : 270
V/UiModeManager(  380): updateLocked, mLastBroadcastState =0 , oldAction = null
V/AlarmManager(  380): ClockReceiver onReceive() ACTION_TIME_TICK
E/AlarmManagerService(  380): android_server_AlarmManagerService_set to type=3, 94096.367000000
D/KeyguardUpdateMonitor(  380): received broadcast android.intent.action.TIME_TICK
D/KeyguardUpdateMonitor(  380): handleTimeUpdate
W/AlarmManager(  380): FACTORY_ON= 0
D/BatteryService(  380): update start
D/STATUSBAR-Clock(  507): onReceive() - ACTION_TIME_TICK
W/AlarmManager(  380): FACTORY_ON= 0
D/GCM     (  810): Message class com.google.f.a.a.i
D/BatteryService(  380): update start
D/ConnectivityService(  380): reportNetworkCondition(1, 100)
D/ConnectivityService(  380): handleInetConditionChange: net=1, condition=100,mActiveDefaultNetwork=1
D/ConnectivityService(  380): handleInetConditionChange: starting a change hold
W/AlarmManager(  380): FACTORY_ON= 0
W/AlarmManager(  380): FACTORY_ON= 0
D/ClockWidget(  380): refreshTime()
D/ClockWidget(  380): TTS Message = It is 23 22, Monday, 22 June
W/SignalStrength(  507): getGsmLevel. this.mGsmSignalBar=4, getGsmSignalStrength()== 20
W/SignalStrength(  507): getGsmLevel=4
D/ConnectivityService(  380): handleInetConditionHoldEnd: net=1, condition=100, published condition=100
D/ConnectivityService(  380): sendStickyBroadcast: action=android.net.conn.INET_CONDITION_ACTION
D/TWStatusBar-NetworkControllerDS(  507): onReceive() - CONNECTIVITY_ACTION, INET_CONDITION_ACTION
D/StatusBar-NetworkControllerDS(  507): isDualSIM : SimState = 0, SimState2 = 0
W/SignalStrength(  507): getLevel=4 (SignalStrength: 20 255 -120 -160 -120 -1 -1 99 2147483647 -32767 2147483647 -32767 gsm|lte 4)
W/SignalStrength(  507): getGsmLevel. this.mGsmSignalBar=4, getGsmSignalStrength()== 20
W/SignalStrength(  507): getGsmLevel=4
W/SignalStrength(  507): getLevel=4 (SignalStrength: 20 255 -120 -160 -120 -1 -1 99 2147483647 -32767 2147483647 -32767 gsm|lte 4)
D/StatusBar-NetworkControllerDS(  507): isDualSIM : SimState = 0, SimState2 = 0
D/StatusBar-NetworkControllerDS(  507): refreshViews connected={ wifi } level=4|?? combinedSignalIconId=0x7f0200ef/com.android.systemui:drawable/stat_sys_wifi_signal_4 combinedActivityIconId=0x7f0200d9 mAirplaneMode=false mDataActivity1=0 mDataActivity2=0 mPhoneSignalIconId1=0x7f0200cf mPhoneSignalIconId2=0x0 mLastPhoneSignalIconId1=0x7f0200cf mLastPhoneSignalIconId2=0x0 mDataDirectionIconId1=0x7f0200bf mDataDirectionIconId2=0x7f0200bf mDataSignalIconId1=0x7f0200cf mDataSignalIconId2=0x0 mDataTypeIconId1=0x0 mDataTypeIconId2=0x0 mWifiIconId=0x7f0200ef mRoamingIconId1=0x0 mRoamingIconId2=0x0 mBluetoothTetherIconId=0x10806ce
D/SignalClusterView(  507): wifi: VISIBLE sig=2130837743 act=2130837721
D/SignalClusterView(  507): mobile1: VISIBLE sig=2130837711 act=0 typ=0
D/SignalClusterView(  507): mobile2: VISIBLE sig=0 act=0 typ=0
D/SignalClusterView(  507): wifi: VISIBLE sig=2130837743 act=2130837721
D/SignalClusterView(  507): mobile1: VISIBLE sig=2130837711 act=0 typ=0
D/SignalClusterView(  507): mobile2: VISIBLE sig=0 act=0 typ=0
D/SignalClusterView(  507): wifi: VISIBLE sig=2130837743 act=2130837721
D/SignalClusterView(  507): mobile1: VISIBLE sig=2130837711 act=0 typ=0
D/SignalClusterView(  507): mobile2: VISIBLE sig=0 act=0 typ=0
D/BatteryService(  380): update start
D/KeyguardUpdateMonitor(  380): received broadcast android.intent.action.BATTERY_CHANGED
D/KeyguardUpdateMonitor(  380): handleBatteryUpdate
D/BatteryService(  380): level:67 scale:100 status:3 health:2 present:true voltage: 3966 temperature: 270 technology: Li-ion AC powered:false USB powered:false icon:17303167 invalid charger:0
D/ThermistorObserver(  380): mBatteryBRForAMOLED : onReceive() : newTemperature : 270
V/UiModeManager(  380): updateLocked, mLastBroadcastState =0 , oldAction = null
D/STATUSBAR-BatteryController(  507): onReceive() - ACTION_BATTERY_CHANGED
D/STATUSBAR-BatteryController(  507): onReceive() - level:67
D/STATUSBAR-BatteryController(  507): onReceive() - plugged:0
D/STATUSBAR-BatteryController(  507): onReceive() - BATTERY_STATUS_DISCHARGING: stat_sys_battery
D/STATUSBAR-PhoneStatusBar(  507): ACTION_BATTERY_CHANGED
D/STATUSBAR-PhoneStatusBar(  507): NORMAL_BATTERY
D/PowerUI (  507): getBatteryOnline : battery online file not found
D/BatteryService(  380): update start
D/BatteryService(  380): update start
D/BatteryService(  380): update start
D/BatteryService(  380): update start
D/BatteryService(  380): update start
D/BatteryService(  380): update start
D/BatteryService(  380): update start
D/BatteryService(  380): update start
D/InputReader(  380): Input event: value=1
D/BatteryService(  380): update start
D/KeyguardViewMediator(  380): onWakeKeyWhenKeyguardShowing(3)
D/KeyguardViewMediator(  380): wakeWhenReadyLocked(3)
D/KeyguardViewMediator(  380): handleWakeWhenReady(3)
D/KeyguardViewMediator(  380): isHelpOerlayMode is true
D/KeyguardViewMediator(  380): pokeWakelock(15000)
I/power   (  380): *** set_screen_state 1
D/lights  (  380): write_int /sys/class/leds/button-backlight/brightness = 255
D/BatteryService(  380): level:67 scale:100 status:2 health:2 present:true voltage: 3947 temperature: 270 technology: Li-ion AC powered:false USB powered:true icon:17303181 invalid charger:0
D/PowerManagerService(  380): reactivateScreenLocksLocked mProxIgnoredBecauseScreenTurnedOff=false
D/PowerManagerService(  380): Screen__On : acquireWakeLock flags=0x1000001a tag=keyguard uid=1000 pid=380   myUID=1000 myPID=380 myTID=448
D/PowerManagerService(  380): sendNotificationLocked on=true
I/PowerManagerService(  380): Ulight 0x0->0x4|0x0
D/PowerManagerService(  380): setLightBrightness : mButtonLight : 255
D/KeyguardUpdateMonitor(  380): received broadcast android.intent.action.BATTERY_CHANGED
D/KeyguardViewManager(  380): wakeWhenReady(3)
D/LockPatternKeyguardView(  380): onWakeKey
D/LockPatternKeyguardView(  380): poking wake lock immediately
D/KeyguardViewMediator(  380): pokeWakelock(10000)
D/KeyguardViewMediator(  380): onScreenTurnedOn, seq = 45
D/KeyguardViewMediator(  380): notifyScreenOnLocked
D/SensorManager(  380): registerListener :: handle = 0  name= 3-axis Accelerometer delay= 200000 Listener= android.view.WindowOrientationListener$SensorEventListenerImpl@415500d0
D/KeyguardUpdateMonitor(  380): handleBatteryUpdate
D/CircleLockScreen(  380): onRefreshBatteryInfo() showPatteryInfo: true pluggedIn: true batteryLevel: 67
D/PowerManagerService(  380): mNotificationTask : on
D/ThermistorObserver(  380): mBatteryBRForAMOLED : onReceive() : newTemperature : 270
V/UiModeManager(  380): updateLocked, mLastBroadcastState =0 , oldAction = null
D/PowerManagerService(  380): acquireWakeLock flags=0x1000001a tag=keyguard uid=1000 pid=380   myUID=1000 myPID=380 myTID=448
D/STATUSBAR-BatteryController(  507): onReceive() - ACTION_BATTERY_CHANGED
D/STATUSBAR-BatteryController(  507): onReceive() - level:67
D/STATUSBAR-BatteryController(  507): onReceive() - plugged:2
D/STATUSBAR-BatteryController(  507): onReceive() - BATTERY_STATUS_CHARGING:
V/KeyguardStatusView(  380): updateStatusLines(true)
D/KeyguardStatusView(  380): updateCarrierText(), int:0, mCarrierText:No SIM card. | Emergency calls only
D/InputReader(  380): Input event: value=0
D/lights  (  380): write pattern : g_led_info = 8
E/lights  (  380): write_int failed to open /sys/class/sec/led/led_pattern
D/RestrictionPolicy(  380): isHomeKeyEnabled :true
I/InputDispatcher(  380): Dropped event because input dispatch is disabled.
D/KeyguardStatusView(  380): updateCarrierText(), int:1, mCarrierText:No SIM card.
D/KeyguardViewMediator(  380): handleNotifyScreenOn
D/KeyguardViewManager(  380): onScreenTurnedOn()
D/LockPatternKeyguardView(  380): screen on
D/CircleLockScreen(  380): onResume()
D/BatteryService(  380): turn on LED for charging
D/BatteryService(  380): update start
D/plugin  (  661): getDefaultSubscription()
D/ClockWidget(  380): isServiceEnable = false cityId = cityId:187745
D/ClockWidget(  380): Weather Demon is not running, Set visibility to GONE
D/BatteryService(  380): level:67 scale:100 status:2 health:2 present:true voltage: 4033 temperature: 270 technology: Li-ion AC powered:false USB powered:true icon:17303181 invalid charger:0
I/power   (  380): *** acquire_dvfs_lock : lockType : 1  freq : 1008000 
D/PowerManagerService(  380): acquireDVFSLockLocked : type : DVFS_MIN_LIMIT  frequency : 1008000  uid : 1000  pid : 380  tag : ActivityManager
D/BatteryService(  380): turn on LED for charging
D/STATUSBAR-PhoneStatusBar(  507): ACTION_BATTERY_CHANGED
D/STATUSBAR-PhoneStatusBar(  507): NORMAL_BATTERY
D/PowerUI (  507): getBatteryOnline : battery online file not found
D/PowerUI (  507): playSound : 1
D/BatteryService(  380): update start
D/KeyguardUpdateMonitor(  380): received broadcast android.intent.action.BATTERY_CHANGED
D/CircleShortcutWidget(  380): onResume()
D/CircleLockScreen(  380): mCallback.isShowingAndNotHidden()=true
V/KeyguardStatusView(  380): onResume()
E/KeyguardUpdateMonitor(  380): Object tried to add another INFO callback
E/KeyguardUpdateMonitor(  380): Object tried to add another INFO callback
V/KeyguardStatusView(  380): updateStatusLines(true)
D/KeyguardStatusView(  380): updateCarrierText(), int:0, mCarrierText:No SIM card. | Emergency calls only
D/KeyguardStatusView(  380): updateCarrierText(), int:1, mCarrierText:No SIM card.
D/ThermistorObserver(  380): mBatteryBRForAMOLED : onReceive() : newTemperature : 270
V/UiModeManager(  380): updateLocked, mLastBroadcastState =0 , oldAction = null
D/UnlockScreen(  380): max failed attempt for device disable :0
D/UnlockScreen(  380): isDeviceDisabledForMaxFailedAttempt return :false
D/UnlockScreen(  380): mode normal
V/LockPatternKeyguardView(  380): Restoring widget state
D/PowerUI (  507): RINGER_MODE_NORMAL
V/MediaPlayer(  507): constructor
D/STATUSBAR-BatteryController(  507): onReceive() - ACTION_BATTERY_CHANGED
D/STATUSBAR-BatteryController(  507): onReceive() - level:67
D/STATUSBAR-BatteryController(  507): onReceive() - plugged:2
D/STATUSBAR-BatteryController(  507): onReceive() - BATTERY_STATUS_CHARGING:
D/STATUSBAR-PhoneStatusBar(  507): ACTION_BATTERY_CHANGED
D/STATUSBAR-PhoneStatusBar(  507): NORMAL_BATTERY
D/STATUSBAR-NotificationPlayer(  507): run()
V/MediaPlayer(  507): setListener
V/MediaPlayer(  507): MediaPlayer::setAudioStreamType
V/MediaPlayerService(  113): Client(55) constructor
V/MediaPlayerService(  113): Create new client(55) from pid 507, uid 1000, 
V/MediaPlayerService(  113): player type = 3
V/MediaPlayerService(  113):  create StagefrightPlayer
D/PowerUI (  507): getBatteryOnline : battery online file not found
V/AwesomePlayer(  113): setDefault
V/AwesomePlayer(  113): constructor
V/AwesomePlayer(  113): setDefault
I/AwesomePlayer(  113): reset
V/AwesomePlayer(  113): reset_l() cancel player events
V/AwesomePlayer(  113): cancelPlayerEvents (keepNotifications=0)
V/AwesomePlayer(  113): mAudioTrackVector clear
V/AwesomePlayer(  113): mAudioPlayer successfully deleted
V/AwesomePlayer(  113): setListener
V/AwesomePlayer(  113): AwesomePlayer running on behalf of uid 1000
V/AudioSink(  113): AudioOutput(472)
V/AwesomePlayer(  113): setAudioSink
V/MediaPlayerService(  113):  setDataSource
V/AwesomePlayer(  113): setDataSource uri
V/AwesomePlayer(  113): reset_l() cancel player events
V/AwesomePlayer(  113): cancelPlayerEvents (keepNotifications=0)
V/AwesomePlayer(  113): mAudioTrackVector clear
V/AwesomePlayer(  113): mAudioPlayer successfully deleted
V/AwesomePlayer(  113): setDataSource_l uri
V/MediaPlayer(  507): MediaPlayer::setLooping
V/MediaPlayerService(  113): [55] setLooping(0)
V/AwesomePlayer(  113): setLooping (0)
V/MediaPlayer(  507): setVideoSurfaceTexture
V/MediaPlayerService(  113): [55] setVideoSurfaceTexture(0x0)
V/MediaPlayer(  507): prepare
V/MediaPlayerService(  113): [55] setAudioStreamType(5)
V/MediaPlayerService(  113): [55] prepareAsync
V/AwesomePlayer(  113): prepareAsync
D/KeyguardUpdateMonitor(  380): handleBatteryUpdate
D/lights  (  380): write_int /sys/class/leds/lcd-backlight/brightness = 21
I/WindowManager(  380): Lock screen displayed!
I/PowerManagerService(  380): Ulight 0x7->0x7|0x1
V/AwesomePlayer(  113): onPrepareAsyncEvent
V/AwesomePlayer(  113): finishSetDataSource_l
D/lights  (  380): write_int /sys/class/leds/lcd-backlight/brightness = 42
V/MediaExtractor(  113): Autodetected media content as 'application/ogg' with confidence 0.20
D/lights  (  380): write_int /sys/class/leds/lcd-backlight/brightness = 63
V/AwesomePlayer(  113): track of type 'audio/vorbis' does not publish bitrate
V/AwesomePlayer(  113): mBitrate = -1 bits/sec
V/AwesomePlayer(  113): current audio track (0)
V/AwesomePlayer(  113): setAudioSource
V/AwesomePlayer(  113): current audio track (0) is added to vector[0]
V/AwesomePlayer(  113): initAudioDecoder
W/OMXCodec(  113): OMXCodec::Create matchComponentName ((null)), flags (0x0), createEncoder (0), mime (audio/vorbis)
W/OMXCodec(  113): Attempting to allocate OMX node 'OMX.google.vorbis.decoder'
E/OMXCodec(  113): Successfully allocated OMX node 'OMX.google.vorbis.decoder'
D/OMXCodec(  113): configureCodec protected=0
D/lights  (  380): write_int /sys/class/leds/lcd-backlight/brightness = 85
V/AwesomePlayer(  113): finishAsyncPrepare_l
V/AwesomePlayer(  113): notifyListner_l() msg (5-MEDIA_SET_VIDEO_SIZE), ext1 (0), ext2 (0)
V/MediaPlayerService(  113): [55] notify (0x1da5b88, 5, 0, 0)
V/MediaPlayer(  507): message received msg=5, ext1=0, ext2=0
V/MediaPlayer(  507): New video size 0 x 0
V/MediaPlayer(  507): callback application
V/MediaPlayer(  507): back from callback
V/AwesomePlayer(  113): notifyListner_l() msg (1-MEDIA_PREPARED), ext1 (0), ext2 (0)
V/MediaPlayerService(  113): [55] notify (0x1da5b88, 1, 0, 0)
V/MediaPlayer(  507): message received msg=1, ext1=0, ext2=0
V/MediaPlayer(  507): prepared
V/MediaPlayer(  507): signal application thread
V/MediaPlayer(  507): callback application
V/MediaPlayer(  507): back from callback
V/MediaPlayer(  507): prepare complete - status=0
I/AudioService(  380):  AudioFocus  requestAudioFocus() from android.media.AudioManager$4182d000
V/MediaPlayer(  507): start
V/MediaPlayerService(  113): [55] setLooping(0)
V/AwesomePlayer(  113): setLooping (0)
V/MediaPlayerService(  113): [55] setVolume(1.000000, 1.000000)
V/AudioSink(  113): setVolume(1.000000, 1.000000)
V/MediaPlayerService(  113): [55] setAuxEffectSendLevel(0.000000)
V/AudioSink(  113): setAuxEffectSendLevel(0.000000)
V/MediaPlayerService(  113): [55] start
V/AwesomePlayer(  113): setLooping (0)
V/AwesomePlayer(  113): play
I/AwesomePlayer(  113): AwesomePlayer::play_l():: This is not a DRM content
V/AwesomePlayer(  113): AudioPlayer created, Non-LPA mode mime audio/vorbis duration 558480
V/AwesomePlayer(  113): startAudioPlayer_l, sendErrorNotification (0)
D/lights  (  380): write_int /sys/class/leds/lcd-backlight/brightness = 106
I/AudioPlayer(  113): start kKeyAudioPCMFormat : 1
V/AudioSink(  113): open(44100, 1, 1, 4, 472)
D/lights  (  380): write_int /sys/class/leds/lcd-backlight/brightness = 127
V/AudioSink(  113): Creating AudioTrack for Reverb - 0
V/AudioSink(  113): setVolume
V/AudioSink(  113): start
V/AudioPolicyManager(  113): startOutput() output 1, stream 5, session 472
V/AudioPolicyManagerBase(  113): getDeviceForStrategy() from cache strategy 2, device 2
V/AudioPolicyManagerBase(  113): getNewDevice() selected device 0
V/AudioPolicyManagerBase(  113): changeRefCount() stream 5, count 1
V/AudioPolicyManagerBase(  113): getDeviceForStrategy() from cache strategy 2, device 2
V/AudioPolicyManagerBase(  113): getNewDevice() selected device 2
V/AudioPolicyManager(  113): setOutputDevice() output 1 device 2 delayMs 0 force 0
V/AudioPolicyManager(  113): setOutputDevice output :0x1 mCurDevice:0x2
V/AudioPolicyManager(  113): setOutputDevice() setting same device 2 or null device for output 1
D/lights  (  380): write_int /sys/class/leds/lcd-backlight/brightness = 148
D/lights  (  380): write_int /sys/class/leds/lcd-backlight/brightness = 170
V/AwesomePlayer(  113): addBatteryData
V/MediaPlayer(  507): setListener
V/MediaPlayer(  507): disconnect
V/MediaPlayerService(  113): disconnect(53) from pid 507
I/AwesomePlayer(  113): reset
V/AwesomePlayer(  113): reset_l() cancel player events
V/AwesomePlayer(  113): cancelPlayerEvents (keepNotifications=0)
V/AwesomePlayer(  113): mAudioTrackVector clear
V/AudioSink(  113): stop
V/AudioSink(  113): close
V/AudioPolicyManagerBase(  113): releaseOutput() 1
V/AudioHardwareMSM7X27A(  113): open driver
V/AudioHardwareMSM7X27A(  113): get config
V/AudioHardwareMSM7X27A(  113): set config
V/AudioHardwareMSM7X27A(  113): buffer_size: 4800
V/AudioHardwareMSM7X27A(  113): buffer_count: 2
V/AudioHardwareMSM7X27A(  113): channel_count: 2
V/AudioHardwareMSM7X27A(  113): sample_rate: 44100
I/OMXCodec(  113): [OMX.google.vorbis.decoder] stop mState=4
V/LockPatternKeyguardView(  380): View com.android.internal.widget.TransportControlView@40fdddd8 requested hide transports
I/OMXCodec(  113): [OMX.google.vorbis.decoder] stopped in state 1
I/OMXCodec(  113): OMXCodec destructor 1
D/lights  (  380): write_int /sys/class/leds/lcd-backlight/brightness = 191
V/AwesomePlayer(  113): mAudioPlayer successfully deleted
I/AwesomePlayer(  113): reset
V/AwesomePlayer(  113): reset_l() cancel player events
V/AwesomePlayer(  113): cancelPlayerEvents (keepNotifications=0)
V/AwesomePlayer(  113): mAudioTrackVector clear
V/AwesomePlayer(  113): mAudioPlayer successfully deleted
V/AwesomePlayer(  113): destructor
E/MTPRx   (16255): In MtpReceiverandroid.intent.action.ACTION_POWER_CONNECTED
D/lights  (  380): write_int /sys/class/leds/lcd-backlight/brightness = 212
I/AwesomePlayer(  113): reset
V/AwesomePlayer(  113): reset_l() cancel player events
V/AwesomePlayer(  113): cancelPlayerEvents (keepNotifications=0)
V/AwesomePlayer(  113): mAudioTrackVector clear
V/AwesomePlayer(  113): mAudioPlayer successfully deleted
V/AwesomePlayer(  113): ~AwesomePlayer()
V/MediaPlayer(  507): destructor
V/MediaPlayer(  507): disconnect
E/MediaPlayer(  507): mOnVideoSizeChangedListener is null. Failed to send MEDIA_SET_VIDEO_SIZE message.
I/MediaPlayer(  507): Don't send intent. msg.arg1 = 0, msg.arg2 = 0
E/MediaPlayer(  507): mOnPreparedListener is null. Failed to send MEDIA_PREPARED message.
V/MediaPlayerService(  113): Client(53) destructor pid = 507
V/AudioSink(  113): close
V/MediaPlayerService(  113): disconnect(53) from pid 507
D/lights  (  380): write_int /sys/class/leds/lcd-backlight/brightness = 233
D/KeyguardUpdateMonitor(  380): handleClockVisibilityChanged()
D/KeyguardViewMediator(  380): adjustStatusBarLocked: mShowing=true mHidden=false isSecure=true --> flags=0x1290000
D/lights  (  380): write_int /sys/class/leds/lcd-backlight/brightness = 255
D/STATUSBAR-StatusBarManagerService(  380): manageDisableList what=0x1290000 pkg=android
I/PowerManagerService(  380): Light Animator Finished curIntValue=255
D/memalloc(  110): /dev/pmem: Allocated buffer base:0x41ab1000 size:1536000 offset:14774272 fd:60
D/memalloc(16023): /dev/pmem: Mapped buffer base:0x52514000 size:16310272 offset:14774272 fd:59
I/Adreno200-EGLSUB(  110): <CreateImage:1017>: Android Image
I/Adreno200-EGLSUB(  110): <GetImageAttributes:1226>: RGBA_8888
D/SurfaceFlinger(  110): Screen about to return, flinger = 0x11e5de0
E/msm7627a.hwcomposer(  110): In hwc:perform UNKNOWN EVENT = 0!!
V/UsbDeviceManager(  380): USB UEVENT: {USB_STATE=CONNECTED, SUBSYSTEM=android_usb, DEVPATH=/devices/virtual/android_usb/android0, SEQNUM=31662, ACTION=change}
V/AudioHardwareMSM7X27A(  113): MBADRC Enabled
I/AudioHardwareMSM7X27A(  113): Enabling post proc features with mask 0x0000
D/UsbDeviceManager(  380): handleMessage -> MSG_UPDATE_STATE connected = 1,configured = 0
D/UsbDeviceManager(  380): updateUsbNotification : mConnected = true, mConfigured = false, mCurrentFunctions = mtp,adb
D/ApplicationPolicy(  380): isStatusBarNotificationAllowed: packageName = android
D/ClockWidget(  380): received MISSED_EVENT intent !! 
D/STATUSBAR-NotificationService(  380): Noti Alert - mSystemReady:true, AlertEnabled:true
D/UsbDeviceManager(  380): updateUsbNotification : notify id = 17040625, title = Connected as a media device
D/UsbDeviceManager(  380): updateAdbNotification : mAdbEnabled = true, mConnected = true, mAdbNotificationShown = false
D/UsbDeviceManager(  380): don't notify adb
D/UsbDeviceManager(  380): sending intent : ACTION_USB_STATE : connected = true, configured = false, functions = mtp,adb
D/KeyguardViewMediator(  380): setHidden false
D/KeyguardViewMediator(  380): setHidden false
V/SoftVorbis(  113): discarding 651 frames at end of page
V/AwesomePlayer(  113): postAudioEOS delayUs (239895)
I/ActivityThread(16421): Pub com.google.android.youtube.SuggestionProvider: com.google.android.youtube.core.suggest.SuggestionProvider
I/ApplicationPolicy(  380): getActualApplicationStateEnabled() : true
I/power   (  380): *** release_dvfs_lock : lockType : 1 
D/PowerManagerService(  380): releaseDVFSLockLocked : all DVFS_MIN_LIMIT are released 
I/ApplicationPolicy(  380): getActualApplicationStateEnabled() : true
V/AwesomePlayer(  113): onCheckAudioStatus
V/AwesomePlayer(  113): onCheckAudioStatus() set AUDIO_AT_EOS flag
V/AwesomePlayer(  113): onStreamDone
V/AwesomePlayer(  113): MEDIA_PLAYBACK_COMPLETE
V/AwesomePlayer(  113): notifyListner_l() msg (2-MEDIA_PLAYBACK_COMPLETE), ext1 (0), ext2 (0)
V/MediaPlayerService(  113): [55] notify (0x1da5b88, 2, 0, 0)
V/AwesomePlayer(  113): cancelPlayerEvents (keepNotifications=1)
V/AudioSink(  113): stop
V/MediaPlayer(  507): message received msg=2, ext1=0, ext2=0
V/MediaPlayer(  507): playback complete
V/MediaPlayer(  507): callback application
V/MediaPlayer(  507): back from callback
I/MediaPlayer(  507): mOnCompletionListener. Send MEDIA_PLAYBACK_COMPLETE message.
I/AudioService(  380):  AudioFocus  abandonAudioFocus() from android.media.AudioManager$4182d000
V/LockPatternKeyguardView(  380): View com.android.internal.widget.TransportControlView@40fdddd8 requested hide transports
D/KeyguardUpdateMonitor(  380): handleClockVisibilityChanged()
D/KeyguardViewMediator(  380): adjustStatusBarLocked: mShowing=true mHidden=false isSecure=true --> flags=0x1290000
V/AudioPolicyManager(  113): stopOutput() output 1, stream 5, session 472
V/AudioPolicyManagerBase(  113): changeRefCount() stream 5, count 0
V/AudioPolicyManagerBase(  113): getNewDevice() selected device 0
V/AudioPolicyManagerBase(  113): getNewDevice() selected device 0
V/AudioPolicyManager(  113): setOutputDevice() output 1 device 0 delayMs 72 force 0
V/AudioPolicyManager(  113): setOutputDevice() setting same device 0 or null device for output 1
V/AwesomePlayer(  113): addBatteryData
D/STATUSBAR-StatusBarManagerService(  380): manageDisableList what=0x1290000 pkg=android
I/InputReader(  380): Touch event's action is 0x0 (deviceType=0) [pCnt=1, pending(waiting finished signal)=0, s=0.1256 ]
I/InputDispatcher(  380): Delivering touch to current input target: action: 0x0
D/CircleLockScreen(  380): pokeWakelockWithTimeCheck time diffence = 1133
D/KeyguardViewMediator(  380): pokeWakelock(10000)
D/CircleLockScreen(  380): pokeWakelockWithTimeCheck mCallback.pokeWakelock(AWAKE_INTERVAL_DEFAULT_MS)
D/PowerManagerService(  380): acquireWakeLock flags=0x1000001a tag=keyguard uid=1000 pid=380   myUID=1000 myPID=380 myTID=448
D/CircleLockScreen(  380): pokeWakelockWithTimeCheck time diffence = 1167
D/KeyguardViewMediator(  380): pokeWakelock(10000)
D/CircleLockScreen(  380): pokeWakelockWithTimeCheck mCallback.pokeWakelock(AWAKE_INTERVAL_DEFAULT_MS)
D/PowerManagerService(  380): acquireWakeLock flags=0x1000001a tag=keyguard uid=1000 pid=380   myUID=1000 myPID=380 myTID=448
D/CircleLockScreen(  380): pokeWakelockWithTimeCheck time diffence = 1185
D/KeyguardViewMediator(  380): pokeWakelock(10000)
D/CircleLockScreen(  380): pokeWakelockWithTimeCheck mCallback.pokeWakelock(AWAKE_INTERVAL_DEFAULT_MS)
D/PowerManagerService(  380): acquireWakeLock flags=0x1000001a tag=keyguard uid=1000 pid=380   myUID=1000 myPID=380 myTID=448
D/CircleLockScreen(  380): pokeWakelockWithTimeCheck time diffence = 1208
D/KeyguardViewMediator(  380): pokeWakelock(10000)
D/CircleLockScreen(  380): pokeWakelockWithTimeCheck mCallback.pokeWakelock(AWAKE_INTERVAL_DEFAULT_MS)
D/PowerManagerService(  380): acquireWakeLock flags=0x1000001a tag=keyguard uid=1000 pid=380   myUID=1000 myPID=380 myTID=448
D/CircleLockScreen(  380): pokeWakelockWithTimeCheck time diffence = 1237
D/KeyguardViewMediator(  380): pokeWakelock(10000)
D/CircleLockScreen(  380): pokeWakelockWithTimeCheck mCallback.pokeWakelock(AWAKE_INTERVAL_DEFAULT_MS)
D/PowerManagerService(  380): acquireWakeLock flags=0x1000001a tag=keyguard uid=1000 pid=380   myUID=1000 myPID=380 myTID=448
D/CircleLockScreen(  380): pokeWakelockWithTimeCheck time diffence = 1312
D/KeyguardViewMediator(  380): pokeWakelock(10000)
D/CircleLockScreen(  380): pokeWakelockWithTimeCheck mCallback.pokeWakelock(AWAKE_INTERVAL_DEFAULT_MS)
D/PowerManagerService(  380): acquireWakeLock flags=0x1000001a tag=keyguard uid=1000 pid=380   myUID=1000 myPID=380 myTID=448
D/CircleLockScreen(  380): pokeWakelockWithTimeCheck time diffence = 1356
D/KeyguardViewMediator(  380): pokeWakelock(10000)
D/CircleLockScreen(  380): pokeWakelockWithTimeCheck mCallback.pokeWakelock(AWAKE_INTERVAL_DEFAULT_MS)
D/PowerManagerService(  380): acquireWakeLock flags=0x1000001a tag=keyguard uid=1000 pid=380   myUID=1000 myPID=380 myTID=448
D/CircleLockScreen(  380): pokeWakelockWithTimeCheck time diffence = 1399
D/KeyguardViewMediator(  380): pokeWakelock(10000)
D/CircleLockScreen(  380): pokeWakelockWithTimeCheck mCallback.pokeWakelock(AWAKE_INTERVAL_DEFAULT_MS)
D/PowerManagerService(  380): acquireWakeLock flags=0x1000001a tag=keyguard uid=1000 pid=380   myUID=1000 myPID=380 myTID=448
D/CircleLockScreen(  380): pokeWakelockWithTimeCheck time diffence = 1433
D/KeyguardViewMediator(  380): pokeWakelock(10000)
D/CircleLockScreen(  380): pokeWakelockWithTimeCheck mCallback.pokeWakelock(AWAKE_INTERVAL_DEFAULT_MS)
D/PowerManagerService(  380): acquireWakeLock flags=0x1000001a tag=keyguard uid=1000 pid=380   myUID=1000 myPID=380 myTID=448
D/plugin  (  661): getDefaultSubscription()
D/CircleLockScreen(  380): pokeWakelockWithTimeCheck time diffence = 1469
D/KeyguardViewMediator(  380): pokeWakelock(10000)
D/CircleLockScreen(  380): pokeWakelockWithTimeCheck mCallback.pokeWakelock(AWAKE_INTERVAL_DEFAULT_MS)
D/KeyguardViewMediator(  380): keyguardDone(true)
D/PowerManagerService(  380): acquireWakeLock flags=0x1000001a tag=keyguard uid=1000 pid=380   myUID=1000 myPID=380 myTID=448
D/KeyguardViewMediator(  380): handleKeyguardDone
D/KeyguardViewMediator(  380): handleHide
D/KeyguardViewManager(  380): hide()
D/KeyguardViewMediator(  380): adjustUserActivityLocked mShowing: false mHidden: false
D/KeyguardViewMediator(  380): adjustStatusBarLocked: mShowing=false mHidden=false isSecure=true --> flags=0x0
D/PowerManagerService(  380): enableUserActivity true
D/STATUSBAR-StatusBarManagerService(  380): manageDisableList what=0x0 pkg=android
E/KeyguardViewMediator(  380): 3. Lockscreen unlock
E/KeyguardViewMediator(  380): Phone is boot completed. so can broadcast
D/CircleLockScreen(  380): pokeWakelockWithTimeCheck time diffence = 1530
D/PhoneStatusBar(  507): disable: < expand* icons alerts ticker* system_info BACK HOME recent* CLOCK >
D/PowerManagerService(  380): releaseWakeLockLocked flags=0x0 tag=keyguard myUID=1000 myPID=380 myTID=448
D/STATUSBAR-NotificationService(  380): ACTION_USER_PRESENT
W/AlarmManager(  380): FACTORY_ON= 0
D/KeyguardViewMediator(  380): pokeWakelock(10000)
D/CircleLockScreen(  380): pokeWakelockWithTimeCheck mCallback.pokeWakelock(AWAKE_INTERVAL_DEFAULT_MS)
D/OpenGLRenderer(  380): Flushing caches (mode 0)
D/PowerManagerService(  380): acquireWakeLock flags=0x1000001a tag=keyguard uid=1000 pid=380   myUID=1000 myPID=380 myTID=448
D/memalloc(  380): /dev/pmem: Unmapping buffer base:0x5ae18000 size:4292608 offset:2818048
D/memalloc(  380): /dev/pmem: Unmapping buffer base:0x5b230000 size:13299712 offset:11825152
D/memalloc(  380): /dev/pmem: Unmapping buffer base:0x5bedf000 size:14774272 offset:13299712
D/memalloc(  110): /dev/pmem: Freeing buffer base:0x425f8000 size:1474560 offset:11825152 fd:54
D/memalloc(  110): /dev/pmem: Freeing buffer base:0x42760000 size:1474560 offset:13299712 fd:57
D/KeyguardViewMediator(  380): setHidden false
D/KeyguardViewMediator(  380): setHidden false
I/InputReader(  380): Touch event's action is 0x1 (deviceType=0) [pCnt=1, pending(waiting finished signal)=1, s=]
D/KeyguardViewMediator(  380): setHidden false
V/WindowManager(  380): rotationForOrientationLw(orient=-1, last=0); user=0  mLidOpen=-1 mDockMode=0 mHdmiPlugged=false mAccelerometerDefault=1 sensorRotation=0
W/InputManagerService(  380): Window already focused, ignoring focus gain of: com.android.internal.view.IInputMethodClient$Stub$Proxy@40ffa408
D/CircleLockScreen(  380): pokeWakelockWithTimeCheck time diffence = 1582
D/KeyguardViewMediator(  380): pokeWakelock(10000)
D/CircleLockScreen(  380): pokeWakelockWithTimeCheck mCallback.pokeWakelock(AWAKE_INTERVAL_DEFAULT_MS)
I/InputDispatcher(  380): Delivering touch to current input target: action: 0x1
D/PowerManagerService(  380): acquireWakeLock flags=0x1000001a tag=keyguard uid=1000 pid=380   myUID=1000 myPID=380 myTID=448
D/STATUSBAR-StatusBarManagerService(  380): setSystemUiVisibility(0x0)
D/STATUSBAR-StatusBarManagerService(  380): manageDisableList what=0x0 pkg=WindowManager.LayoutParams
W/IInputConnectionWrapper(16023): getSelectedText on inactive InputConnection
W/IInputConnectionWrapper(16023): setComposingText on inactive InputConnection
D/PhoneStatusBar(  507): disable: < expand icons alerts ticker system_info back* home* recent clock* >
D/LockPatternKeyguardView(  380): unfocused
D/CircleLockScreen(  380): unfocused
W/SurfaceFlinger(  110): id=836 Removed idx=4 Map Size=4
D/KeyguardViewMediator(  380): setHidden false
