D/VoIPInterfaceManager(  380): isVoIPActivated()...
D/VoIPInterfaceManager(  380):     Not exist call session
D/VoIPInterfaceManager(  380): isVoIPDialing()...
D/VoIPInterfaceManager(  380):     Not exist call session
D/VoIPInterfaceManager(  380): isVoIPActivated()...
D/VoIPInterfaceManager(  380):     Not exist call session
D/VoIPInterfaceManager(  380): isVoIPDialing()...
D/VoIPInterfaceManager(  380):     Not exist call session
D/VoIPInterfaceManager(  380): isVoIPActivated()...
D/VoIPInterfaceManager(  380):     Not exist call session
D/dalvikvm(  380): GC_FOR_ALLOC freed 155K, 47% free 16829K/31715K, paused 110ms
V/LockPatternKeyguardView(  380): Gone=com.android.internal.policy.impl.PatternUnlockScreen@418dd890
V/LockPatternKeyguardView(  380): Visible=com.android.internal.policy.impl.CircleLockScreen@415b5a18
D/LockPatternKeyguardView(  380): max failed attempt for device disable :0
D/plugin  (  380): isNetworkRoaming
D/plugin  (  380): isNetworkRoaming
D/ClockWidget(  380): isNetworkRoaming : false
D/ClockWidget(  380): refreshTime()
D/ClockWidget(  380): TTS Message = It is 23 6, Monday, 22 June
D/ClockWidget(  380): isServiceEnable = false cityId = cityId:187745
D/ClockWidget(  380): Weather Demon is not running, Set visibility to GONE
V/UnlockScreen(  380): ***** PATTERN ATTACHED TO WINDOW
V/UnlockScreen(  380): Cur orient=1, new config={0 0.93 0mcc0mnc en_GB layoutdir=0 sw320dp w320dp h508dp nrml long port finger -keyb/v/h -nav/h s.47}
D/CircleLockScreen(  380): onResume()
D/plugin  (  661): getDefaultSubscription()
D/ClockWidget(  380): isServiceEnable = false cityId = cityId:187745
D/ClockWidget(  380): Weather Demon is not running, Set visibility to GONE
D/CircleShortcutWidget(  380): onResume()
D/CircleLockScreen(  380): mCallback.isShowingAndNotHidden()=false
V/KeyguardStatusView(  380): onResume()
E/KeyguardUpdateMonitor(  380): Object tried to add another INFO callback
E/KeyguardUpdateMonitor(  380): Object tried to add another INFO callback
V/KeyguardStatusView(  380): updateStatusLines(true)
D/KeyguardStatusView(  380): updateCarrierText(), int:0, mCarrierText:No SIM card. | Emergency calls only
D/KeyguardStatusView(  380): updateCarrierText(), int:1, mCarrierText:No SIM card.
D/UnlockScreen(  380): max failed attempt for device disable :0
D/UnlockScreen(  380): isDeviceDisabledForMaxFailedAttempt return :false
D/UnlockScreen(  380): mode normal
D/KeyguardViewMediator(  380): adjustUserActivityLocked mShowing: true mHidden: false
D/PowerManagerService(  380): enableUserActivity false
D/KeyguardViewMediator(  380): KeyguardGetAudioService.dismissVolumePanel() run
D/VolumePanel(  380): call forceTimeout
D/KeyguardViewMediator(  380): adjustStatusBarLocked: mShowing=true mHidden=false isSecure=true --> flags=0x1290000
D/STATUSBAR-StatusBarManagerService(  380): manageDisableList what=0x1290000 pkg=android
E/KeyguardViewMediator(  380): 2. Lockscreen lock
E/KeyguardViewMediator(  380): Phone is boot completed. so can broadcast
D/PhoneStatusBar(  507): disable: < EXPAND* icons alerts TICKER* system_info back HOME* RECENT* clock >
D/KeyguardUpdateMonitor(  380): handleClockVisibilityChanged()
D/KeyguardViewMediator(  380): adjustStatusBarLocked: mShowing=true mHidden=false isSecure=true --> flags=0x1290000
D/BatteryService(  380): update start
D/STATUSBAR-StatusBarManagerService(  380): manageDisableList what=0x1290000 pkg=android
D/KeyguardUpdateMonitor(  380): handleClockVisibilityChanged()
D/KeyguardViewMediator(  380): adjustStatusBarLocked: mShowing=true mHidden=false isSecure=true --> flags=0x1290000
D/STATUSBAR-StatusBarManagerService(  380): manageDisableList what=0x1290000 pkg=android
D/KeyguardUpdateMonitor(  380): received broadcast android.intent.action.BATTERY_CHANGED
D/BatteryService(  380): level:67 scale:100 status:3 health:2 present:true voltage: 3961 temperature: 310 technology: Li-ion AC powered:false USB powered:false icon:17303167 invalid charger:0
D/ThermistorObserver(  380): mBatteryBRForAMOLED : onReceive() : newTemperature : 310
V/UiModeManager(  380): updateLocked, mLastBroadcastState =0 , oldAction = null
D/STATUSBAR-BatteryController(  507): onReceive() - ACTION_BATTERY_CHANGED
D/STATUSBAR-BatteryController(  507): onReceive() - level:67
D/STATUSBAR-BatteryController(  507): onReceive() - plugged:0
D/STATUSBAR-BatteryController(  507): onReceive() - BATTERY_STATUS_DISCHARGING: stat_sys_battery
D/STATUSBAR-PhoneStatusBar(  507): ACTION_BATTERY_CHANGED
D/STATUSBAR-PhoneStatusBar(  507): NORMAL_BATTERY
D/PowerUI (  507): getBatteryOnline : battery online file not found
D/BatteryService(  380): update start
D/BatteryService(  380): update start
D/BatteryService(  380): update start
W/SurfaceFlinger(  110): id=836(86) createSurface 0x121830c (480x762),1 flag=0
D/KeyguardViewMediator(  380): setHidden false
I/Adreno200-EGLSUB(  380): <ConfigWindowMatch:2218>: Format RGBA_8888.
D/memalloc(  110): /dev/pmem: Allocated buffer base:0x41ab1000 size:1474560 offset:2818048 fd:42
V/WindowManager(  380): rotationForOrientationLw(orient=5, last=0); user=0  mLidOpen=-1 mDockMode=0 mHdmiPlugged=false mAccelerometerDefault=1 sensorRotation=-1
D/memalloc(  380): /dev/pmem: Mapped buffer base:0x5ae18000 size:4292608 offset:2818048 fd:295
V/LockPatternKeyguardView(  380): View com.android.internal.widget.TransportControlView@40fdddd8 requested hide transports
D/KeyguardUpdateMonitor(  380): handleBatteryUpdate
D/STATUSBAR-StatusBarManagerService(  380): setSystemUiVisibility(0xe00004)
D/STATUSBAR-StatusBarManagerService(  380): manageDisableList what=0xe00000 pkg=WindowManager.LayoutParams
D/PhoneStatusBar(  507): disable: < EXPAND icons alerts TICKER system_info BACK* HOME RECENT CLOCK* >
D/LockPatternKeyguardView(  380): focused
D/CircleLockScreen(  380): focused
V/KeyguardStatusView(  380): onResume()
E/KeyguardUpdateMonitor(  380): Object tried to add another INFO callback
E/KeyguardUpdateMonitor(  380): Object tried to add another INFO callback
V/KeyguardStatusView(  380): updateStatusLines(true)
D/KeyguardStatusView(  380): updateCarrierText(), int:0, mCarrierText:No SIM card. | Emergency calls only
D/KeyguardStatusView(  380): updateCarrierText(), int:1, mCarrierText:No SIM card.
D/UnlockScreen(  380): max failed attempt for device disable :0
D/UnlockScreen(  380): isDeviceDisabledForMaxFailedAttempt return :false
D/UnlockScreen(  380): mode normal
D/memalloc(  110): /dev/pmem: Allocated buffer base:0x41ab1000 size:1474560 offset:11825152 fd:54
D/memalloc(  380): /dev/pmem: Mapped buffer base:0x5b230000 size:13299712 offset:11825152 fd:331
D/KeyguardViewMediator(  380): setHidden false
D/KeyguardViewMediator(  380): setHidden false
D/KeyguardUpdateMonitor(  380): handleClockVisibilityChanged()
D/KeyguardViewMediator(  380): adjustStatusBarLocked: mShowing=true mHidden=false isSecure=true --> flags=0x1290000
D/STATUSBAR-StatusBarManagerService(  380): manageDisableList what=0x1290000 pkg=android
I/Adreno200-EGLSUB(  110): <CreateImage:1017>: Android Image
I/Adreno200-EGLSUB(  110): <GetImageAttributes:1226>: RGBA_8888
D/memalloc(  110): /dev/pmem: Allocated buffer base:0x41ab1000 size:1474560 offset:13299712 fd:57
D/memalloc(  380): /dev/pmem: Mapped buffer base:0x5bedf000 size:14774272 offset:13299712 fd:342
I/Adreno200-EGLSUB(  110): <CreateImage:1017>: Android Image
I/Adreno200-EGLSUB(  110): <GetImageAttributes:1226>: RGBA_8888
D/UnlockScreen(  380): setEnableFallback(true)
I/Adreno200-EGLSUB(  110): <CreateImage:1017>: Android Image
I/Adreno200-EGLSUB(  110): <GetImageAttributes:1226>: RGBA_8888
D/BatteryService(  380): update start
D/KeyguardUpdateMonitor(  380): received broadcast android.intent.action.BATTERY_CHANGED
D/KeyguardUpdateMonitor(  380): handleBatteryUpdate
D/BatteryService(  380): level:67 scale:100 status:3 health:2 present:true voltage: 3945 temperature: 310 technology: Li-ion AC powered:false USB powered:false icon:17303167 invalid charger:0
D/ThermistorObserver(  380): mBatteryBRForAMOLED : onReceive() : newTemperature : 310
V/UiModeManager(  380): updateLocked, mLastBroadcastState =0 , oldAction = null
D/STATUSBAR-BatteryController(  507): onReceive() - ACTION_BATTERY_CHANGED
D/STATUSBAR-BatteryController(  507): onReceive() - level:67
D/STATUSBAR-BatteryController(  507): onReceive() - plugged:0
D/STATUSBAR-BatteryController(  507): onReceive() - BATTERY_STATUS_DISCHARGING: stat_sys_battery
D/STATUSBAR-PhoneStatusBar(  507): ACTION_BATTERY_CHANGED
D/STATUSBAR-PhoneStatusBar(  507): NORMAL_BATTERY
D/PowerUI (  507): getBatteryOnline : battery online file not found
E/AlarmManagerService(  380): android_server_AlarmManagerService_set to type=2, 93108.510000000
V/AlarmManager(  380): waitForAlarm result :4
W/AlarmManager(  380): FACTORY_ON= 0
W/AlarmManager(  380): FACTORY_ON= 0
D/GCM     (  810): Message class com.google.f.a.a.i
D/ConnectivityService(  380): reportNetworkCondition(1, 100)
D/ConnectivityService(  380): handleInetConditionChange: net=1, condition=100,mActiveDefaultNetwork=1
D/ConnectivityService(  380): handleInetConditionChange: starting a change hold
W/AlarmManager(  380): FACTORY_ON= 0
W/AlarmManager(  380): FACTORY_ON= 0
W/SignalStrength(  507): getGsmLevel. this.mGsmSignalBar=4, getGsmSignalStrength()== 20
W/SignalStrength(  507): getGsmLevel=4
W/SignalStrength(  507): getLevel=4 (SignalStrength: 20 255 -120 -160 -120 -1 -1 99 2147483647 -32767 2147483647 -32767 gsm|lte 4)
W/SignalStrength(  507): getGsmLevel. this.mGsmSignalBar=4, getGsmSignalStrength()== 20
W/SignalStrength(  507): getGsmLevel=4
W/SignalStrength(  507): getLevel=4 (SignalStrength: 20 255 -120 -160 -120 -1 -1 99 2147483647 -32767 2147483647 -32767 gsm|lte 4)
D/ConnectivityService(  380): handleInetConditionHoldEnd: net=1, condition=100, published condition=100
D/ConnectivityService(  380): sendStickyBroadcast: action=android.net.conn.INET_CONDITION_ACTION
D/TWStatusBar-NetworkControllerDS(  507): onReceive() - CONNECTIVITY_ACTION, INET_CONDITION_ACTION
D/StatusBar-NetworkControllerDS(  507): isDualSIM : SimState = 0, SimState2 = 0
D/StatusBar-NetworkControllerDS(  507): isDualSIM : SimState = 0, SimState2 = 0
D/StatusBar-NetworkControllerDS(  507): refreshViews connected={ wifi } level=4|?? combinedSignalIconId=0x7f0200ef/com.android.systemui:drawable/stat_sys_wifi_signal_4 combinedActivityIconId=0x7f0200d9 mAirplaneMode=false mDataActivity1=0 mDataActivity2=0 mPhoneSignalIconId1=0x7f0200cf mPhoneSignalIconId2=0x0 mLastPhoneSignalIconId1=0x7f0200cf mLastPhoneSignalIconId2=0x0 mDataDirectionIconId1=0x7f0200bf mDataDirectionIconId2=0x7f0200bf mDataSignalIconId1=0x7f0200cf mDataSignalIconId2=0x0 mDataTypeIconId1=0x0 mDataTypeIconId2=0x0 mWifiIconId=0x7f0200ef mRoamingIconId1=0x0 mRoamingIconId2=0x0 mBluetoothTetherIconId=0x10806ce
D/SignalClusterView(  507): wifi: VISIBLE sig=2130837743 act=2130837721
D/SignalClusterView(  507): mobile1: VISIBLE sig=2130837711 act=0 typ=0
D/SignalClusterView(  507): mobile2: VISIBLE sig=0 act=0 typ=0
D/SignalClusterView(  507): wifi: VISIBLE sig=2130837743 act=2130837721
D/SignalClusterView(  507): mobile1: VISIBLE sig=2130837711 act=0 typ=0
D/SignalClusterView(  507): mobile2: VISIBLE sig=0 act=0 typ=0
D/SignalClusterView(  507): wifi: VISIBLE sig=2130837743 act=2130837721
D/SignalClusterView(  507): mobile1: VISIBLE sig=2130837711 act=0 typ=0
D/SignalClusterView(  507): mobile2: VISIBLE sig=0 act=0 typ=0
E/AlarmManagerService(  380): android_server_AlarmManagerService_set to type=2, 93307.524000000
V/AlarmManager(  380): waitForAlarm result :4
D/BatteryService(  380): update start
D/KeyguardUpdateMonitor(  380): received broadcast android.intent.action.BATTERY_CHANGED
D/KeyguardUpdateMonitor(  380): handleBatteryUpdate
D/BatteryService(  380): level:67 scale:100 status:3 health:2 present:true voltage: 3966 temperature: 310 technology: Li-ion AC powered:false USB powered:false icon:17303167 invalid charger:0
D/ThermistorObserver(  380): mBatteryBRForAMOLED : onReceive() : newTemperature : 310
V/UiModeManager(  380): updateLocked, mLastBroadcastState =0 , oldAction = null
D/STATUSBAR-BatteryController(  507): onReceive() - ACTION_BATTERY_CHANGED
D/STATUSBAR-BatteryController(  507): onReceive() - level:67
D/STATUSBAR-BatteryController(  507): onReceive() - plugged:0
D/STATUSBAR-BatteryController(  507): onReceive() - BATTERY_STATUS_DISCHARGING: stat_sys_battery
D/STATUSBAR-PhoneStatusBar(  507): ACTION_BATTERY_CHANGED
D/STATUSBAR-PhoneStatusBar(  507): NORMAL_BATTERY
D/PowerUI (  507): getBatteryOnline : battery online file not found
D/BatteryService(  380): update start
D/BatteryService(  380): update start
D/BatteryService(  380): update start
W/AlarmManager(  380): FACTORY_ON= 0
W/AlarmManager(  380): FACTORY_ON= 0
D/BatteryService(  380): update start
D/BatteryService(  380): update start
D/BatteryService(  380): update start
D/BatteryService(  380): update start
D/BatteryService(  380): update start
E/AlarmManagerService(  380): android_server_AlarmManagerService_set to type=3, 93412.059000000
E/AlarmManagerService(  380): android_server_AlarmManagerService_set to type=3, 93196.367000000
V/AlarmManager(  380): waitForAlarm result :8
V/AlarmManager(  380): ClockReceiver onReceive() ACTION_TIME_TICK
W/AlarmManager(  380): FACTORY_ON= 0
D/KeyguardUpdateMonitor(  380): received broadcast android.intent.action.TIME_TICK
D/KeyguardUpdateMonitor(  380): handleTimeUpdate
D/STATUSBAR-Clock(  507): onReceive() - ACTION_TIME_TICK
D/BatteryService(  380): level:67 scale:100 status:3 health:2 present:true voltage: 3932 temperature: 310 technology: Li-ion AC powered:false USB powered:false icon:17303167 invalid charger:0
D/BatteryService(  380): update start
D/KeyguardUpdateMonitor(  380): received broadcast android.intent.action.BATTERY_CHANGED
D/KeyguardUpdateMonitor(  380): handleBatteryUpdate
D/ThermistorObserver(  380): mBatteryBRForAMOLED : onReceive() : newTemperature : 310
V/UiModeManager(  380): updateLocked, mLastBroadcastState =0 , oldAction = null
D/BatteryService(  380): update start
D/BatteryService(  380): update start
D/STATUSBAR-BatteryController(  507): onReceive() - ACTION_BATTERY_CHANGED
D/STATUSBAR-BatteryController(  507): onReceive() - level:67
D/STATUSBAR-BatteryController(  507): onReceive() - plugged:0
D/STATUSBAR-BatteryController(  507): onReceive() - BATTERY_STATUS_DISCHARGING: stat_sys_battery
D/STATUSBAR-PhoneStatusBar(  507): ACTION_BATTERY_CHANGED
D/STATUSBAR-PhoneStatusBar(  507): NORMAL_BATTERY
D/PowerUI (  507): getBatteryOnline : battery online file not found
D/ClockWidget(  380): refreshTime()
D/ClockWidget(  380): TTS Message = It is 23 7, Monday, 22 June
V/PowerManagerService(  380): Top Most Needs Intelligent Sleep: true
W/PowerManagerService(  380): Timer 0x0->0x0|0x0
D/BatteryService(  380): update start
D/KeyguardUpdateMonitor(  380): received broadcast android.intent.action.BATTERY_CHANGED
D/KeyguardUpdateMonitor(  380): handleBatteryUpdate
D/BatteryService(  380): level:67 scale:100 status:3 health:2 present:true voltage: 3970 temperature: 310 technology: Li-ion AC powered:false USB powered:false icon:17303167 invalid charger:0
D/ThermistorObserver(  380): mBatteryBRForAMOLED : onReceive() : newTemperature : 310
V/UiModeManager(  380): updateLocked, mLastBroadcastState =0 , oldAction = null
D/STATUSBAR-BatteryController(  507): onReceive() - ACTION_BATTERY_CHANGED
D/STATUSBAR-BatteryController(  507): onReceive() - level:67
D/STATUSBAR-BatteryController(  507): onReceive() - plugged:0
D/STATUSBAR-BatteryController(  507): onReceive() - BATTERY_STATUS_DISCHARGING: stat_sys_battery
D/STATUSBAR-PhoneStatusBar(  507): ACTION_BATTERY_CHANGED
D/STATUSBAR-PhoneStatusBar(  507): NORMAL_BATTERY
D/PowerUI (  507): getBatteryOnline : battery online file not found
D/BatteryService(  380): update start
D/KeyguardUpdateMonitor(  380): received broadcast android.intent.action.BATTERY_CHANGED
D/KeyguardUpdateMonitor(  380): handleBatteryUpdate
D/BatteryService(  380): level:67 scale:100 status:3 health:2 present:true voltage: 3970 temperature: 300 technology: Li-ion AC powered:false USB powered:false icon:17303167 invalid charger:0
D/ThermistorObserver(  380): mBatteryBRForAMOLED : onReceive() : newTemperature : 300
V/UiModeManager(  380): updateLocked, mLastBroadcastState =0 , oldAction = null
D/STATUSBAR-BatteryController(  507): onReceive() - ACTION_BATTERY_CHANGED
D/STATUSBAR-BatteryController(  507): onReceive() - level:67
D/STATUSBAR-BatteryController(  507): onReceive() - plugged:0
D/STATUSBAR-BatteryController(  507): onReceive() - BATTERY_STATUS_DISCHARGING: stat_sys_battery
D/STATUSBAR-PhoneStatusBar(  507): ACTION_BATTERY_CHANGED
D/STATUSBAR-PhoneStatusBar(  507): NORMAL_BATTERY
D/PowerUI (  507): getBatteryOnline : battery online file not found
D/BatteryService(  380): update start
D/BatteryService(  380): update start
E/AlarmManagerService(  380): android_server_AlarmManagerService_set to type=3, 93412.059000000
D/BatteryService(  380): update start
V/AlarmManager(  380): waitForAlarm result :8
E/AlarmManagerService(  380): android_server_AlarmManagerService_set to type=3, 93256.367000000
V/AlarmManager(  380): ClockReceiver onReceive() ACTION_TIME_TICK
W/AlarmManager(  380): FACTORY_ON= 0
D/KeyguardUpdateMonitor(  380): received broadcast android.intent.action.TIME_TICK
D/KeyguardUpdateMonitor(  380): handleTimeUpdate
D/STATUSBAR-Clock(  507): onReceive() - ACTION_TIME_TICK
D/BatteryService(  380): update start
D/BatteryService(  380): update start
D/BatteryService(  380): update start
D/ClockWidget(  380): refreshTime()
D/ClockWidget(  380): TTS Message = It is 23 8, Monday, 22 June
D/BatteryService(  380): update start
V/AlarmManager(  380): waitForAlarm result :8
E/AlarmManagerService(  380): android_server_AlarmManagerService_set to type=3, 93412.059000000
V/AlarmManager(  380): ClockReceiver onReceive() ACTION_TIME_TICK
W/AlarmManager(  380): FACTORY_ON= 0
E/AlarmManagerService(  380): android_server_AlarmManagerService_set to type=3, 93316.367000000
D/KeyguardUpdateMonitor(  380): received broadcast android.intent.action.TIME_TICK
D/KeyguardUpdateMonitor(  380): handleTimeUpdate
D/BatteryService(  380): update start
D/STATUSBAR-Clock(  507): onReceive() - ACTION_TIME_TICK
D/BatteryService(  380): update start
D/BatteryService(  380): update start
D/ClockWidget(  380): refreshTime()
D/ClockWidget(  380): TTS Message = It is 23 9, Monday, 22 June
E/AlarmManagerService(  380): android_server_AlarmManagerService_set to type=2, 93310.910000000
V/AlarmManager(  380): waitForAlarm result :4
I/WifiHW  (  380): ##################### set firmware type 0 #####################
D/WifiStateMachine(  380): setWifiEnabled : WifiNative.setFwType(0)
E/wpa_supplicant(11594): wpa_driver_nl80211_driver_cmd: failed to issue private commands
E/WifiStateMachine(  380): set suspend optimizations failed!
W/AlarmManager(  380): FACTORY_ON= 0
D/abtfilt ( 1078): WMI SCAN COMPLETE: 6
D/Tethering(  380): interfaceLinkStateChanged wlan0, true
D/Tethering(  380): interfaceStatusChanged wlan0, true
D/Tethering(  380): interfaceLinkStateChanged wlan0, true
D/Tethering(  380): interfaceStatusChanged wlan0, true
W/AlarmManager(  380): FACTORY_ON= 0
W/AlarmManager(  380): FACTORY_ON= 0
W/AlarmManager(  380): FACTORY_ON= 0
I/WifiHW  (  380): ##################### set firmware type 0 #####################
D/WifiStateMachine(  380): setWifiEnabled : WifiNative.setFwType(0)
E/wpa_supplicant(11594): wpa_driver_nl80211_driver_cmd: failed to issue private commands
E/WifiStateMachine(  380): set suspend optimizations failed!
D/BatteryService(  380): update start
D/KeyguardUpdateMonitor(  380): received broadcast android.intent.action.BATTERY_CHANGED
D/KeyguardUpdateMonitor(  380): handleBatteryUpdate
D/BatteryService(  380): level:67 scale:100 status:3 health:2 present:true voltage: 3933 temperature: 300 technology: Li-ion AC powered:false USB powered:false icon:17303167 invalid charger:0
D/ThermistorObserver(  380): mBatteryBRForAMOLED : onReceive() : newTemperature : 300
V/UiModeManager(  380): updateLocked, mLastBroadcastState =0 , oldAction = null
D/STATUSBAR-BatteryController(  507): onReceive() - ACTION_BATTERY_CHANGED
D/STATUSBAR-BatteryController(  507): onReceive() - level:67
D/STATUSBAR-BatteryController(  507): onReceive() - plugged:0
D/STATUSBAR-BatteryController(  507): onReceive() - BATTERY_STATUS_DISCHARGING: stat_sys_battery
D/STATUSBAR-PhoneStatusBar(  507): ACTION_BATTERY_CHANGED
D/STATUSBAR-PhoneStatusBar(  507): NORMAL_BATTERY
D/PowerUI (  507): getBatteryOnline : battery online file not found
E/AlarmManagerService(  380): android_server_AlarmManagerService_set to type=2, 93327.012000000
V/AlarmManager(  380): waitForAlarm result :4
W/AlarmManager(  380): FACTORY_ON= 0
I/dalvikvm(16328): Could not find method android.os.Process.myUserHandle, referenced from method com.sec.spp.push.util.g.b
W/dalvikvm(16328): VFY: unable to resolve static method 278: Landroid/os/Process;.myUserHandle ()Landroid/os/UserHandle;
D/dalvikvm(16328): VFY: replacing opcode 0x71 at 0x0009
E/dalvikvm(16328): Could not find class 'android.os.UserManager', referenced from method com.sec.spp.push.dlc.sender.DlcRequestReceiver.b
W/dalvikvm(16328): VFY: unable to resolve check-cast 89 (Landroid/os/UserManager;) in Lcom/sec/spp/push/dlc/sender/DlcRequestReceiver;
D/dalvikvm(16328): VFY: replacing opcode 0x1f at 0x0026
E/SPPClientService(16328): ============PushLog. commonIsShipBuild. stop!
E/SPPClientService(16328): [PushClientApplication] Push log off : This is Ship build version
I/dalvikvm(16328): Could not find method android.os.Process.myUserHandle, referenced from method com.sec.spp.push.dlc.util.e.a
W/dalvikvm(16328): VFY: unable to resolve static method 278: Landroid/os/Process;.myUserHandle ()Landroid/os/UserHandle;
D/dalvikvm(16328): VFY: replacing opcode 0x71 at 0x0009
D/SPPClientService(16328): PushLog.txt file is not deleted.
D/SPPClientService(16328): PushLog.txt file is not deleted.
D/SPPClientService(16328): ============PushLog. stop!
E/SPPClientService( 2704): [b] __PingReply__
W/AlarmManager(  380): FACTORY_ON= 0
E/AlarmManagerService(  380): android_server_AlarmManagerService_set to type=3, 93412.059000000
D/BatteryService(  380): update start
V/AlarmManager(  380): waitForAlarm result :8
E/AlarmManagerService(  380): android_server_AlarmManagerService_set to type=3, 93376.367000000
V/AlarmManager(  380): ClockReceiver onReceive() ACTION_TIME_TICK
W/AlarmManager(  380): FACTORY_ON= 0
D/KeyguardUpdateMonitor(  380): received broadcast android.intent.action.TIME_TICK
D/KeyguardUpdateMonitor(  380): handleTimeUpdate
D/STATUSBAR-Clock(  507): onReceive() - ACTION_TIME_TICK
D/BatteryService(  380): level:67 scale:100 status:3 health:2 present:true voltage: 3968 temperature: 300 technology: Li-ion AC powered:false USB powered:false icon:17303167 invalid charger:0
D/BatteryService(  380): update start
D/KeyguardUpdateMonitor(  380): received broadcast android.intent.action.BATTERY_CHANGED
D/KeyguardUpdateMonitor(  380): handleBatteryUpdate
D/ThermistorObserver(  380): mBatteryBRForAMOLED : onReceive() : newTemperature : 300
V/UiModeManager(  380): updateLocked, mLastBroadcastState =0 , oldAction = null
D/BatteryService(  380): update start
D/BatteryService(  380): update start
D/STATUSBAR-BatteryController(  507): onReceive() - ACTION_BATTERY_CHANGED
D/STATUSBAR-BatteryController(  507): onReceive() - level:67
D/STATUSBAR-BatteryController(  507): onReceive() - plugged:0
D/STATUSBAR-BatteryController(  507): onReceive() - BATTERY_STATUS_DISCHARGING: stat_sys_battery
D/STATUSBAR-PhoneStatusBar(  507): ACTION_BATTERY_CHANGED
D/STATUSBAR-PhoneStatusBar(  507): NORMAL_BATTERY
D/PowerUI (  507): getBatteryOnline : battery online file not found
D/ClockWidget(  380): refreshTime()
D/ClockWidget(  380): TTS Message = It is 23 10, Monday, 22 June
E/AlarmManagerService(  380): android_server_AlarmManagerService_set to type=2, 93415.610000000
V/AlarmManager(  380): waitForAlarm result :4
E/AlarmManagerService(  380): android_server_AlarmManagerService_set to type=2, 93387.021000000
W/AlarmManager(  380): FACTORY_ON= 0
W/AlarmManager(  380): FACTORY_ON= 0
D/GCM     (  810): Message class com.google.f.a.a.i
D/ConnectivityService(  380): reportNetworkCondition(1, 100)
D/ConnectivityService(  380): handleInetConditionChange: net=1, condition=100,mActiveDefaultNetwork=1
D/ConnectivityService(  380): handleInetConditionChange: starting a change hold
W/AlarmManager(  380): FACTORY_ON= 0
W/AlarmManager(  380): FACTORY_ON= 0
W/SignalStrength(  507): getGsmLevel. this.mGsmSignalBar=4, getGsmSignalStrength()== 20
W/SignalStrength(  507): getGsmLevel=4
W/SignalStrength(  507): getLevel=4 (SignalStrength: 20 255 -120 -160 -120 -1 -1 99 2147483647 -32767 2147483647 -32767 gsm|lte 4)
W/SignalStrength(  507): getGsmLevel. this.mGsmSignalBar=4, getGsmSignalStrength()== 20
W/SignalStrength(  507): getGsmLevel=4
W/SignalStrength(  507): getLevel=4 (SignalStrength: 20 255 -120 -160 -120 -1 -1 99 2147483647 -32767 2147483647 -32767 gsm|lte 4)
D/ConnectivityService(  380): handleInetConditionHoldEnd: net=1, condition=100, published condition=100
D/ConnectivityService(  380): sendStickyBroadcast: action=android.net.conn.INET_CONDITION_ACTION
D/TWStatusBar-NetworkControllerDS(  507): onReceive() - CONNECTIVITY_ACTION, INET_CONDITION_ACTION
D/StatusBar-NetworkControllerDS(  507): isDualSIM : SimState = 0, SimState2 = 0
D/StatusBar-NetworkControllerDS(  507): isDualSIM : SimState = 0, SimState2 = 0
D/StatusBar-NetworkControllerDS(  507): refreshViews connected={ wifi } level=4|?? combinedSignalIconId=0x7f0200ef/com.android.systemui:drawable/stat_sys_wifi_signal_4 combinedActivityIconId=0x7f0200d9 mAirplaneMode=false mDataActivity1=0 mDataActivity2=0 mPhoneSignalIconId1=0x7f0200cf mPhoneSignalIconId2=0x0 mLastPhoneSignalIconId1=0x7f0200cf mLastPhoneSignalIconId2=0x0 mDataDirectionIconId1=0x7f0200bf mDataDirectionIconId2=0x7f0200bf mDataSignalIconId1=0x7f0200cf mDataSignalIconId2=0x0 mDataTypeIconId1=0x0 mDataTypeIconId2=0x0 mWifiIconId=0x7f0200ef mRoamingIconId1=0x0 mRoamingIconId2=0x0 mBluetoothTetherIconId=0x10806ce
D/SignalClusterView(  507): wifi: VISIBLE sig=2130837743 act=2130837721
D/SignalClusterView(  507): mobile1: VISIBLE sig=2130837711 act=0 typ=0
D/SignalClusterView(  507): mobile2: VISIBLE sig=0 act=0 typ=0
D/SignalClusterView(  507): wifi: VISIBLE sig=2130837743 act=2130837721
D/SignalClusterView(  507): mobile1: VISIBLE sig=2130837711 act=0 typ=0
D/SignalClusterView(  507): mobile2: VISIBLE sig=0 act=0 typ=0
D/SignalClusterView(  507): wifi: VISIBLE sig=2130837743 act=2130837721
D/SignalClusterView(  507): mobile1: VISIBLE sig=2130837711 act=0 typ=0
D/SignalClusterView(  507): mobile2: VISIBLE sig=0 act=0 typ=0
D/BatteryService(  380): update start
D/KeyguardUpdateMonitor(  380): received broadcast android.intent.action.BATTERY_CHANGED
D/KeyguardUpdateMonitor(  380): handleBatteryUpdate
D/BatteryService(  380): level:67 scale:100 status:3 health:2 present:true voltage: 3970 temperature: 290 technology: Li-ion AC powered:false USB powered:false icon:17303167 invalid charger:0
D/ThermistorObserver(  380): mBatteryBRForAMOLED : onReceive() : newTemperature : 290
V/UiModeManager(  380): updateLocked, mLastBroadcastState =0 , oldAction = null
D/STATUSBAR-BatteryController(  507): onReceive() - ACTION_BATTERY_CHANGED
D/STATUSBAR-BatteryController(  507): onReceive() - level:67
D/STATUSBAR-BatteryController(  507): onReceive() - plugged:0
D/STATUSBAR-BatteryController(  507): onReceive() - BATTERY_STATUS_DISCHARGING: stat_sys_battery
D/STATUSBAR-PhoneStatusBar(  507): ACTION_BATTERY_CHANGED
D/STATUSBAR-PhoneStatusBar(  507): NORMAL_BATTERY
D/PowerUI (  507): getBatteryOnline : battery online file not found
D/BatteryService(  380): update start
D/BatteryService(  380): update start
D/BatteryService(  380): update start
D/BatteryService(  380): update start
E/AlarmManagerService(  380): android_server_AlarmManagerService_set to type=3, 93412.059000000
V/AlarmManager(  380): waitForAlarm result :8
V/AlarmManager(  380): ClockReceiver onReceive() ACTION_TIME_TICK
W/AlarmManager(  380): FACTORY_ON= 0
D/KeyguardUpdateMonitor(  380): received broadcast android.intent.action.TIME_TICK
D/KeyguardUpdateMonitor(  380): handleTimeUpdate
D/STATUSBAR-Clock(  507): onReceive() - ACTION_TIME_TICK
D/BatteryService(  380): level:67 scale:100 status:3 health:2 present:true voltage: 3971 temperature: 290 technology: Li-ion AC powered:false USB powered:false icon:17303167 invalid charger:0
D/KeyguardUpdateMonitor(  380): received broadcast android.intent.action.BATTERY_CHANGED
D/KeyguardUpdateMonitor(  380): handleBatteryUpdate
D/BatteryService(  380): update start
D/ThermistorObserver(  380): mBatteryBRForAMOLED : onReceive() : newTemperature : 290
V/UiModeManager(  380): updateLocked, mLastBroadcastState =0 , oldAction = null
D/BatteryService(  380): level:67 scale:100 status:3 health:2 present:true voltage: 3925 temperature: 290 technology: Li-ion AC powered:false USB powered:false icon:17303167 invalid charger:0
D/KeyguardUpdateMonitor(  380): received broadcast android.intent.action.BATTERY_CHANGED
D/KeyguardUpdateMonitor(  380): handleBatteryUpdate
D/ThermistorObserver(  380): mBatteryBRForAMOLED : onReceive() : newTemperature : 290
V/UiModeManager(  380): updateLocked, mLastBroadcastState =0 , oldAction = null
D/BatteryService(  380): update start
D/BatteryService(  380): update start
D/STATUSBAR-BatteryController(  507): onReceive() - ACTION_BATTERY_CHANGED
D/STATUSBAR-BatteryController(  507): onReceive() - level:67
D/STATUSBAR-BatteryController(  507): onReceive() - plugged:0
D/STATUSBAR-BatteryController(  507): onReceive() - BATTERY_STATUS_DISCHARGING: stat_sys_battery
D/STATUSBAR-PhoneStatusBar(  507): ACTION_BATTERY_CHANGED
D/STATUSBAR-PhoneStatusBar(  507): NORMAL_BATTERY
D/PowerUI (  507): getBatteryOnline : battery online file not found
D/STATUSBAR-BatteryController(  507): onReceive() - ACTION_BATTERY_CHANGED
D/STATUSBAR-BatteryController(  507): onReceive() - level:67
D/STATUSBAR-BatteryController(  507): onReceive() - plugged:0
D/STATUSBAR-BatteryController(  507): onReceive() - BATTERY_STATUS_DISCHARGING: stat_sys_battery
D/STATUSBAR-PhoneStatusBar(  507): ACTION_BATTERY_CHANGED
D/STATUSBAR-PhoneStatusBar(  507): NORMAL_BATTERY
D/PowerUI (  507): getBatteryOnline : battery online file not found
D/ClockWidget(  380): refreshTime()
D/ClockWidget(  380): TTS Message = It is 23 11, Monday, 22 June
E/AlarmManagerService(  380): android_server_AlarmManagerService_set to type=2, 93415.610000000
V/AlarmManager(  380): waitForAlarm result :4
D/BatteryService(  380): update start
V/AlarmManager(  380): waitForAlarm result :8
E/AlarmManagerService(  380): android_server_AlarmManagerService_set to type=3, 93436.366000000
D/BatteryService(  380): level:67 scale:100 status:3 health:2 present:true voltage: 3968 temperature: 290 technology: Li-ion AC powered:false USB powered:false icon:17303167 invalid charger:0
D/STATUSBAR-BatteryController(  507): onReceive() - ACTION_BATTERY_CHANGED
D/STATUSBAR-BatteryController(  507): onReceive() - level:67
D/STATUSBAR-BatteryController(  507): onReceive() - plugged:0
D/STATUSBAR-BatteryController(  507): onReceive() - BATTERY_STATUS_DISCHARGING: stat_sys_battery
D/STATUSBAR-PhoneStatusBar(  507): ACTION_BATTERY_CHANGED
D/STATUSBAR-PhoneStatusBar(  507): NORMAL_BATTERY
D/PowerUI (  507): getBatteryOnline : battery online file not found
D/BatteryService(  380): update start
D/BatteryService(  380): update start
D/BatteryService(  380): update start
D/KeyguardUpdateMonitor(  380): received broadcast android.intent.action.BATTERY_CHANGED
D/KeyguardUpdateMonitor(  380): handleBatteryUpdate
W/ThrottleService(  380): unable to find stats for iface rmnet0
D/ThermistorObserver(  380): mBatteryBRForAMOLED : onReceive() : newTemperature : 290
V/UiModeManager(  380): updateLocked, mLastBroadcastState =0 , oldAction = null
W/AlarmManager(  380): FACTORY_ON= 0
E/AlarmManagerService(  380): android_server_AlarmManagerService_set to type=2, 93567.197000000
V/AlarmManager(  380): waitForAlarm result :4
I/ActivityThread(16347): Pub com.android.email.provider;com.android.email.notifier: com.android.email.provider.EmailProvider
I/ActivityThread(16347): Pub com.android.email.attachmentprovider: com.android.email.provider.AttachmentProvider
I/ActivityThread(16347): Pub com.android.email.directory.provider: com.android.email.provider.LdapDirectoryProvider
D/BatteryService(  380): update start
E/AlarmManagerService(  380): android_server_AlarmManagerService_set to type=3, 93600.000000000
V/AlarmManager(  380): waitForAlarm result :8
V/AlarmManager(  380): ClockReceiver onReceive() ACTION_TIME_TICK
W/AlarmManager(  380): FACTORY_ON= 0
E/AlarmManagerService(  380): android_server_AlarmManagerService_set to type=3, 93496.367000000
D/KeyguardUpdateMonitor(  380): received broadcast android.intent.action.TIME_TICK
D/KeyguardUpdateMonitor(  380): handleTimeUpdate
E/ActivityThread(16347): Failed to find provider info for com.seven.provider.email
D/STATUSBAR-Clock(  507): onReceive() - ACTION_TIME_TICK
D/BatteryService(  380): level:67 scale:100 status:3 health:2 present:true voltage: 3927 temperature: 290 technology: Li-ion AC powered:false USB powered:false icon:17303167 invalid charger:0
D/KeyguardUpdateMonitor(  380): received broadcast android.intent.action.BATTERY_CHANGED
D/KeyguardUpdateMonitor(  380): handleBatteryUpdate
D/BatteryService(  380): update start
D/ThermistorObserver(  380): mBatteryBRForAMOLED : onReceive() : newTemperature : 290
V/UiModeManager(  380): updateLocked, mLastBroadcastState =0 , oldAction = null
D/BatteryService(  380): update start
D/BatteryService(  380): update start
D/STATUSBAR-BatteryController(  507): onReceive() - ACTION_BATTERY_CHANGED
D/STATUSBAR-BatteryController(  507): onReceive() - level:67
D/STATUSBAR-BatteryController(  507): onReceive() - plugged:0
D/STATUSBAR-BatteryController(  507): onReceive() - BATTERY_STATUS_DISCHARGING: stat_sys_battery
D/STATUSBAR-PhoneStatusBar(  507): ACTION_BATTERY_CHANGED
D/STATUSBAR-PhoneStatusBar(  507): NORMAL_BATTERY
D/PowerUI (  507): getBatteryOnline : battery online file not found
D/ClockWidget(  380): refreshTime()
D/ClockWidget(  380): TTS Message = It is 23 12, Monday, 22 June
W/AlarmManager(  380): FACTORY_ON= 0
D/CircleShortcutWidget(  380): badge data changed!!
I/ActivityThread(16368): Pub tasks: com.android.exchange.provider.TasksProvider
I/ActivityThread(16368): Pub com.android.exchange.directory.provider: com.android.exchange.provider.ExchangeDirectoryProvider
D/plugin  (  661): getDefaultSubscription()
D/plugin  (  661): getDefaultSubscription()
D/dalvikvm(  753): GC_EXPLICIT freed 4630K, 35% free 17564K/26787K, paused 9ms+45ms
I/ApplicationPolicy(  380): getActualApplicationStateEnabled() : true
I/ApplicationPolicy(  380): getActualApplicationStateEnabled() : true
D/Launcher.BadgeCache, (  753): updateBadgeCounts, app[1] have 25 badges
D/Launcher.BadgeCache, (  753): updateBadgeCounts, app[0] have 0 badges
D/Launcher.BadgeCache, (  753): updateBadgeCounts, app[2] have 0 badges
D/Launcher.BadgeCache, (  753): updateBadgeCounts, app[2] have 0 badges
D/Launcher.BadgeCache, (  753): updateBadgeCounts, app[2] have 0 badges
D/Launcher.BadgeCache, (  753): updateBadgeCounts, app[2] have 0 badges
D/Launcher.BadgeCache, (  753): updateBadgeCounts, app[-1] have 0 badges
D/Launcher.BadgeCache, (  753): updateBadgeCounts, app[3] have 0 badges
I/ApplicationPolicy(  380): getActualApplicationStateEnabled() : true
D/dalvikvm(  380): JIT code cache reset in 4 ms (1048472 bytes 14/0)
D/dalvikvm(  380): GC_CONCURRENT freed 2037K, 42% free 18406K/31715K, paused 6ms+17ms
I/ApplicationPolicy(  380): getActualApplicationStateEnabled() : true
D/BatteryService(  380): update start
D/BatteryService(  380): update start
D/BatteryService(  380): update start
D/BatteryService(  380): update start
W/AlarmManager(  380): FACTORY_ON= 0
W/AlarmManager(  380): FACTORY_ON= 0
D/CircleShortcutWidget(  380): badge data changed!!
D/dalvikvm(  380): GC_EXPLICIT freed 590K, 43% free 18148K/31715K, paused 8ms+13ms
D/Launcher.BadgeCache, (  753): updateBadgeCounts, app[1] have 25 badges
D/Launcher.BadgeCache, (  753): updateBadgeCounts, app[0] have 0 badges
D/Launcher.BadgeCache, (  753): updateBadgeCounts, app[2] have 0 badges
D/Launcher.BadgeCache, (  753): updateBadgeCounts, app[2] have 0 badges
D/Launcher.BadgeCache, (  753): updateBadgeCounts, app[2] have 0 badges
D/Launcher.BadgeCache, (  753): updateBadgeCounts, app[2] have 0 badges
D/Launcher.BadgeCache, (  753): updateBadgeCounts, app[-1] have 0 badges
D/Launcher.BadgeCache, (  753): updateBadgeCounts, app[3] have 0 badges
W/AlarmManager(  380): FACTORY_ON= 0
D/BatteryService(  380): update start
D/KeyguardUpdateMonitor(  380): received broadcast android.intent.action.BATTERY_CHANGED
D/KeyguardUpdateMonitor(  380): handleBatteryUpdate
D/BatteryService(  380): level:67 scale:100 status:3 health:2 present:true voltage: 3963 temperature: 290 technology: Li-ion AC powered:false USB powered:false icon:17303167 invalid charger:0
D/STATUSBAR-BatteryController(  507): onReceive() - ACTION_BATTERY_CHANGED
D/STATUSBAR-BatteryController(  507): onReceive() - level:67
D/STATUSBAR-BatteryController(  507): onReceive() - plugged:0
D/STATUSBAR-BatteryController(  507): onReceive() - BATTERY_STATUS_DISCHARGING: stat_sys_battery
D/STATUSBAR-PhoneStatusBar(  507): ACTION_BATTERY_CHANGED
D/STATUSBAR-PhoneStatusBar(  507): NORMAL_BATTERY
D/PowerUI (  507): getBatteryOnline : battery online file not found
D/ThermistorObserver(  380): mBatteryBRForAMOLED : onReceive() : newTemperature : 290
V/UiModeManager(  380): updateLocked, mLastBroadcastState =0 , oldAction = null
D/BatteryService(  380): update start
D/BatteryService(  380): level:67 scale:100 status:3 health:2 present:true voltage: 3963 temperature: 280 technology: Li-ion AC powered:false USB powered:false icon:17303167 invalid charger:0
D/KeyguardUpdateMonitor(  380): received broadcast android.intent.action.BATTERY_CHANGED
D/KeyguardUpdateMonitor(  380): handleBatteryUpdate
D/ThermistorObserver(  380): mBatteryBRForAMOLED : onReceive() : newTemperature : 280
V/UiModeManager(  380): updateLocked, mLastBroadcastState =0 , oldAction = null
D/STATUSBAR-BatteryController(  507): onReceive() - ACTION_BATTERY_CHANGED
D/STATUSBAR-BatteryController(  507): onReceive() - level:67
D/STATUSBAR-BatteryController(  507): onReceive() - plugged:0
D/STATUSBAR-BatteryController(  507): onReceive() - BATTERY_STATUS_DISCHARGING: stat_sys_battery
D/STATUSBAR-PhoneStatusBar(  507): ACTION_BATTERY_CHANGED
D/STATUSBAR-PhoneStatusBar(  507): NORMAL_BATTERY
D/PowerUI (  507): getBatteryOnline : battery online file not found
D/BatteryService(  380): update start
D/BatteryService(  380): update start
E/AlarmManagerService(  380): android_server_AlarmManagerService_set to type=3, 93600.000000000
D/BatteryService(  380): update start
V/AlarmManager(  380): waitForAlarm result :8
V/AlarmManager(  380): ClockReceiver onReceive() ACTION_TIME_TICK
W/AlarmManager(  380): FACTORY_ON= 0
E/AlarmManagerService(  380): android_server_AlarmManagerService_set to type=3, 93556.367000000
D/KeyguardUpdateMonitor(  380): received broadcast android.intent.action.TIME_TICK
D/KeyguardUpdateMonitor(  380): handleTimeUpdate
D/STATUSBAR-Clock(  507): onReceive() - ACTION_TIME_TICK
D/BatteryService(  380): level:67 scale:100 status:3 health:2 present:true voltage: 3931 temperature: 280 technology: Li-ion AC powered:false USB powered:false icon:17303167 invalid charger:0
D/KeyguardUpdateMonitor(  380): received broadcast android.intent.action.BATTERY_CHANGED
D/KeyguardUpdateMonitor(  380): handleBatteryUpdate
D/ThermistorObserver(  380): mBatteryBRForAMOLED : onReceive() : newTemperature : 280
V/UiModeManager(  380): updateLocked, mLastBroadcastState =0 , oldAction = null
D/BatteryService(  380): update start
D/STATUSBAR-BatteryController(  507): onReceive() - ACTION_BATTERY_CHANGED
D/STATUSBAR-BatteryController(  507): onReceive() - level:67
D/STATUSBAR-BatteryController(  507): onReceive() - plugged:0
D/STATUSBAR-BatteryController(  507): onReceive() - BATTERY_STATUS_DISCHARGING: stat_sys_battery
D/STATUSBAR-PhoneStatusBar(  507): ACTION_BATTERY_CHANGED
D/STATUSBAR-PhoneStatusBar(  507): NORMAL_BATTERY
D/PowerUI (  507): getBatteryOnline : battery online file not found
D/BatteryService(  380): update start
D/BatteryService(  380): update start
D/ClockWidget(  380): refreshTime()
D/ClockWidget(  380): TTS Message = It is 23 13, Monday, 22 June
E/AlarmManagerService(  380): android_server_AlarmManagerService_set to type=3, 93600.000000000
D/BatteryService(  380): update start
V/AlarmManager(  380): waitForAlarm result :8
V/AlarmManager(  380): ClockReceiver onReceive() ACTION_TIME_TICK
W/AlarmManager(  380): FACTORY_ON= 0
D/KeyguardUpdateMonitor(  380): received broadcast android.intent.action.TIME_TICK
D/KeyguardUpdateMonitor(  380): handleTimeUpdate
D/STATUSBAR-Clock(  507): onReceive() - ACTION_TIME_TICK
D/BatteryService(  380): level:67 scale:100 status:3 health:2 present:true voltage: 3967 temperature: 280 technology: Li-ion AC powered:false USB powered:false icon:17303167 invalid charger:0
D/KeyguardUpdateMonitor(  380): received broadcast android.intent.action.BATTERY_CHANGED
D/KeyguardUpdateMonitor(  380): handleBatteryUpdate
D/ThermistorObserver(  380): mBatteryBRForAMOLED : onReceive() : newTemperature : 280
V/UiModeManager(  380): updateLocked, mLastBroadcastState =0 , oldAction = null
D/BatteryService(  380): update start
D/BatteryService(  380): level:67 scale:100 status:3 health:2 present:true voltage: 3922 temperature: 280 technology: Li-ion AC powered:false USB powered:false icon:17303167 invalid charger:0
D/KeyguardUpdateMonitor(  380): received broadcast android.intent.action.BATTERY_CHANGED
D/KeyguardUpdateMonitor(  380): handleBatteryUpdate
D/ThermistorObserver(  380): mBatteryBRForAMOLED : onReceive() : newTemperature : 280
V/UiModeManager(  380): updateLocked, mLastBroadcastState =0 , oldAction = null
D/BatteryService(  380): update start
D/BatteryService(  380): update start
D/STATUSBAR-BatteryController(  507): onReceive() - ACTION_BATTERY_CHANGED
D/STATUSBAR-BatteryController(  507): onReceive() - level:67
D/STATUSBAR-BatteryController(  507): onReceive() - plugged:0
D/STATUSBAR-BatteryController(  507): onReceive() - BATTERY_STATUS_DISCHARGING: stat_sys_battery
D/STATUSBAR-PhoneStatusBar(  507): ACTION_BATTERY_CHANGED
D/STATUSBAR-PhoneStatusBar(  507): NORMAL_BATTERY
D/PowerUI (  507): getBatteryOnline : battery online file not found
D/STATUSBAR-BatteryController(  507): onReceive() - ACTION_BATTERY_CHANGED
D/STATUSBAR-BatteryController(  507): onReceive() - level:67
D/STATUSBAR-BatteryController(  507): onReceive() - plugged:0
D/STATUSBAR-BatteryController(  507): onReceive() - BATTERY_STATUS_DISCHARGING: stat_sys_battery
D/STATUSBAR-PhoneStatusBar(  507): ACTION_BATTERY_CHANGED
D/STATUSBAR-PhoneStatusBar(  507): NORMAL_BATTERY
D/PowerUI (  507): getBatteryOnline : battery online file not found
D/ClockWidget(  380): refreshTime()
D/ClockWidget(  380): TTS Message = It is 23 14, Monday, 22 June
E/AlarmManagerService(  380): android_server_AlarmManagerService_set to type=2, 94075.312000000
V/AlarmManager(  380): waitForAlarm result :4
E/AlarmManagerService(  380): android_server_AlarmManagerService_set to type=2, 93627.205000000
W/AlarmManager(  380): FACTORY_ON= 0
W/AlarmManager(  380): FACTORY_ON= 0
D/GCM     (  810): Message class com.google.f.a.a.i
E/AlarmManagerService(  380): android_server_AlarmManagerService_set to type=2, 93807.321000000
D/ConnectivityService(  380): reportNetworkCondition(1, 100)
D/ConnectivityService(  380): handleInetConditionChange: net=1, condition=100,mActiveDefaultNetwork=1
D/ConnectivityService(  380): handleInetConditionChange: starting a change hold
W/AlarmManager(  380): FACTORY_ON= 0
W/AlarmManager(  380): FACTORY_ON= 0
W/SignalStrength(  507): getGsmLevel. this.mGsmSignalBar=4, getGsmSignalStrength()== 20
W/SignalStrength(  507): getGsmLevel=4
W/SignalStrength(  507): getLevel=4 (SignalStrength: 20 255 -120 -160 -120 -1 -1 99 2147483647 -32767 2147483647 -32767 gsm|lte 4)
W/SignalStrength(  507): getGsmLevel. this.mGsmSignalBar=4, getGsmSignalStrength()== 20
W/SignalStrength(  507): getGsmLevel=4
W/SignalStrength(  507): getLevel=4 (SignalStrength: 20 255 -120 -160 -120 -1 -1 99 2147483647 -32767 2147483647 -32767 gsm|lte 4)
D/ConnectivityService(  380): handleInetConditionHoldEnd: net=1, condition=100, published condition=100
D/ConnectivityService(  380): sendStickyBroadcast: action=android.net.conn.INET_CONDITION_ACTION
D/TWStatusBar-NetworkControllerDS(  507): onReceive() - CONNECTIVITY_ACTION, INET_CONDITION_ACTION
D/StatusBar-NetworkControllerDS(  507): isDualSIM : SimState = 0, SimState2 = 0
D/StatusBar-NetworkControllerDS(  507): isDualSIM : SimState = 0, SimState2 = 0
D/StatusBar-NetworkControllerDS(  507): refreshViews connected={ wifi } level=4|?? combinedSignalIconId=0x7f0200ef/com.android.systemui:drawable/stat_sys_wifi_signal_4 combinedActivityIconId=0x7f0200d9 mAirplaneMode=false mDataActivity1=0 mDataActivity2=0 mPhoneSignalIconId1=0x7f0200cf mPhoneSignalIconId2=0x0 mLastPhoneSignalIconId1=0x7f0200cf mLastPhoneSignalIconId2=0x0 mDataDirectionIconId1=0x7f0200bf mDataDirectionIconId2=0x7f0200bf mDataSignalIconId1=0x7f0200cf mDataSignalIconId2=0x0 mDataTypeIconId1=0x0 mDataTypeIconId2=0x0 mWifiIconId=0x7f0200ef mRoamingIconId1=0x0 mRoamingIconId2=0x0 mBluetoothTetherIconId=0x10806ce
D/SignalClusterView(  507): wifi: VISIBLE sig=2130837743 act=2130837721
D/SignalClusterView(  507): mobile1: VISIBLE sig=2130837711 act=0 typ=0
D/SignalClusterView(  507): mobile2: VISIBLE sig=0 act=0 typ=0
D/SignalClusterView(  507): wifi: VISIBLE sig=2130837743 act=2130837721
D/SignalClusterView(  507): mobile1: VISIBLE sig=2130837711 act=0 typ=0
D/SignalClusterView(  507): mobile2: VISIBLE sig=0 act=0 typ=0
D/SignalClusterView(  507): wifi: VISIBLE sig=2130837743 act=2130837721
D/SignalClusterView(  507): mobile1: VISIBLE sig=2130837711 act=0 typ=0
D/SignalClusterView(  507): mobile2: VISIBLE sig=0 act=0 typ=0
D/BatteryService(  380): update start
D/KeyguardUpdateMonitor(  380): received broadcast android.intent.action.BATTERY_CHANGED
D/KeyguardUpdateMonitor(  380): handleBatteryUpdate
D/BatteryService(  380): level:67 scale:100 status:3 health:2 present:true voltage: 3908 temperature: 280 technology: Li-ion AC powered:false USB powered:false icon:17303167 invalid charger:0
D/ThermistorObserver(  380): mBatteryBRForAMOLED : onReceive() : newTemperature : 280
V/UiModeManager(  380): updateLocked, mLastBroadcastState =0 , oldAction = null
D/STATUSBAR-BatteryController(  507): onReceive() - ACTION_BATTERY_CHANGED
D/STATUSBAR-BatteryController(  507): onReceive() - level:67
D/STATUSBAR-BatteryController(  507): onReceive() - plugged:0
D/STATUSBAR-BatteryController(  507): onReceive() - BATTERY_STATUS_DISCHARGING: stat_sys_battery
D/STATUSBAR-PhoneStatusBar(  507): ACTION_BATTERY_CHANGED
D/STATUSBAR-PhoneStatusBar(  507): NORMAL_BATTERY
D/PowerUI (  507): getBatteryOnline : battery online file not found
D/BatteryService(  380): update start
D/BatteryService(  380): update start
D/BatteryService(  380): update start
D/BatteryService(  380): update start
V/AlarmManager(  380): waitForAlarm result :8
E/AlarmManagerService(  380): android_server_AlarmManagerService_set to type=3, 93774.987000000
D/BatteryService(  380): level:67 scale:100 status:3 health:2 present:true voltage: 3968 temperature: 280 technology: Li-ion AC powered:false USB powered:false icon:17303167 invalid charger:0
D/BatteryService(  380): update start
D/STATUSBAR-BatteryController(  507): onReceive() - ACTION_BATTERY_CHANGED
D/STATUSBAR-BatteryController(  507): onReceive() - level:67
D/STATUSBAR-BatteryController(  507): onReceive() - plugged:0
D/STATUSBAR-BatteryController(  507): onReceive() - BATTERY_STATUS_DISCHARGING: stat_sys_battery
D/STATUSBAR-PhoneStatusBar(  507): ACTION_BATTERY_CHANGED
D/STATUSBAR-PhoneStatusBar(  507): NORMAL_BATTERY
D/PowerUI (  507): getBatteryOnline : battery online file not found
D/KeyguardUpdateMonitor(  380): received broadcast android.intent.action.BATTERY_CHANGED
D/KeyguardUpdateMonitor(  380): handleBatteryUpdate
D/ThermistorObserver(  380): mBatteryBRForAMOLED : onReceive() : newTemperature : 280
V/UiModeManager(  380): updateLocked, mLastBroadcastState =0 , oldAction = null
D/BatteryService(  380): update start
D/BatteryService(  380): update start
E/AlarmManagerService(  380): android_server_AlarmManagerService_set to type=3, 93676.367000000
D/KeyguardUpdateMonitor(  380): received broadcast android.intent.action.TIME_TICK
D/KeyguardUpdateMonitor(  380): handleTimeUpdate
V/AlarmManager(  380): ClockReceiver onReceive() ACTION_TIME_TICK
W/AlarmManager(  380): FACTORY_ON= 0
D/STATUSBAR-Clock(  507): onReceive() - ACTION_TIME_TICK
D/ClockWidget(  380): refreshTime()
D/ClockWidget(  380): TTS Message = It is 23 15, Monday, 22 June
D/BatteryService(  380): update start
V/AlarmManager(  380): waitForAlarm result :8
